2024-07-19T22:29:55.279115+00:00 serverenterprise sshd[3426]: pam_unix(sshd:auth): check pass; user unknown
2024-07-19T22:29:55.279273+00:00 serverenterprise sshd[3426]: pam_unix(sshd:auth): authentication failure; logname= uid=0 euid=0 tty=ssh ruser= rhost=36.103.234.60 
2024-07-19T22:29:55.742715+00:00 serverenterprise sshd[3424]: Received disconnect from 43.155.135.5 port 48622:11: Bye Bye [preauth]
2024-07-19T22:29:55.742850+00:00 serverenterprise sshd[3424]: Disconnected from invalid user test 43.155.135.5 port 48622 [preauth]
2024-07-19T22:29:57.237881+00:00 serverenterprise sshd[3426]: Failed password for invalid user db from 36.103.234.60 port 41520 ssh2
2024-07-19T22:29:57.458889+00:00 serverenterprise sshd[3430]: pam_unix(sshd:auth): authentication failure; logname= uid=0 euid=0 tty=ssh ruser= rhost=68.183.119.215  user=root
2024-07-19T22:29:57.764121+00:00 serverenterprise sshd[3428]: Invalid user user1 from 43.154.151.93 port 55898
2024-07-19T22:29:57.767650+00:00 serverenterprise sshd[3428]: pam_unix(sshd:auth): check pass; user unknown
2024-07-19T22:29:57.767900+00:00 serverenterprise sshd[3428]: pam_unix(sshd:auth): authentication failure; logname= uid=0 euid=0 tty=ssh ruser= rhost=43.154.151.93 
2024-07-19T22:29:59.085346+00:00 serverenterprise sshd[3432]: Invalid user user from 220.80.223.144 port 37018
2024-07-19T22:29:59.088792+00:00 serverenterprise sshd[3432]: pam_unix(sshd:auth): check pass; user unknown
2024-07-19T22:29:59.088944+00:00 serverenterprise sshd[3432]: pam_unix(sshd:auth): authentication failure; logname= uid=0 euid=0 tty=ssh ruser= rhost=220.80.223.144 
2024-07-19T22:29:59.448224+00:00 serverenterprise sshd[3433]: pam_unix(sshd:auth): authentication failure; logname= uid=0 euid=0 tty=ssh ruser= rhost=43.133.154.235  user=root
2024-07-19T22:29:59.450667+00:00 serverenterprise sshd[3426]: Received disconnect from 36.103.234.60 port 41520:11: Bye Bye [preauth]
2024-07-19T22:29:59.450740+00:00 serverenterprise sshd[3426]: Disconnected from invalid user db 36.103.234.60 port 41520 [preauth]
2024-07-19T22:30:00.024838+00:00 serverenterprise sshd[3430]: Failed password for root from 68.183.119.215 port 50718 ssh2
2024-07-19T22:30:00.333841+00:00 serverenterprise sshd[3428]: Failed password for invalid user user1 from 43.154.151.93 port 55898 ssh2
2024-07-19T22:30:00.904518+00:00 serverenterprise sshd[3430]: Received disconnect from 68.183.119.215 port 50718:11: Bye Bye [preauth]
2024-07-19T22:30:00.904675+00:00 serverenterprise sshd[3430]: Disconnected from authenticating user root 68.183.119.215 port 50718 [preauth]
2024-07-19T22:30:00.928104+00:00 serverenterprise sshd[3432]: Failed password for invalid user user from 220.80.223.144 port 37018 ssh2
2024-07-19T22:30:01.010708+00:00 serverenterprise sshd[3428]: Received disconnect from 43.154.151.93 port 55898:11: Bye Bye [preauth]
2024-07-19T22:30:01.010960+00:00 serverenterprise sshd[3428]: Disconnected from invalid user user1 43.154.151.93 port 55898 [preauth]
2024-07-19T22:30:01.286779+00:00 serverenterprise sshd[3433]: Failed password for root from 43.133.154.235 port 41134 ssh2
2024-07-19T22:30:01.849570+00:00 serverenterprise sshd[3432]: Received disconnect from 220.80.223.144 port 37018:11: Bye Bye [preauth]
2024-07-19T22:30:01.850607+00:00 serverenterprise sshd[3432]: Disconnected from invalid user user 220.80.223.144 port 37018 [preauth]
2024-07-19T22:30:02.095136+00:00 serverenterprise sshd[3439]: Invalid user user01 from 164.138.103.24 port 57038
2024-07-19T22:30:02.100964+00:00 serverenterprise sshd[3439]: pam_unix(sshd:auth): check pass; user unknown
2024-07-19T22:30:02.101128+00:00 serverenterprise sshd[3439]: pam_unix(sshd:auth): authentication failure; logname= uid=0 euid=0 tty=ssh ruser= rhost=164.138.103.24 
2024-07-19T22:30:03.162989+00:00 serverenterprise sshd[3433]: Received disconnect from 43.133.154.235 port 41134:11: Bye Bye [preauth]
2024-07-19T22:30:03.163176+00:00 serverenterprise sshd[3433]: Disconnected from authenticating user root 43.133.154.235 port 41134 [preauth]
2024-07-19T22:30:04.351253+00:00 serverenterprise sshd[3439]: Failed password for invalid user user01 from 164.138.103.24 port 57038 ssh2
2024-07-19T22:30:06.662551+00:00 serverenterprise sshd[3439]: Received disconnect from 164.138.103.24 port 57038:11: Bye Bye [preauth]
2024-07-19T22:30:06.662681+00:00 serverenterprise sshd[3439]: Disconnected from invalid user user01 164.138.103.24 port 57038 [preauth]
2024-07-19T22:30:09.371213+00:00 serverenterprise sshd[3443]: Invalid user user03 from 91.103.253.62 port 53560
2024-07-19T22:30:09.377507+00:00 serverenterprise sshd[3443]: pam_unix(sshd:auth): check pass; user unknown
2024-07-19T22:30:09.377977+00:00 serverenterprise sshd[3443]: pam_unix(sshd:auth): authentication failure; logname= uid=0 euid=0 tty=ssh ruser= rhost=91.103.253.62 
2024-07-19T22:30:09.766912+00:00 serverenterprise sshd[3441]: pam_unix(sshd:auth): authentication failure; logname= uid=0 euid=0 tty=ssh ruser= rhost=223.240.105.90  user=root
2024-07-19T22:30:11.751971+00:00 serverenterprise sshd[3447]: pam_unix(sshd:auth): authentication failure; logname= uid=0 euid=0 tty=ssh ruser= rhost=178.185.206.179  user=root
2024-07-19T22:30:11.826325+00:00 serverenterprise sshd[3445]: pam_unix(sshd:auth): authentication failure; logname= uid=0 euid=0 tty=ssh ruser= rhost=103.163.118.84  user=root
2024-07-19T22:30:11.924464+00:00 serverenterprise sshd[3443]: Failed password for invalid user user03 from 91.103.253.62 port 53560 ssh2
2024-07-19T22:30:12.313459+00:00 serverenterprise sshd[3441]: Failed password for root from 223.240.105.90 port 60964 ssh2
2024-07-19T22:30:12.817694+00:00 serverenterprise sshd[3443]: Received disconnect from 91.103.253.62 port 53560:11: Bye Bye [preauth]
2024-07-19T22:30:12.817862+00:00 serverenterprise sshd[3443]: Disconnected from invalid user user03 91.103.253.62 port 53560 [preauth]
2024-07-19T22:30:13.416086+00:00 serverenterprise sshd[3441]: Received disconnect from 223.240.105.90 port 60964:11: Bye Bye [preauth]
2024-07-19T22:30:13.416330+00:00 serverenterprise sshd[3441]: Disconnected from authenticating user root 223.240.105.90 port 60964 [preauth]
2024-07-19T22:30:13.906973+00:00 serverenterprise sshd[3447]: Failed password for root from 178.185.206.179 port 50054 ssh2
2024-07-19T22:30:13.980680+00:00 serverenterprise sshd[3445]: Failed password for root from 103.163.118.84 port 40214 ssh2
2024-07-19T22:30:15.332924+00:00 serverenterprise sshd[3447]: Received disconnect from 178.185.206.179 port 50054:11: Bye Bye [preauth]
2024-07-19T22:30:15.333074+00:00 serverenterprise sshd[3447]: Disconnected from authenticating user root 178.185.206.179 port 50054 [preauth]
2024-07-19T22:30:15.585344+00:00 serverenterprise sshd[3445]: Received disconnect from 103.163.118.84 port 40214:11: Bye Bye [preauth]
2024-07-19T22:30:15.586639+00:00 serverenterprise sshd[3445]: Disconnected from authenticating user root 103.163.118.84 port 40214 [preauth]
2024-07-19T22:30:19.764313+00:00 serverenterprise sshd[3451]: Invalid user testftp from 170.83.79.31 port 55396
2024-07-19T22:30:19.768198+00:00 serverenterprise sshd[3451]: pam_unix(sshd:auth): check pass; user unknown
2024-07-19T22:30:19.768380+00:00 serverenterprise sshd[3451]: pam_unix(sshd:auth): authentication failure; logname= uid=0 euid=0 tty=ssh ruser= rhost=170.83.79.31 
2024-07-19T22:30:20.404681+00:00 serverenterprise sshd[3449]: Invalid user deploy from 27.150.26.228 port 46432
2024-07-19T22:30:20.409284+00:00 serverenterprise sshd[3449]: pam_unix(sshd:auth): check pass; user unknown
2024-07-19T22:30:20.409509+00:00 serverenterprise sshd[3449]: pam_unix(sshd:auth): authentication failure; logname= uid=0 euid=0 tty=ssh ruser= rhost=27.150.26.228 
2024-07-19T22:30:21.687102+00:00 serverenterprise sshd[3451]: Failed password for invalid user testftp from 170.83.79.31 port 55396 ssh2
2024-07-19T22:30:21.943865+00:00 serverenterprise sshd[3451]: Received disconnect from 170.83.79.31 port 55396:11: Bye Bye [preauth]
2024-07-19T22:30:21.944119+00:00 serverenterprise sshd[3451]: Disconnected from invalid user testftp 170.83.79.31 port 55396 [preauth]
2024-07-19T22:30:22.799639+00:00 serverenterprise sshd[3449]: Failed password for invalid user deploy from 27.150.26.228 port 46432 ssh2
2024-07-19T22:30:23.676057+00:00 serverenterprise sshd[3453]: Invalid user user03 from 103.144.245.170 port 57298
2024-07-19T22:30:23.680756+00:00 serverenterprise sshd[3453]: pam_unix(sshd:auth): check pass; user unknown
2024-07-19T22:30:23.680875+00:00 serverenterprise sshd[3453]: pam_unix(sshd:auth): authentication failure; logname= uid=0 euid=0 tty=ssh ruser= rhost=103.144.245.170 
2024-07-19T22:30:24.734719+00:00 serverenterprise sshd[3449]: Received disconnect from 27.150.26.228 port 46432:11: Bye Bye [preauth]
2024-07-19T22:30:24.734841+00:00 serverenterprise sshd[3449]: Disconnected from invalid user deploy 27.150.26.228 port 46432 [preauth]
2024-07-19T22:30:25.815353+00:00 serverenterprise sshd[3453]: Failed password for invalid user user03 from 103.144.245.170 port 57298 ssh2
2024-07-19T22:30:26.197273+00:00 serverenterprise sshd[3455]: pam_unix(sshd:auth): authentication failure; logname= uid=0 euid=0 tty=ssh ruser= rhost=36.103.234.60  user=root
2024-07-19T22:30:26.786310+00:00 serverenterprise sshd[3457]: pam_unix(sshd:auth): authentication failure; logname= uid=0 euid=0 tty=ssh ruser= rhost=43.129.158.215  user=root
2024-07-19T22:30:27.104844+00:00 serverenterprise sshd[3453]: Received disconnect from 103.144.245.170 port 57298:11: Bye Bye [preauth]
2024-07-19T22:30:27.104977+00:00 serverenterprise sshd[3453]: Disconnected from invalid user user03 103.144.245.170 port 57298 [preauth]
2024-07-19T22:30:28.075704+00:00 serverenterprise sshd[3455]: Failed password for root from 36.103.234.60 port 47880 ssh2
2024-07-19T22:30:28.664973+00:00 serverenterprise sshd[3457]: Failed password for root from 43.129.158.215 port 57014 ssh2
2024-07-19T22:30:29.264065+00:00 serverenterprise sshd[3459]: pam_unix(sshd:auth): authentication failure; logname= uid=0 euid=0 tty=ssh ruser= rhost=120.48.53.82  user=root
2024-07-19T22:30:29.909834+00:00 serverenterprise sshd[3455]: Received disconnect from 36.103.234.60 port 47880:11: Bye Bye [preauth]
2024-07-19T22:30:29.909977+00:00 serverenterprise sshd[3455]: Disconnected from authenticating user root 36.103.234.60 port 47880 [preauth]
2024-07-19T22:30:30.443985+00:00 serverenterprise sshd[3457]: Received disconnect from 43.129.158.215 port 57014:11: Bye Bye [preauth]
2024-07-19T22:30:30.445516+00:00 serverenterprise sshd[3457]: Disconnected from authenticating user root 43.129.158.215 port 57014 [preauth]
2024-07-19T22:30:31.222827+00:00 serverenterprise sshd[3459]: Failed password for root from 120.48.53.82 port 47402 ssh2
2024-07-19T22:30:32.423771+00:00 serverenterprise sshd[3461]: pam_unix(sshd:auth): authentication failure; logname= uid=0 euid=0 tty=ssh ruser= rhost=139.59.68.182  user=root
2024-07-19T22:30:32.945785+00:00 serverenterprise sshd[3459]: Received disconnect from 120.48.53.82 port 47402:11: Bye Bye [preauth]
2024-07-19T22:30:32.945932+00:00 serverenterprise sshd[3459]: Disconnected from authenticating user root 120.48.53.82 port 47402 [preauth]
2024-07-19T22:30:34.793819+00:00 serverenterprise sshd[3461]: Failed password for root from 139.59.68.182 port 39484 ssh2
2024-07-19T22:30:36.118379+00:00 serverenterprise sshd[3461]: Received disconnect from 139.59.68.182 port 39484:11: Bye Bye [preauth]
2024-07-19T22:30:36.118563+00:00 serverenterprise sshd[3461]: Disconnected from authenticating user root 139.59.68.182 port 39484 [preauth]
2024-07-19T22:30:37.115060+00:00 serverenterprise sshd[3463]: pam_unix(sshd:auth): authentication failure; logname= uid=0 euid=0 tty=ssh ruser= rhost=14.63.217.28  user=root
2024-07-19T22:30:38.174023+00:00 serverenterprise sshd[3465]: pam_unix(sshd:auth): authentication failure; logname= uid=0 euid=0 tty=ssh ruser= rhost=223.240.105.90  user=root
2024-07-19T22:30:39.169309+00:00 serverenterprise sshd[3463]: Failed password for root from 14.63.217.28 port 44216 ssh2
2024-07-19T22:30:40.032642+00:00 serverenterprise sshd[3465]: Failed password for root from 223.240.105.90 port 36177 ssh2
2024-07-19T22:30:40.770853+00:00 serverenterprise sshd[3463]: Received disconnect from 14.63.217.28 port 44216:11: Bye Bye [preauth]
2024-07-19T22:30:40.771061+00:00 serverenterprise sshd[3463]: Disconnected from authenticating user root 14.63.217.28 port 44216 [preauth]
2024-07-19T22:30:40.863799+00:00 serverenterprise sshd[3467]: pam_unix(sshd:auth): authentication failure; logname= uid=0 euid=0 tty=ssh ruser= rhost=68.183.119.215  user=root
2024-07-19T22:30:41.819930+00:00 serverenterprise sshd[3465]: Received disconnect from 223.240.105.90 port 36177:11: Bye Bye [preauth]
2024-07-19T22:30:41.820064+00:00 serverenterprise sshd[3465]: Disconnected from authenticating user root 223.240.105.90 port 36177 [preauth]
2024-07-19T22:30:42.998135+00:00 serverenterprise sshd[3467]: Failed password for root from 68.183.119.215 port 36806 ssh2
2024-07-19T22:30:44.309745+00:00 serverenterprise sshd[3467]: Received disconnect from 68.183.119.215 port 36806:11: Bye Bye [preauth]
2024-07-19T22:30:44.309988+00:00 serverenterprise sshd[3467]: Disconnected from authenticating user root 68.183.119.215 port 36806 [preauth]
2024-07-19T22:30:44.634114+00:00 serverenterprise sshd[3469]: Invalid user user from 164.138.103.24 port 36746
2024-07-19T22:30:44.639036+00:00 serverenterprise sshd[3469]: pam_unix(sshd:auth): check pass; user unknown
2024-07-19T22:30:44.639275+00:00 serverenterprise sshd[3469]: pam_unix(sshd:auth): authentication failure; logname= uid=0 euid=0 tty=ssh ruser= rhost=164.138.103.24 
2024-07-19T22:30:46.989876+00:00 serverenterprise sshd[3469]: Failed password for invalid user user from 164.138.103.24 port 36746 ssh2
2024-07-19T22:30:47.239897+00:00 serverenterprise sshd[3471]: pam_unix(sshd:auth): authentication failure; logname= uid=0 euid=0 tty=ssh ruser= rhost=220.80.223.144  user=root
2024-07-19T22:30:47.323105+00:00 serverenterprise sshd[3469]: Received disconnect from 164.138.103.24 port 36746:11: Bye Bye [preauth]
2024-07-19T22:30:47.323221+00:00 serverenterprise sshd[3469]: Disconnected from invalid user user 164.138.103.24 port 36746 [preauth]
2024-07-19T22:30:48.735486+00:00 serverenterprise sshd[3473]: Invalid user admin from 27.150.26.228 port 53742
2024-07-19T22:30:48.738133+00:00 serverenterprise sshd[3473]: pam_unix(sshd:auth): check pass; user unknown
2024-07-19T22:30:48.738402+00:00 serverenterprise sshd[3473]: pam_unix(sshd:auth): authentication failure; logname= uid=0 euid=0 tty=ssh ruser= rhost=27.150.26.228 
2024-07-19T22:30:48.881058+00:00 serverenterprise sshd[3475]: Invalid user ubuntu from 43.154.151.93 port 42236
2024-07-19T22:30:48.884076+00:00 serverenterprise sshd[3475]: pam_unix(sshd:auth): check pass; user unknown
2024-07-19T22:30:48.884385+00:00 serverenterprise sshd[3475]: pam_unix(sshd:auth): authentication failure; logname= uid=0 euid=0 tty=ssh ruser= rhost=43.154.151.93 
2024-07-19T22:30:50.001598+00:00 serverenterprise sshd[3471]: Failed password for root from 220.80.223.144 port 57462 ssh2
2024-07-19T22:30:50.637531+00:00 serverenterprise sshd[3473]: Failed password for invalid user admin from 27.150.26.228 port 53742 ssh2
2024-07-19T22:30:50.783394+00:00 serverenterprise sshd[3475]: Failed password for invalid user ubuntu from 43.154.151.93 port 42236 ssh2
2024-07-19T22:30:50.884651+00:00 serverenterprise sshd[3471]: Received disconnect from 220.80.223.144 port 57462:11: Bye Bye [preauth]
2024-07-19T22:30:50.884789+00:00 serverenterprise sshd[3471]: Disconnected from authenticating user root 220.80.223.144 port 57462 [preauth]
2024-07-19T22:30:51.401517+00:00 serverenterprise sshd[3475]: Received disconnect from 43.154.151.93 port 42236:11: Bye Bye [preauth]
2024-07-19T22:30:51.401673+00:00 serverenterprise sshd[3475]: Disconnected from invalid user ubuntu 43.154.151.93 port 42236 [preauth]
2024-07-19T22:30:51.630129+00:00 serverenterprise sshd[3473]: Received disconnect from 27.150.26.228 port 53742:11: Bye Bye [preauth]
2024-07-19T22:30:51.630391+00:00 serverenterprise sshd[3473]: Disconnected from invalid user admin 27.150.26.228 port 53742 [preauth]
2024-07-19T22:30:52.230629+00:00 serverenterprise sshd[3477]: Invalid user ansible from 91.103.253.62 port 47486
2024-07-19T22:30:52.234106+00:00 serverenterprise sshd[3477]: pam_unix(sshd:auth): check pass; user unknown
2024-07-19T22:30:52.234254+00:00 serverenterprise sshd[3477]: pam_unix(sshd:auth): authentication failure; logname= uid=0 euid=0 tty=ssh ruser= rhost=91.103.253.62 
2024-07-19T22:30:53.009193+00:00 serverenterprise sshd[3481]: pam_unix(sshd:auth): authentication failure; logname= uid=0 euid=0 tty=ssh ruser= rhost=170.83.79.29  user=root
2024-07-19T22:30:53.424886+00:00 serverenterprise sshd[3479]: pam_unix(sshd:auth): authentication failure; logname= uid=0 euid=0 tty=ssh ruser= rhost=43.155.135.5  user=root
2024-07-19T22:30:54.017400+00:00 serverenterprise sshd[3477]: Failed password for invalid user ansible from 91.103.253.62 port 47486 ssh2
2024-07-19T22:30:54.566515+00:00 serverenterprise sshd[3477]: Received disconnect from 91.103.253.62 port 47486:11: Bye Bye [preauth]
2024-07-19T22:30:54.566642+00:00 serverenterprise sshd[3477]: Disconnected from invalid user ansible 91.103.253.62 port 47486 [preauth]
2024-07-19T22:30:55.279966+00:00 serverenterprise sshd[3483]: Invalid user test01 from 43.133.154.235 port 21903
2024-07-19T22:30:55.285026+00:00 serverenterprise sshd[3483]: pam_unix(sshd:auth): check pass; user unknown
2024-07-19T22:30:55.285219+00:00 serverenterprise sshd[3483]: pam_unix(sshd:auth): authentication failure; logname= uid=0 euid=0 tty=ssh ruser= rhost=43.133.154.235 
2024-07-19T22:30:55.595454+00:00 serverenterprise sshd[3481]: Failed password for root from 170.83.79.29 port 38520 ssh2
2024-07-19T22:30:55.843701+00:00 serverenterprise sshd[3485]: Invalid user test from 36.103.234.60 port 54238
2024-07-19T22:30:55.846964+00:00 serverenterprise sshd[3485]: pam_unix(sshd:auth): check pass; user unknown
2024-07-19T22:30:55.847183+00:00 serverenterprise sshd[3485]: pam_unix(sshd:auth): authentication failure; logname= uid=0 euid=0 tty=ssh ruser= rhost=36.103.234.60 
2024-07-19T22:30:55.922614+00:00 serverenterprise sshd[3487]: Invalid user etc from 91.92.245.92 port 49250
2024-07-19T22:30:56.004981+00:00 serverenterprise sshd[3487]: pam_unix(sshd:auth): check pass; user unknown
2024-07-19T22:30:56.005249+00:00 serverenterprise sshd[3487]: pam_unix(sshd:auth): authentication failure; logname= uid=0 euid=0 tty=ssh ruser= rhost=91.92.245.92 
2024-07-19T22:30:56.010753+00:00 serverenterprise sshd[3479]: Failed password for root from 43.155.135.5 port 34878 ssh2
2024-07-19T22:30:56.500650+00:00 serverenterprise sshd[3481]: Received disconnect from 170.83.79.29 port 38520:11: Bye Bye [preauth]
2024-07-19T22:30:56.500802+00:00 serverenterprise sshd[3481]: Disconnected from authenticating user root 170.83.79.29 port 38520 [preauth]
2024-07-19T22:30:57.071955+00:00 serverenterprise sshd[3479]: Received disconnect from 43.155.135.5 port 34878:11: Bye Bye [preauth]
2024-07-19T22:30:57.072099+00:00 serverenterprise sshd[3479]: Disconnected from authenticating user root 43.155.135.5 port 34878 [preauth]
2024-07-19T22:30:57.479945+00:00 serverenterprise sshd[3483]: Failed password for invalid user test01 from 43.133.154.235 port 21903 ssh2
2024-07-19T22:30:58.041400+00:00 serverenterprise sshd[3485]: Failed password for invalid user test from 36.103.234.60 port 54238 ssh2
2024-07-19T22:30:58.335626+00:00 serverenterprise sshd[3487]: Failed password for invalid user etc from 91.92.245.92 port 49250 ssh2
2024-07-19T22:30:59.112741+00:00 serverenterprise sshd[3483]: Received disconnect from 43.133.154.235 port 21903:11: Bye Bye [preauth]
2024-07-19T22:30:59.112903+00:00 serverenterprise sshd[3483]: Disconnected from invalid user test01 43.133.154.235 port 21903 [preauth]
2024-07-19T22:30:59.202534+00:00 serverenterprise sshd[3487]: Connection closed by invalid user etc 91.92.245.92 port 49250 [preauth]
2024-07-19T22:31:00.172005+00:00 serverenterprise sshd[3485]: Received disconnect from 36.103.234.60 port 54238:11: Bye Bye [preauth]
2024-07-19T22:31:00.172171+00:00 serverenterprise sshd[3485]: Disconnected from invalid user test 36.103.234.60 port 54238 [preauth]
2024-07-19T22:31:05.164967+00:00 serverenterprise sshd[3489]: pam_unix(sshd:auth): authentication failure; logname= uid=0 euid=0 tty=ssh ruser= rhost=223.240.105.90  user=root
2024-07-19T22:31:07.520685+00:00 serverenterprise sshd[3493]: pam_unix(sshd:auth): authentication failure; logname= uid=0 euid=0 tty=ssh ruser= rhost=103.144.245.170  user=root
2024-07-19T22:31:07.662339+00:00 serverenterprise sshd[3491]: Invalid user devops from 103.163.118.84 port 47488
2024-07-19T22:31:07.666155+00:00 serverenterprise sshd[3491]: pam_unix(sshd:auth): check pass; user unknown
2024-07-19T22:31:07.666507+00:00 serverenterprise sshd[3491]: pam_unix(sshd:auth): authentication failure; logname= uid=0 euid=0 tty=ssh ruser= rhost=103.163.118.84 
2024-07-19T22:31:08.066888+00:00 serverenterprise sshd[3489]: Failed password for root from 223.240.105.90 port 39622 ssh2
2024-07-19T22:31:08.814504+00:00 serverenterprise sshd[3489]: Received disconnect from 223.240.105.90 port 39622:11: Bye Bye [preauth]
2024-07-19T22:31:08.814644+00:00 serverenterprise sshd[3489]: Disconnected from authenticating user root 223.240.105.90 port 39622 [preauth]
2024-07-19T22:31:09.695129+00:00 serverenterprise sshd[3493]: Failed password for root from 103.144.245.170 port 43622 ssh2
2024-07-19T22:31:09.841118+00:00 serverenterprise sshd[3491]: Failed password for invalid user devops from 103.163.118.84 port 47488 ssh2
2024-07-19T22:31:10.807388+00:00 serverenterprise sshd[3495]: pam_unix(sshd:auth): authentication failure; logname= uid=0 euid=0 tty=ssh ruser= rhost=120.48.53.82  user=root
2024-07-19T22:31:10.980924+00:00 serverenterprise sshd[3491]: Received disconnect from 103.163.118.84 port 47488:11: Bye Bye [preauth]
2024-07-19T22:31:10.981030+00:00 serverenterprise sshd[3491]: Disconnected from invalid user devops 103.163.118.84 port 47488 [preauth]
2024-07-19T22:31:11.040354+00:00 serverenterprise sshd[3493]: Received disconnect from 103.144.245.170 port 43622:11: Bye Bye [preauth]
2024-07-19T22:31:11.040500+00:00 serverenterprise sshd[3493]: Disconnected from authenticating user root 103.144.245.170 port 43622 [preauth]
2024-07-19T22:31:13.393317+00:00 serverenterprise sshd[3495]: Failed password for root from 120.48.53.82 port 57498 ssh2
2024-07-19T22:31:14.500986+00:00 serverenterprise sshd[3495]: Received disconnect from 120.48.53.82 port 57498:11: Bye Bye [preauth]
2024-07-19T22:31:14.502605+00:00 serverenterprise sshd[3495]: Disconnected from authenticating user root 120.48.53.82 port 57498 [preauth]
2024-07-19T22:31:15.118815+00:00 serverenterprise sshd[3497]: pam_unix(sshd:auth): authentication failure; logname= uid=0 euid=0 tty=ssh ruser= rhost=43.129.158.215  user=root
2024-07-19T22:31:17.057357+00:00 serverenterprise sshd[3497]: Failed password for root from 43.129.158.215 port 43154 ssh2
2024-07-19T22:31:18.771135+00:00 serverenterprise sshd[3497]: Received disconnect from 43.129.158.215 port 43154:11: Bye Bye [preauth]
2024-07-19T22:31:18.771367+00:00 serverenterprise sshd[3497]: Disconnected from authenticating user root 43.129.158.215 port 43154 [preauth]
2024-07-19T22:31:24.068547+00:00 serverenterprise sshd[3499]: pam_unix(sshd:auth): authentication failure; logname= uid=0 euid=0 tty=ssh ruser= rhost=27.150.26.228  user=root
2024-07-19T22:31:24.643956+00:00 serverenterprise sshd[3501]: Invalid user dev from 170.83.79.31 port 44968
2024-07-19T22:31:24.647943+00:00 serverenterprise sshd[3501]: pam_unix(sshd:auth): check pass; user unknown
2024-07-19T22:31:24.648153+00:00 serverenterprise sshd[3501]: pam_unix(sshd:auth): authentication failure; logname= uid=0 euid=0 tty=ssh ruser= rhost=170.83.79.31 
2024-07-19T22:31:25.911378+00:00 serverenterprise sshd[3499]: Failed password for root from 27.150.26.228 port 32828 ssh2
2024-07-19T22:31:26.491277+00:00 serverenterprise sshd[3501]: Failed password for invalid user dev from 170.83.79.31 port 44968 ssh2
2024-07-19T22:31:26.873882+00:00 serverenterprise sshd[3507]: pam_unix(sshd:auth): authentication failure; logname= uid=0 euid=0 tty=ssh ruser= rhost=68.183.119.215  user=root
2024-07-19T22:31:26.906609+00:00 serverenterprise sshd[3501]: Received disconnect from 170.83.79.31 port 44968:11: Bye Bye [preauth]
2024-07-19T22:31:26.906717+00:00 serverenterprise sshd[3501]: Disconnected from invalid user dev 170.83.79.31 port 44968 [preauth]
2024-07-19T22:31:27.167485+00:00 serverenterprise sshd[3505]: Invalid user user21 from 178.185.206.179 port 49560
2024-07-19T22:31:27.171281+00:00 serverenterprise sshd[3505]: pam_unix(sshd:auth): check pass; user unknown
2024-07-19T22:31:27.171536+00:00 serverenterprise sshd[3505]: pam_unix(sshd:auth): authentication failure; logname= uid=0 euid=0 tty=ssh ruser= rhost=178.185.206.179 
2024-07-19T22:31:27.716977+00:00 serverenterprise sshd[3503]: pam_unix(sshd:auth): authentication failure; logname= uid=0 euid=0 tty=ssh ruser= rhost=139.59.68.182  user=root
2024-07-19T22:31:27.726204+00:00 serverenterprise sshd[3499]: Received disconnect from 27.150.26.228 port 32828:11: Bye Bye [preauth]
2024-07-19T22:31:27.726343+00:00 serverenterprise sshd[3499]: Disconnected from authenticating user root 27.150.26.228 port 32828 [preauth]
2024-07-19T22:31:28.559270+00:00 serverenterprise sshd[3509]: pam_unix(sshd:auth): authentication failure; logname= uid=0 euid=0 tty=ssh ruser= rhost=164.138.103.24  user=root
2024-07-19T22:31:28.656836+00:00 serverenterprise sshd[3507]: Failed password for root from 68.183.119.215 port 51128 ssh2
2024-07-19T22:31:28.758995+00:00 serverenterprise sshd[3505]: Failed password for invalid user user21 from 178.185.206.179 port 49560 ssh2
2024-07-19T22:31:28.977564+00:00 serverenterprise sshd[3505]: Received disconnect from 178.185.206.179 port 49560:11: Bye Bye [preauth]
2024-07-19T22:31:28.977662+00:00 serverenterprise sshd[3505]: Disconnected from invalid user user21 178.185.206.179 port 49560 [preauth]
2024-07-19T22:31:29.178365+00:00 serverenterprise sshd[3511]: pam_unix(sshd:auth): authentication failure; logname= uid=0 euid=0 tty=ssh ruser= rhost=36.103.234.60  user=root
2024-07-19T22:31:29.209107+00:00 serverenterprise sshd[3513]: pam_unix(sshd:auth): authentication failure; logname= uid=0 euid=0 tty=ssh ruser= rhost=14.63.217.28  user=root
2024-07-19T22:31:29.304438+00:00 serverenterprise sshd[3503]: Failed password for root from 139.59.68.182 port 60352 ssh2
2024-07-19T22:31:29.688548+00:00 serverenterprise sshd[3503]: Received disconnect from 139.59.68.182 port 60352:11: Bye Bye [preauth]
2024-07-19T22:31:29.688668+00:00 serverenterprise sshd[3503]: Disconnected from authenticating user root 139.59.68.182 port 60352 [preauth]
2024-07-19T22:31:30.318357+00:00 serverenterprise sshd[3507]: Received disconnect from 68.183.119.215 port 51128:11: Bye Bye [preauth]
2024-07-19T22:31:30.318526+00:00 serverenterprise sshd[3507]: Disconnected from authenticating user root 68.183.119.215 port 51128 [preauth]
2024-07-19T22:31:30.949685+00:00 serverenterprise sshd[3509]: Failed password for root from 164.138.103.24 port 55402 ssh2
2024-07-19T22:31:32.040965+00:00 serverenterprise sshd[3511]: Failed password for root from 36.103.234.60 port 60594 ssh2
2024-07-19T22:31:32.071139+00:00 serverenterprise sshd[3513]: Failed password for root from 14.63.217.28 port 58840 ssh2
2024-07-19T22:31:32.126382+00:00 serverenterprise sshd[3509]: Received disconnect from 164.138.103.24 port 55402:11: Bye Bye [preauth]
2024-07-19T22:31:32.126554+00:00 serverenterprise sshd[3509]: Disconnected from authenticating user root 164.138.103.24 port 55402 [preauth]
2024-07-19T22:31:32.858256+00:00 serverenterprise sshd[3513]: Received disconnect from 14.63.217.28 port 58840:11: Bye Bye [preauth]
2024-07-19T22:31:32.858381+00:00 serverenterprise sshd[3513]: Disconnected from authenticating user root 14.63.217.28 port 58840 [preauth]
2024-07-19T22:31:32.869391+00:00 serverenterprise sshd[3511]: Received disconnect from 36.103.234.60 port 60594:11: Bye Bye [preauth]
2024-07-19T22:31:32.869658+00:00 serverenterprise sshd[3511]: Disconnected from authenticating user root 36.103.234.60 port 60594 [preauth]
2024-07-19T22:31:33.770221+00:00 serverenterprise sshd[3515]: pam_unix(sshd:auth): authentication failure; logname= uid=0 euid=0 tty=ssh ruser= rhost=91.103.253.62  user=root
2024-07-19T22:31:35.291083+00:00 serverenterprise sshd[3517]: pam_unix(sshd:auth): authentication failure; logname= uid=0 euid=0 tty=ssh ruser= rhost=220.80.223.144  user=root
2024-07-19T22:31:36.180527+00:00 serverenterprise sshd[3515]: Failed password for root from 91.103.253.62 port 41556 ssh2
2024-07-19T22:31:36.826349+00:00 serverenterprise sshd[3519]: Invalid user alex from 223.240.105.90 port 43067
2024-07-19T22:31:36.830377+00:00 serverenterprise sshd[3519]: pam_unix(sshd:auth): check pass; user unknown
2024-07-19T22:31:36.830770+00:00 serverenterprise sshd[3519]: pam_unix(sshd:auth): authentication failure; logname= uid=0 euid=0 tty=ssh ruser= rhost=223.240.105.90 
2024-07-19T22:31:37.308701+00:00 serverenterprise sshd[3517]: Failed password for root from 220.80.223.144 port 49910 ssh2
2024-07-19T22:31:37.314200+00:00 serverenterprise sshd[3515]: Received disconnect from 91.103.253.62 port 41556:11: Bye Bye [preauth]
2024-07-19T22:31:37.314304+00:00 serverenterprise sshd[3515]: Disconnected from authenticating user root 91.103.253.62 port 41556 [preauth]
2024-07-19T22:31:38.653987+00:00 serverenterprise sshd[3519]: Failed password for invalid user alex from 223.240.105.90 port 43067 ssh2
2024-07-19T22:31:38.936961+00:00 serverenterprise sshd[3517]: Received disconnect from 220.80.223.144 port 49910:11: Bye Bye [preauth]
2024-07-19T22:31:38.937102+00:00 serverenterprise sshd[3517]: Disconnected from authenticating user root 220.80.223.144 port 49910 [preauth]
2024-07-19T22:31:39.036340+00:00 serverenterprise sshd[3519]: Received disconnect from 223.240.105.90 port 43067:11: Bye Bye [preauth]
2024-07-19T22:31:39.036515+00:00 serverenterprise sshd[3519]: Disconnected from invalid user alex 223.240.105.90 port 43067 [preauth]
2024-07-19T22:31:39.783101+00:00 serverenterprise sshd[3521]: Invalid user ansible from 43.154.151.93 port 56798
2024-07-19T22:31:39.786006+00:00 serverenterprise sshd[3521]: pam_unix(sshd:auth): check pass; user unknown
2024-07-19T22:31:39.786205+00:00 serverenterprise sshd[3521]: pam_unix(sshd:auth): authentication failure; logname= uid=0 euid=0 tty=ssh ruser= rhost=43.154.151.93 
2024-07-19T22:31:42.021620+00:00 serverenterprise sshd[3521]: Failed password for invalid user ansible from 43.154.151.93 port 56798 ssh2
2024-07-19T22:31:42.240641+00:00 serverenterprise sshd[3521]: Received disconnect from 43.154.151.93 port 56798:11: Bye Bye [preauth]
2024-07-19T22:31:42.240779+00:00 serverenterprise sshd[3521]: Disconnected from invalid user ansible 43.154.151.93 port 56798 [preauth]
2024-07-19T22:31:50.643146+00:00 serverenterprise sshd[3525]: Invalid user postgres from 103.144.245.170 port 58174
2024-07-19T22:31:50.646867+00:00 serverenterprise sshd[3525]: pam_unix(sshd:auth): check pass; user unknown
2024-07-19T22:31:50.646960+00:00 serverenterprise sshd[3525]: pam_unix(sshd:auth): authentication failure; logname= uid=0 euid=0 tty=ssh ruser= rhost=103.144.245.170 
2024-07-19T22:31:51.281070+00:00 serverenterprise sshd[3523]: Invalid user user from 43.133.154.235 port 11356
2024-07-19T22:31:51.285056+00:00 serverenterprise sshd[3523]: pam_unix(sshd:auth): check pass; user unknown
2024-07-19T22:31:51.285158+00:00 serverenterprise sshd[3523]: pam_unix(sshd:auth): authentication failure; logname= uid=0 euid=0 tty=ssh ruser= rhost=43.133.154.235 
2024-07-19T22:31:51.818174+00:00 serverenterprise sshd[3527]: pam_unix(sshd:auth): authentication failure; logname= uid=0 euid=0 tty=ssh ruser= rhost=120.48.53.82  user=root
2024-07-19T22:31:52.390220+00:00 serverenterprise sshd[3525]: Failed password for invalid user postgres from 103.144.245.170 port 58174 ssh2
2024-07-19T22:31:52.610381+00:00 serverenterprise sshd[3525]: Received disconnect from 103.144.245.170 port 58174:11: Bye Bye [preauth]
2024-07-19T22:31:52.610541+00:00 serverenterprise sshd[3525]: Disconnected from invalid user postgres 103.144.245.170 port 58174 [preauth]
2024-07-19T22:31:53.500007+00:00 serverenterprise sshd[3523]: Failed password for invalid user user from 43.133.154.235 port 11356 ssh2
2024-07-19T22:31:53.725741+00:00 serverenterprise sshd[3529]: Invalid user ubuntu from 27.150.26.228 port 40140
2024-07-19T22:31:53.729347+00:00 serverenterprise sshd[3529]: pam_unix(sshd:auth): check pass; user unknown
2024-07-19T22:31:53.729681+00:00 serverenterprise sshd[3529]: pam_unix(sshd:auth): authentication failure; logname= uid=0 euid=0 tty=ssh ruser= rhost=27.150.26.228 
2024-07-19T22:31:54.033058+00:00 serverenterprise sshd[3527]: Failed password for root from 120.48.53.82 port 39360 ssh2
2024-07-19T22:31:54.102380+00:00 serverenterprise sshd[3523]: Received disconnect from 43.133.154.235 port 11356:11: Bye Bye [preauth]
2024-07-19T22:31:54.102608+00:00 serverenterprise sshd[3523]: Disconnected from invalid user user 43.133.154.235 port 11356 [preauth]
2024-07-19T22:31:54.457181+00:00 serverenterprise sshd[3531]: pam_unix(sshd:auth): authentication failure; logname= uid=0 euid=0 tty=ssh ruser= rhost=43.155.135.5  user=root
2024-07-19T22:31:54.722386+00:00 serverenterprise sshd[3533]: Invalid user elastic from 170.83.79.31 port 35310
2024-07-19T22:31:54.726828+00:00 serverenterprise sshd[3533]: pam_unix(sshd:auth): check pass; user unknown
2024-07-19T22:31:54.727031+00:00 serverenterprise sshd[3533]: pam_unix(sshd:auth): authentication failure; logname= uid=0 euid=0 tty=ssh ruser= rhost=170.83.79.31 
2024-07-19T22:31:55.493345+00:00 serverenterprise sshd[3527]: Received disconnect from 120.48.53.82 port 39360:11: Bye Bye [preauth]
2024-07-19T22:31:55.493534+00:00 serverenterprise sshd[3527]: Disconnected from authenticating user root 120.48.53.82 port 39360 [preauth]
2024-07-19T22:31:56.416824+00:00 serverenterprise sshd[3531]: Failed password for root from 43.155.135.5 port 49372 ssh2
2024-07-19T22:31:56.551644+00:00 serverenterprise sshd[3529]: Failed password for invalid user ubuntu from 27.150.26.228 port 40140 ssh2
2024-07-19T22:31:56.685950+00:00 serverenterprise sshd[3533]: Failed password for invalid user elastic from 170.83.79.31 port 35310 ssh2
2024-07-19T22:31:57.147188+00:00 serverenterprise sshd[3535]: pam_unix(sshd:auth): authentication failure; logname= uid=0 euid=0 tty=ssh ruser= rhost=36.103.234.60  user=root
2024-07-19T22:31:58.103870+00:00 serverenterprise sshd[3531]: Received disconnect from 43.155.135.5 port 49372:11: Bye Bye [preauth]
2024-07-19T22:31:58.104029+00:00 serverenterprise sshd[3531]: Disconnected from authenticating user root 43.155.135.5 port 49372 [preauth]
2024-07-19T22:31:58.280439+00:00 serverenterprise sshd[3533]: Received disconnect from 170.83.79.31 port 35310:11: Bye Bye [preauth]
2024-07-19T22:31:58.282593+00:00 serverenterprise sshd[3533]: Disconnected from invalid user elastic 170.83.79.31 port 35310 [preauth]
2024-07-19T22:31:58.581317+00:00 serverenterprise sshd[3529]: Received disconnect from 27.150.26.228 port 40140:11: Bye Bye [preauth]
2024-07-19T22:31:58.581479+00:00 serverenterprise sshd[3529]: Disconnected from invalid user ubuntu 27.150.26.228 port 40140 [preauth]
2024-07-19T22:31:59.186107+00:00 serverenterprise sshd[3535]: Failed password for root from 36.103.234.60 port 38714 ssh2
2024-07-19T22:32:00.854533+00:00 serverenterprise sshd[3535]: Received disconnect from 36.103.234.60 port 38714:11: Bye Bye [preauth]
2024-07-19T22:32:00.854652+00:00 serverenterprise sshd[3535]: Disconnected from authenticating user root 36.103.234.60 port 38714 [preauth]
2024-07-19T22:32:03.178780+00:00 serverenterprise sshd[3539]: pam_unix(sshd:auth): authentication failure; logname= uid=0 euid=0 tty=ssh ruser= rhost=43.129.158.215  user=root
2024-07-19T22:32:03.629137+00:00 serverenterprise sshd[3537]: pam_unix(sshd:auth): authentication failure; logname= uid=0 euid=0 tty=ssh ruser= rhost=103.163.118.84  user=root
2024-07-19T22:32:05.373786+00:00 serverenterprise sshd[3539]: Failed password for root from 43.129.158.215 port 57522 ssh2
2024-07-19T22:32:05.824113+00:00 serverenterprise sshd[3537]: Failed password for root from 103.163.118.84 port 37594 ssh2
2024-07-19T22:32:06.195483+00:00 serverenterprise sshd[3541]: pam_unix(sshd:auth): authentication failure; logname= uid=0 euid=0 tty=ssh ruser= rhost=223.240.105.90  user=root
2024-07-19T22:32:06.832122+00:00 serverenterprise sshd[3539]: Received disconnect from 43.129.158.215 port 57522:11: Bye Bye [preauth]
2024-07-19T22:32:06.832286+00:00 serverenterprise sshd[3539]: Disconnected from authenticating user root 43.129.158.215 port 57522 [preauth]
2024-07-19T22:32:07.370899+00:00 serverenterprise sshd[3537]: Received disconnect from 103.163.118.84 port 37594:11: Bye Bye [preauth]
2024-07-19T22:32:07.371061+00:00 serverenterprise sshd[3537]: Disconnected from authenticating user root 103.163.118.84 port 37594 [preauth]
2024-07-19T22:32:08.134372+00:00 serverenterprise sshd[3541]: Failed password for root from 223.240.105.90 port 46513 ssh2
2024-07-19T22:32:09.845724+00:00 serverenterprise sshd[3541]: Received disconnect from 223.240.105.90 port 46513:11: Bye Bye [preauth]
2024-07-19T22:32:09.845875+00:00 serverenterprise sshd[3541]: Disconnected from authenticating user root 223.240.105.90 port 46513 [preauth]
2024-07-19T22:32:11.458023+00:00 serverenterprise sshd[3543]: pam_unix(sshd:auth): authentication failure; logname= uid=0 euid=0 tty=ssh ruser= rhost=68.183.119.215  user=root
2024-07-19T22:32:13.118639+00:00 serverenterprise sshd[3545]: Invalid user user03 from 164.138.103.24 port 39298
2024-07-19T22:32:13.122565+00:00 serverenterprise sshd[3545]: pam_unix(sshd:auth): check pass; user unknown
2024-07-19T22:32:13.122763+00:00 serverenterprise sshd[3545]: pam_unix(sshd:auth): authentication failure; logname= uid=0 euid=0 tty=ssh ruser= rhost=164.138.103.24 
2024-07-19T22:32:13.752899+00:00 serverenterprise sshd[3543]: Failed password for root from 68.183.119.215 port 37218 ssh2
2024-07-19T22:32:14.690339+00:00 serverenterprise sshd[3545]: Failed password for invalid user user03 from 164.138.103.24 port 39298 ssh2
2024-07-19T22:32:14.903548+00:00 serverenterprise sshd[3543]: Received disconnect from 68.183.119.215 port 37218:11: Bye Bye [preauth]
2024-07-19T22:32:14.903790+00:00 serverenterprise sshd[3543]: Disconnected from authenticating user root 68.183.119.215 port 37218 [preauth]
2024-07-19T22:32:15.082326+00:00 serverenterprise sshd[3545]: Received disconnect from 164.138.103.24 port 39298:11: Bye Bye [preauth]
2024-07-19T22:32:15.082497+00:00 serverenterprise sshd[3545]: Disconnected from invalid user user03 164.138.103.24 port 39298 [preauth]
2024-07-19T22:32:15.170078+00:00 serverenterprise sshd[3549]: pam_unix(sshd:auth): authentication failure; logname= uid=0 euid=0 tty=ssh ruser= rhost=91.103.253.62  user=root
2024-07-19T22:32:15.439235+00:00 serverenterprise sshd[3547]: pam_unix(sshd:auth): authentication failure; logname= uid=0 euid=0 tty=ssh ruser= rhost=139.59.68.182  user=root
2024-07-19T22:32:17.681568+00:00 serverenterprise sshd[3549]: Failed password for root from 91.103.253.62 port 43918 ssh2
2024-07-19T22:32:17.949828+00:00 serverenterprise sshd[3547]: Failed password for root from 139.59.68.182 port 45038 ssh2
2024-07-19T22:32:18.704770+00:00 serverenterprise sshd[3549]: Received disconnect from 91.103.253.62 port 43918:11: Bye Bye [preauth]
2024-07-19T22:32:18.704917+00:00 serverenterprise sshd[3549]: Disconnected from authenticating user root 91.103.253.62 port 43918 [preauth]
2024-07-19T22:32:19.135797+00:00 serverenterprise sshd[3547]: Received disconnect from 139.59.68.182 port 45038:11: Bye Bye [preauth]
2024-07-19T22:32:19.135924+00:00 serverenterprise sshd[3547]: Disconnected from authenticating user root 139.59.68.182 port 45038 [preauth]
2024-07-19T22:32:19.268872+00:00 serverenterprise sshd[3551]: Received disconnect from 218.92.0.112 port 33754:11:  [preauth]
2024-07-19T22:32:19.269454+00:00 serverenterprise sshd[3551]: Disconnected from 218.92.0.112 port 33754 [preauth]
2024-07-19T22:32:20.344157+00:00 serverenterprise sshd[3553]: pam_unix(sshd:auth): authentication failure; logname= uid=0 euid=0 tty=ssh ruser= rhost=14.63.217.28  user=root
2024-07-19T22:32:22.207629+00:00 serverenterprise sshd[3553]: Failed password for root from 14.63.217.28 port 45232 ssh2
2024-07-19T22:32:23.994716+00:00 serverenterprise sshd[3553]: Received disconnect from 14.63.217.28 port 45232:11: Bye Bye [preauth]
2024-07-19T22:32:23.994865+00:00 serverenterprise sshd[3553]: Disconnected from authenticating user root 14.63.217.28 port 45232 [preauth]
2024-07-19T22:32:24.474714+00:00 serverenterprise sshd[3555]: Invalid user user from 36.103.234.60 port 45076
2024-07-19T22:32:24.478791+00:00 serverenterprise sshd[3555]: pam_unix(sshd:auth): check pass; user unknown
2024-07-19T22:32:24.478967+00:00 serverenterprise sshd[3555]: pam_unix(sshd:auth): authentication failure; logname= uid=0 euid=0 tty=ssh ruser= rhost=36.103.234.60 
2024-07-19T22:32:24.995926+00:00 serverenterprise sshd[3559]: Invalid user postgres from 170.83.79.31 port 44078
2024-07-19T22:32:24.999876+00:00 serverenterprise sshd[3559]: pam_unix(sshd:auth): check pass; user unknown
2024-07-19T22:32:25.000052+00:00 serverenterprise sshd[3559]: pam_unix(sshd:auth): authentication failure; logname= uid=0 euid=0 tty=ssh ruser= rhost=170.83.79.31 
2024-07-19T22:32:25.138097+00:00 serverenterprise sshd[3557]: Invalid user ftptest2 from 27.150.26.228 port 47454
2024-07-19T22:32:25.142028+00:00 serverenterprise sshd[3557]: pam_unix(sshd:auth): check pass; user unknown
2024-07-19T22:32:25.142121+00:00 serverenterprise sshd[3557]: pam_unix(sshd:auth): authentication failure; logname= uid=0 euid=0 tty=ssh ruser= rhost=27.150.26.228 
2024-07-19T22:32:25.890776+00:00 serverenterprise sshd[3555]: Failed password for invalid user user from 36.103.234.60 port 45076 ssh2
2024-07-19T22:32:26.412031+00:00 serverenterprise sshd[3559]: Failed password for invalid user postgres from 170.83.79.31 port 44078 ssh2
2024-07-19T22:32:26.565835+00:00 serverenterprise sshd[3561]: pam_unix(sshd:auth): authentication failure; logname= uid=0 euid=0 tty=ssh ruser= rhost=220.80.223.144  user=root
2024-07-19T22:32:26.689863+00:00 serverenterprise sshd[3557]: Failed password for invalid user ftptest2 from 27.150.26.228 port 47454 ssh2
2024-07-19T22:32:26.932523+00:00 serverenterprise sshd[3559]: Received disconnect from 170.83.79.31 port 44078:11: Bye Bye [preauth]
2024-07-19T22:32:26.932659+00:00 serverenterprise sshd[3559]: Disconnected from invalid user postgres 170.83.79.31 port 44078 [preauth]
2024-07-19T22:32:27.304966+00:00 serverenterprise sshd[3555]: Received disconnect from 36.103.234.60 port 45076:11: Bye Bye [preauth]
2024-07-19T22:32:27.305118+00:00 serverenterprise sshd[3555]: Disconnected from invalid user user 36.103.234.60 port 45076 [preauth]
2024-07-19T22:32:27.445888+00:00 serverenterprise sshd[3557]: Received disconnect from 27.150.26.228 port 47454:11: Bye Bye [preauth]
2024-07-19T22:32:27.447365+00:00 serverenterprise sshd[3557]: Disconnected from invalid user ftptest2 27.150.26.228 port 47454 [preauth]
2024-07-19T22:32:28.227908+00:00 serverenterprise sshd[3563]: Invalid user admin from 43.154.151.93 port 43132
2024-07-19T22:32:28.232308+00:00 serverenterprise sshd[3563]: pam_unix(sshd:auth): check pass; user unknown
2024-07-19T22:32:28.232601+00:00 serverenterprise sshd[3563]: pam_unix(sshd:auth): authentication failure; logname= uid=0 euid=0 tty=ssh ruser= rhost=43.154.151.93 
2024-07-19T22:32:28.585604+00:00 serverenterprise sshd[3561]: Failed password for root from 220.80.223.144 port 42508 ssh2
2024-07-19T22:32:30.213936+00:00 serverenterprise sshd[3561]: Received disconnect from 220.80.223.144 port 42508:11: Bye Bye [preauth]
2024-07-19T22:32:30.214070+00:00 serverenterprise sshd[3561]: Disconnected from authenticating user root 220.80.223.144 port 42508 [preauth]
2024-07-19T22:32:30.858945+00:00 serverenterprise sshd[3563]: Failed password for invalid user admin from 43.154.151.93 port 43132 ssh2
2024-07-19T22:32:30.936124+00:00 serverenterprise sshd[3565]: pam_unix(sshd:auth): authentication failure; logname= uid=0 euid=0 tty=ssh ruser= rhost=120.48.53.82  user=root
2024-07-19T22:32:31.111849+00:00 serverenterprise sshd[3563]: Received disconnect from 43.154.151.93 port 43132:11: Bye Bye [preauth]
2024-07-19T22:32:31.112144+00:00 serverenterprise sshd[3563]: Disconnected from invalid user admin 43.154.151.93 port 43132 [preauth]
2024-07-19T22:32:31.227220+00:00 serverenterprise sshd[3567]: Received disconnect from 218.92.0.27 port 15163:11:  [preauth]
2024-07-19T22:32:31.228223+00:00 serverenterprise sshd[3567]: Disconnected from 218.92.0.27 port 15163 [preauth]
2024-07-19T22:32:32.839578+00:00 serverenterprise sshd[3565]: Failed password for root from 120.48.53.82 port 49454 ssh2
2024-07-19T22:32:34.619913+00:00 serverenterprise sshd[3565]: Received disconnect from 120.48.53.82 port 49454:11: Bye Bye [preauth]
2024-07-19T22:32:34.620060+00:00 serverenterprise sshd[3565]: Disconnected from authenticating user root 120.48.53.82 port 49454 [preauth]
2024-07-19T22:32:35.780586+00:00 serverenterprise sshd[3571]: Invalid user ansible from 103.144.245.170 port 44498
2024-07-19T22:32:35.784770+00:00 serverenterprise sshd[3571]: pam_unix(sshd:auth): check pass; user unknown
2024-07-19T22:32:35.784902+00:00 serverenterprise sshd[3571]: pam_unix(sshd:auth): authentication failure; logname= uid=0 euid=0 tty=ssh ruser= rhost=103.144.245.170 
2024-07-19T22:32:36.274832+00:00 serverenterprise sshd[3569]: Invalid user user03 from 223.240.105.90 port 49958
2024-07-19T22:32:36.279016+00:00 serverenterprise sshd[3569]: pam_unix(sshd:auth): check pass; user unknown
2024-07-19T22:32:36.279206+00:00 serverenterprise sshd[3569]: pam_unix(sshd:auth): authentication failure; logname= uid=0 euid=0 tty=ssh ruser= rhost=223.240.105.90 
2024-07-19T22:32:37.671207+00:00 serverenterprise sshd[3569]: Failed password for invalid user user03 from 223.240.105.90 port 49958 ssh2
2024-07-19T22:32:38.040022+00:00 serverenterprise sshd[3571]: Failed password for invalid user ansible from 103.144.245.170 port 44498 ssh2
2024-07-19T22:32:38.156517+00:00 serverenterprise sshd[3569]: Received disconnect from 223.240.105.90 port 49958:11: Bye Bye [preauth]
2024-07-19T22:32:38.156653+00:00 serverenterprise sshd[3569]: Disconnected from invalid user user03 223.240.105.90 port 49958 [preauth]
2024-07-19T22:32:39.622736+00:00 serverenterprise sshd[3573]: Invalid user test from 178.185.206.179 port 54122
2024-07-19T22:32:39.626258+00:00 serverenterprise sshd[3573]: pam_unix(sshd:auth): check pass; user unknown
2024-07-19T22:32:39.626400+00:00 serverenterprise sshd[3573]: pam_unix(sshd:auth): authentication failure; logname= uid=0 euid=0 tty=ssh ruser= rhost=178.185.206.179 
2024-07-19T22:32:40.342646+00:00 serverenterprise sshd[3571]: Received disconnect from 103.144.245.170 port 44498:11: Bye Bye [preauth]
2024-07-19T22:32:40.342811+00:00 serverenterprise sshd[3571]: Disconnected from invalid user ansible 103.144.245.170 port 44498 [preauth]
2024-07-19T22:32:40.364193+00:00 serverenterprise sshd[3575]: pam_unix(sshd:auth): authentication failure; logname= uid=0 euid=0 tty=ssh ruser= rhost=43.133.154.235  user=root
2024-07-19T22:32:42.097189+00:00 serverenterprise sshd[3573]: Failed password for invalid user test from 178.185.206.179 port 54122 ssh2
2024-07-19T22:32:42.640045+00:00 serverenterprise sshd[3575]: Failed password for root from 43.133.154.235 port 50005 ssh2
2024-07-19T22:32:43.840783+00:00 serverenterprise sshd[3573]: Received disconnect from 178.185.206.179 port 54122:11: Bye Bye [preauth]
2024-07-19T22:32:43.840900+00:00 serverenterprise sshd[3573]: Disconnected from invalid user test 178.185.206.179 port 54122 [preauth]
2024-07-19T22:32:44.067036+00:00 serverenterprise sshd[3575]: Received disconnect from 43.133.154.235 port 50005:11: Bye Bye [preauth]
2024-07-19T22:32:44.067456+00:00 serverenterprise sshd[3575]: Disconnected from authenticating user root 43.133.154.235 port 50005 [preauth]
2024-07-19T22:32:49.795513+00:00 serverenterprise sshd[3577]: pam_unix(sshd:auth): authentication failure; logname= uid=0 euid=0 tty=ssh ruser= rhost=43.129.158.215  user=root
2024-07-19T22:32:51.005394+00:00 serverenterprise sshd[3579]: pam_unix(sshd:auth): authentication failure; logname= uid=0 euid=0 tty=ssh ruser= rhost=36.103.234.60  user=root
2024-07-19T22:32:51.638786+00:00 serverenterprise sshd[3577]: Failed password for root from 43.129.158.215 port 43662 ssh2
2024-07-19T22:32:53.454109+00:00 serverenterprise sshd[3577]: Received disconnect from 43.129.158.215 port 43662:11: Bye Bye [preauth]
2024-07-19T22:32:53.454260+00:00 serverenterprise sshd[3577]: Disconnected from authenticating user root 43.129.158.215 port 43662 [preauth]
2024-07-19T22:32:53.456826+00:00 serverenterprise sshd[3579]: Failed password for root from 36.103.234.60 port 51430 ssh2
2024-07-19T22:32:54.714098+00:00 serverenterprise sshd[3579]: Received disconnect from 36.103.234.60 port 51430:11: Bye Bye [preauth]
2024-07-19T22:32:54.716481+00:00 serverenterprise sshd[3579]: Disconnected from authenticating user root 36.103.234.60 port 51430 [preauth]
2024-07-19T22:32:55.154216+00:00 serverenterprise sshd[3585]: Invalid user ubuntu from 68.183.119.215 port 51532
