2024-07-19T22:32:55.158376+00:00 serverenterprise sshd[3585]: pam_unix(sshd:auth): check pass; user unknown
2024-07-19T22:32:55.158660+00:00 serverenterprise sshd[3585]: pam_unix(sshd:auth): authentication failure; logname= uid=0 euid=0 tty=ssh ruser= rhost=68.183.119.215 
2024-07-19T22:32:55.454972+00:00 serverenterprise sshd[3581]: pam_unix(sshd:auth): authentication failure; logname= uid=0 euid=0 tty=ssh ruser= rhost=43.155.135.5  user=root
2024-07-19T22:32:56.116583+00:00 serverenterprise sshd[3583]: pam_unix(sshd:auth): authentication failure; logname= uid=0 euid=0 tty=ssh ruser= rhost=27.150.26.228  user=root
2024-07-19T22:32:56.239954+00:00 serverenterprise sshd[3587]: pam_unix(sshd:auth): authentication failure; logname= uid=0 euid=0 tty=ssh ruser= rhost=164.138.103.24  user=root
2024-07-19T22:32:56.392857+00:00 serverenterprise sshd[3589]: pam_unix(sshd:auth): authentication failure; logname= uid=0 euid=0 tty=ssh ruser= rhost=91.103.253.62  user=root
2024-07-19T22:32:56.826445+00:00 serverenterprise sshd[3585]: Failed password for invalid user ubuntu from 68.183.119.215 port 51532 ssh2
2024-07-19T22:32:57.122716+00:00 serverenterprise sshd[3581]: Failed password for root from 43.155.135.5 port 35632 ssh2
2024-07-19T22:32:57.372598+00:00 serverenterprise sshd[3581]: Received disconnect from 43.155.135.5 port 35632:11: Bye Bye [preauth]
2024-07-19T22:32:57.372722+00:00 serverenterprise sshd[3581]: Disconnected from authenticating user root 43.155.135.5 port 35632 [preauth]
2024-07-19T22:32:57.472641+00:00 serverenterprise sshd[3585]: Received disconnect from 68.183.119.215 port 51532:11: Bye Bye [preauth]
2024-07-19T22:32:57.472923+00:00 serverenterprise sshd[3585]: Disconnected from invalid user ubuntu 68.183.119.215 port 51532 [preauth]
2024-07-19T22:32:57.588322+00:00 serverenterprise sshd[3583]: Failed password for root from 27.150.26.228 port 54768 ssh2
2024-07-19T22:32:57.711884+00:00 serverenterprise sshd[3587]: Failed password for root from 164.138.103.24 port 45662 ssh2
2024-07-19T22:32:57.864685+00:00 serverenterprise sshd[3589]: Failed password for root from 91.103.253.62 port 54910 ssh2
2024-07-19T22:32:58.068510+00:00 serverenterprise sshd[3583]: Received disconnect from 27.150.26.228 port 54768:11: Bye Bye [preauth]
2024-07-19T22:32:58.068637+00:00 serverenterprise sshd[3583]: Disconnected from authenticating user root 27.150.26.228 port 54768 [preauth]
2024-07-19T22:32:58.085597+00:00 serverenterprise sshd[3587]: Received disconnect from 164.138.103.24 port 45662:11: Bye Bye [preauth]
2024-07-19T22:32:58.085886+00:00 serverenterprise sshd[3587]: Disconnected from authenticating user root 164.138.103.24 port 45662 [preauth]
2024-07-19T22:32:58.203925+00:00 serverenterprise sshd[3589]: Received disconnect from 91.103.253.62 port 54910:11: Bye Bye [preauth]
2024-07-19T22:32:58.205243+00:00 serverenterprise sshd[3589]: Disconnected from authenticating user root 91.103.253.62 port 54910 [preauth]
2024-07-19T22:33:01.439322+00:00 serverenterprise sshd[3591]: Invalid user deploy from 139.59.68.182 port 52052
2024-07-19T22:33:01.443354+00:00 serverenterprise sshd[3591]: pam_unix(sshd:auth): check pass; user unknown
2024-07-19T22:33:01.443598+00:00 serverenterprise sshd[3591]: pam_unix(sshd:auth): authentication failure; logname= uid=0 euid=0 tty=ssh ruser= rhost=139.59.68.182 
2024-07-19T22:33:03.934354+00:00 serverenterprise sshd[3591]: Failed password for invalid user deploy from 139.59.68.182 port 52052 ssh2
2024-07-19T22:33:04.532813+00:00 serverenterprise sshd[3593]: pam_unix(sshd:auth): authentication failure; logname= uid=0 euid=0 tty=ssh ruser= rhost=103.163.118.84  user=root
2024-07-19T22:33:05.750283+00:00 serverenterprise sshd[3591]: Received disconnect from 139.59.68.182 port 52052:11: Bye Bye [preauth]
2024-07-19T22:33:05.750440+00:00 serverenterprise sshd[3591]: Disconnected from invalid user deploy 139.59.68.182 port 52052 [preauth]
2024-07-19T22:33:06.436197+00:00 serverenterprise sshd[3593]: Failed password for root from 103.163.118.84 port 52628 ssh2
2024-07-19T22:33:08.409881+00:00 serverenterprise sshd[3593]: Received disconnect from 103.163.118.84 port 52628:11: Bye Bye [preauth]
2024-07-19T22:33:08.410022+00:00 serverenterprise sshd[3593]: Disconnected from authenticating user root 103.163.118.84 port 52628 [preauth]
2024-07-19T22:33:08.642935+00:00 serverenterprise sshd[3595]: pam_unix(sshd:auth): authentication failure; logname= uid=0 euid=0 tty=ssh ruser= rhost=120.48.53.82  user=root
2024-07-19T22:33:09.003027+00:00 serverenterprise sshd[3597]: Invalid user user from 14.63.217.28 port 59848
2024-07-19T22:33:09.006715+00:00 serverenterprise sshd[3597]: pam_unix(sshd:auth): check pass; user unknown
2024-07-19T22:33:09.006847+00:00 serverenterprise sshd[3597]: pam_unix(sshd:auth): authentication failure; logname= uid=0 euid=0 tty=ssh ruser= rhost=14.63.217.28 
2024-07-19T22:33:09.138992+00:00 serverenterprise sshd[3599]: pam_unix(sshd:auth): authentication failure; logname= uid=0 euid=0 tty=ssh ruser= rhost=223.240.105.90  user=root
2024-07-19T22:33:10.094864+00:00 serverenterprise sshd[3595]: Failed password for root from 120.48.53.82 port 59542 ssh2
2024-07-19T22:33:10.592526+00:00 serverenterprise sshd[3595]: Received disconnect from 120.48.53.82 port 59542:11: Bye Bye [preauth]
2024-07-19T22:33:10.592657+00:00 serverenterprise sshd[3595]: Disconnected from authenticating user root 120.48.53.82 port 59542 [preauth]
2024-07-19T22:33:10.930441+00:00 serverenterprise sshd[3597]: Failed password for invalid user user from 14.63.217.28 port 59848 ssh2
2024-07-19T22:33:11.062553+00:00 serverenterprise sshd[3599]: Failed password for root from 223.240.105.90 port 53405 ssh2
2024-07-19T22:33:11.774506+00:00 serverenterprise sshd[3597]: Received disconnect from 14.63.217.28 port 59848:11: Bye Bye [preauth]
2024-07-19T22:33:11.774652+00:00 serverenterprise sshd[3597]: Disconnected from invalid user user 14.63.217.28 port 59848 [preauth]
2024-07-19T22:33:12.785712+00:00 serverenterprise sshd[3599]: Received disconnect from 223.240.105.90 port 53405:11: Bye Bye [preauth]
2024-07-19T22:33:12.785840+00:00 serverenterprise sshd[3599]: Disconnected from authenticating user root 223.240.105.90 port 53405 [preauth]
2024-07-19T22:33:15.580752+00:00 serverenterprise sshd[3602]: Invalid user test from 43.154.151.93 port 57692
2024-07-19T22:33:15.586760+00:00 serverenterprise sshd[3602]: pam_unix(sshd:auth): check pass; user unknown
2024-07-19T22:33:15.586985+00:00 serverenterprise sshd[3602]: pam_unix(sshd:auth): authentication failure; logname= uid=0 euid=0 tty=ssh ruser= rhost=43.154.151.93 
2024-07-19T22:33:17.334898+00:00 serverenterprise sshd[3602]: Failed password for invalid user test from 43.154.151.93 port 57692 ssh2
2024-07-19T22:33:17.680569+00:00 serverenterprise sshd[3604]: pam_unix(sshd:auth): authentication failure; logname= uid=0 euid=0 tty=ssh ruser= rhost=103.144.245.170  user=root
2024-07-19T22:33:17.835459+00:00 serverenterprise sshd[3602]: Received disconnect from 43.154.151.93 port 57692:11: Bye Bye [preauth]
2024-07-19T22:33:17.835592+00:00 serverenterprise sshd[3602]: Disconnected from invalid user test 43.154.151.93 port 57692 [preauth]
2024-07-19T22:33:18.633149+00:00 serverenterprise sshd[3606]: pam_unix(sshd:auth): authentication failure; logname= uid=0 euid=0 tty=ssh ruser= rhost=220.80.223.144  user=root
2024-07-19T22:33:20.035608+00:00 serverenterprise sshd[3604]: Failed password for root from 103.144.245.170 port 59054 ssh2
2024-07-19T22:33:20.125167+00:00 serverenterprise sshd[3606]: Failed password for root from 220.80.223.144 port 35096 ssh2
2024-07-19T22:33:20.554492+00:00 serverenterprise sshd[3606]: Received disconnect from 220.80.223.144 port 35096:11: Bye Bye [preauth]
2024-07-19T22:33:20.554612+00:00 serverenterprise sshd[3606]: Disconnected from authenticating user root 220.80.223.144 port 35096 [preauth]
2024-07-19T22:33:21.207542+00:00 serverenterprise sshd[3604]: Received disconnect from 103.144.245.170 port 59054:11: Bye Bye [preauth]
2024-07-19T22:33:21.207764+00:00 serverenterprise sshd[3604]: Disconnected from authenticating user root 103.144.245.170 port 59054 [preauth]
2024-07-19T22:33:24.092612+00:00 serverenterprise sshd[3608]: pam_unix(sshd:auth): authentication failure; logname= uid=0 euid=0 tty=ssh ruser= rhost=36.103.234.60  user=root
2024-07-19T22:33:25.740356+00:00 serverenterprise sshd[3608]: Failed password for root from 36.103.234.60 port 57792 ssh2
2024-07-19T22:33:26.074165+00:00 serverenterprise sshd[3608]: Received disconnect from 36.103.234.60 port 57792:11: Bye Bye [preauth]
2024-07-19T22:33:26.074299+00:00 serverenterprise sshd[3608]: Disconnected from authenticating user root 36.103.234.60 port 57792 [preauth]
2024-07-19T22:33:27.622606+00:00 serverenterprise sshd[3610]: Invalid user ansible from 27.150.26.228 port 33850
2024-07-19T22:33:27.626113+00:00 serverenterprise sshd[3610]: pam_unix(sshd:auth): check pass; user unknown
2024-07-19T22:33:27.626256+00:00 serverenterprise sshd[3610]: pam_unix(sshd:auth): authentication failure; logname= uid=0 euid=0 tty=ssh ruser= rhost=27.150.26.228 
2024-07-19T22:33:29.354297+00:00 serverenterprise sshd[3610]: Failed password for invalid user ansible from 27.150.26.228 port 33850 ssh2
2024-07-19T22:33:30.098514+00:00 serverenterprise sshd[3610]: Received disconnect from 27.150.26.228 port 33850:11: Bye Bye [preauth]
2024-07-19T22:33:30.098688+00:00 serverenterprise sshd[3610]: Disconnected from invalid user ansible 27.150.26.228 port 33850 [preauth]
2024-07-19T22:33:31.478332+00:00 serverenterprise sshd[3612]: pam_unix(sshd:auth): authentication failure; logname= uid=0 euid=0 tty=ssh ruser= rhost=43.133.154.235  user=root
2024-07-19T22:33:33.421990+00:00 serverenterprise sshd[3612]: Failed password for root from 43.133.154.235 port 23760 ssh2
2024-07-19T22:33:34.006278+00:00 serverenterprise sshd[3614]: pam_unix(sshd:auth): authentication failure; logname= uid=0 euid=0 tty=ssh ruser= rhost=68.183.119.215  user=root
2024-07-19T22:33:35.188749+00:00 serverenterprise sshd[3612]: Received disconnect from 43.133.154.235 port 23760:11: Bye Bye [preauth]
2024-07-19T22:33:35.188867+00:00 serverenterprise sshd[3612]: Disconnected from authenticating user root 43.133.154.235 port 23760 [preauth]
2024-07-19T22:33:35.694126+00:00 serverenterprise sshd[3614]: Failed password for root from 68.183.119.215 port 37616 ssh2
2024-07-19T22:33:35.727495+00:00 serverenterprise sshd[3614]: Received disconnect from 68.183.119.215 port 37616:11: Bye Bye [preauth]
2024-07-19T22:33:35.727613+00:00 serverenterprise sshd[3614]: Disconnected from authenticating user root 68.183.119.215 port 37616 [preauth]
2024-07-19T22:33:36.985673+00:00 serverenterprise sshd[3616]: pam_unix(sshd:auth): authentication failure; logname= uid=0 euid=0 tty=ssh ruser= rhost=164.138.103.24  user=root
2024-07-19T22:33:37.257830+00:00 serverenterprise sshd[3618]: pam_unix(sshd:auth): authentication failure; logname= uid=0 euid=0 tty=ssh ruser= rhost=91.103.253.62  user=root
2024-07-19T22:33:37.997549+00:00 serverenterprise sshd[3620]: Invalid user postgres from 43.129.158.215 port 58034
2024-07-19T22:33:38.002143+00:00 serverenterprise sshd[3620]: pam_unix(sshd:auth): check pass; user unknown
2024-07-19T22:33:38.002333+00:00 serverenterprise sshd[3620]: pam_unix(sshd:auth): authentication failure; logname= uid=0 euid=0 tty=ssh ruser= rhost=43.129.158.215 
2024-07-19T22:33:38.949572+00:00 serverenterprise sshd[3616]: Failed password for root from 164.138.103.24 port 54416 ssh2
2024-07-19T22:33:39.026048+00:00 serverenterprise sshd[3618]: Failed password for root from 91.103.253.62 port 39516 ssh2
2024-07-19T22:33:39.770250+00:00 serverenterprise sshd[3620]: Failed password for invalid user postgres from 43.129.158.215 port 58034 ssh2
2024-07-19T22:33:40.096776+00:00 serverenterprise sshd[3620]: Received disconnect from 43.129.158.215 port 58034:11: Bye Bye [preauth]
2024-07-19T22:33:40.096929+00:00 serverenterprise sshd[3620]: Disconnected from invalid user postgres 43.129.158.215 port 58034 [preauth]
2024-07-19T22:33:40.556131+00:00 serverenterprise sshd[3616]: Received disconnect from 164.138.103.24 port 54416:11: Bye Bye [preauth]
2024-07-19T22:33:40.556317+00:00 serverenterprise sshd[3616]: Disconnected from authenticating user root 164.138.103.24 port 54416 [preauth]
2024-07-19T22:33:40.792369+00:00 serverenterprise sshd[3618]: Received disconnect from 91.103.253.62 port 39516:11: Bye Bye [preauth]
2024-07-19T22:33:40.793477+00:00 serverenterprise sshd[3618]: Disconnected from authenticating user root 91.103.253.62 port 39516 [preauth]
2024-07-19T22:33:44.634942+00:00 serverenterprise sshd[3622]: pam_unix(sshd:auth): authentication failure; logname= uid=0 euid=0 tty=ssh ruser= rhost=223.240.105.90  user=root
2024-07-19T22:33:46.694461+00:00 serverenterprise sshd[3622]: Failed password for root from 223.240.105.90 port 56854 ssh2
2024-07-19T22:33:46.972708+00:00 serverenterprise sshd[3624]: Invalid user devops from 120.48.53.82 port 41404
2024-07-19T22:33:46.976286+00:00 serverenterprise sshd[3624]: pam_unix(sshd:auth): check pass; user unknown
2024-07-19T22:33:46.976463+00:00 serverenterprise sshd[3624]: pam_unix(sshd:auth): authentication failure; logname= uid=0 euid=0 tty=ssh ruser= rhost=120.48.53.82 
2024-07-19T22:33:47.307572+00:00 serverenterprise sshd[3626]: pam_unix(sshd:auth): authentication failure; logname= uid=0 euid=0 tty=ssh ruser= rhost=139.59.68.182  user=root
2024-07-19T22:33:48.277015+00:00 serverenterprise sshd[3622]: Received disconnect from 223.240.105.90 port 56854:11: Bye Bye [preauth]
2024-07-19T22:33:48.278212+00:00 serverenterprise sshd[3622]: Disconnected from authenticating user root 223.240.105.90 port 56854 [preauth]
2024-07-19T22:33:48.312894+00:00 serverenterprise sshd[3624]: Failed password for invalid user devops from 120.48.53.82 port 41404 ssh2
2024-07-19T22:33:48.715264+00:00 serverenterprise sshd[3624]: Received disconnect from 120.48.53.82 port 41404:11: Bye Bye [preauth]
2024-07-19T22:33:48.715367+00:00 serverenterprise sshd[3624]: Disconnected from invalid user devops 120.48.53.82 port 41404 [preauth]
2024-07-19T22:33:49.452063+00:00 serverenterprise sshd[3626]: Failed password for root from 139.59.68.182 port 32780 ssh2
2024-07-19T22:33:50.965875+00:00 serverenterprise sshd[3626]: Received disconnect from 139.59.68.182 port 32780:11: Bye Bye [preauth]
2024-07-19T22:33:50.966026+00:00 serverenterprise sshd[3626]: Disconnected from authenticating user root 139.59.68.182 port 32780 [preauth]
2024-07-19T22:33:54.579287+00:00 serverenterprise sshd[3630]: pam_unix(sshd:auth): authentication failure; logname= uid=0 euid=0 tty=ssh ruser= rhost=178.185.206.179  user=root
2024-07-19T22:33:54.680832+00:00 serverenterprise sshd[3628]: Invalid user postgres from 36.103.234.60 port 35918
2024-07-19T22:33:54.684985+00:00 serverenterprise sshd[3628]: pam_unix(sshd:auth): check pass; user unknown
2024-07-19T22:33:54.685231+00:00 serverenterprise sshd[3628]: pam_unix(sshd:auth): authentication failure; logname= uid=0 euid=0 tty=ssh ruser= rhost=36.103.234.60 
2024-07-19T22:33:55.170986+00:00 serverenterprise sshd[3632]: pam_unix(sshd:auth): authentication failure; logname= uid=0 euid=0 tty=ssh ruser= rhost=43.155.135.5  user=root
2024-07-19T22:33:56.347239+00:00 serverenterprise sshd[3630]: Failed password for root from 178.185.206.179 port 38358 ssh2
2024-07-19T22:33:56.453815+00:00 serverenterprise sshd[3628]: Failed password for invalid user postgres from 36.103.234.60 port 35918 ssh2
2024-07-19T22:33:56.747790+00:00 serverenterprise sshd[3634]: pam_unix(sshd:auth): authentication failure; logname= uid=0 euid=0 tty=ssh ruser= rhost=14.63.217.28  user=root
2024-07-19T22:33:56.827503+00:00 serverenterprise sshd[3628]: Received disconnect from 36.103.234.60 port 35918:11: Bye Bye [preauth]
2024-07-19T22:33:56.827741+00:00 serverenterprise sshd[3628]: Disconnected from invalid user postgres 36.103.234.60 port 35918 [preauth]
2024-07-19T22:33:57.410615+00:00 serverenterprise sshd[3632]: Failed password for root from 43.155.135.5 port 50116 ssh2
2024-07-19T22:33:58.162257+00:00 serverenterprise sshd[3630]: Received disconnect from 178.185.206.179 port 38358:11: Bye Bye [preauth]
2024-07-19T22:33:58.162397+00:00 serverenterprise sshd[3630]: Disconnected from authenticating user root 178.185.206.179 port 38358 [preauth]
2024-07-19T22:33:58.791549+00:00 serverenterprise sshd[3634]: Failed password for root from 14.63.217.28 port 46240 ssh2
2024-07-19T22:33:58.824010+00:00 serverenterprise sshd[3632]: Received disconnect from 43.155.135.5 port 50116:11: Bye Bye [preauth]
2024-07-19T22:33:58.824172+00:00 serverenterprise sshd[3632]: Disconnected from authenticating user root 43.155.135.5 port 50116 [preauth]
2024-07-19T22:33:59.274183+00:00 serverenterprise sshd[3638]: Invalid user sftpuser from 103.144.245.170 port 45374
2024-07-19T22:33:59.278649+00:00 serverenterprise sshd[3638]: pam_unix(sshd:auth): check pass; user unknown
2024-07-19T22:33:59.278851+00:00 serverenterprise sshd[3638]: pam_unix(sshd:auth): authentication failure; logname= uid=0 euid=0 tty=ssh ruser= rhost=103.144.245.170 
2024-07-19T22:34:00.387858+00:00 serverenterprise sshd[3634]: Received disconnect from 14.63.217.28 port 46240:11: Bye Bye [preauth]
2024-07-19T22:34:00.387998+00:00 serverenterprise sshd[3634]: Disconnected from authenticating user root 14.63.217.28 port 46240 [preauth]
2024-07-19T22:34:00.565026+00:00 serverenterprise sshd[3636]: pam_unix(sshd:auth): authentication failure; logname= uid=0 euid=0 tty=ssh ruser= rhost=103.163.118.84  user=root
2024-07-19T22:34:01.403268+00:00 serverenterprise sshd[3638]: Failed password for invalid user sftpuser from 103.144.245.170 port 45374 ssh2
2024-07-19T22:34:02.048534+00:00 serverenterprise sshd[3640]: Invalid user teste from 43.154.151.93 port 44018
2024-07-19T22:34:02.057206+00:00 serverenterprise sshd[3640]: pam_unix(sshd:auth): check pass; user unknown
2024-07-19T22:34:02.057587+00:00 serverenterprise sshd[3640]: pam_unix(sshd:auth): authentication failure; logname= uid=0 euid=0 tty=ssh ruser= rhost=43.154.151.93 
2024-07-19T22:34:02.824911+00:00 serverenterprise sshd[3636]: Failed password for root from 103.163.118.84 port 50420 ssh2
2024-07-19T22:34:03.412020+00:00 serverenterprise sshd[3638]: Received disconnect from 103.144.245.170 port 45374:11: Bye Bye [preauth]
2024-07-19T22:34:03.412180+00:00 serverenterprise sshd[3638]: Disconnected from invalid user sftpuser 103.144.245.170 port 45374 [preauth]
2024-07-19T22:34:04.387875+00:00 serverenterprise sshd[3636]: Received disconnect from 103.163.118.84 port 50420:11: Bye Bye [preauth]
2024-07-19T22:34:04.388006+00:00 serverenterprise sshd[3636]: Disconnected from authenticating user root 103.163.118.84 port 50420 [preauth]
2024-07-19T22:34:04.593488+00:00 serverenterprise sshd[3640]: Failed password for invalid user teste from 43.154.151.93 port 44018 ssh2
2024-07-19T22:34:05.139519+00:00 serverenterprise sshd[3640]: Received disconnect from 43.154.151.93 port 44018:11: Bye Bye [preauth]
2024-07-19T22:34:05.139951+00:00 serverenterprise sshd[3640]: Disconnected from invalid user teste 43.154.151.93 port 44018 [preauth]
2024-07-19T22:34:08.723243+00:00 serverenterprise sshd[3642]: pam_unix(sshd:auth): authentication failure; logname= uid=0 euid=0 tty=ssh ruser= rhost=220.80.223.144  user=root
2024-07-19T22:34:10.747082+00:00 serverenterprise sshd[3642]: Failed password for root from 220.80.223.144 port 56172 ssh2
2024-07-19T22:34:12.368777+00:00 serverenterprise sshd[3642]: Received disconnect from 220.80.223.144 port 56172:11: Bye Bye [preauth]
2024-07-19T22:34:12.368903+00:00 serverenterprise sshd[3642]: Disconnected from authenticating user root 220.80.223.144 port 56172 [preauth]
2024-07-19T22:34:17.281255+00:00 serverenterprise sshd[3646]: pam_unix(sshd:auth): authentication failure; logname= uid=0 euid=0 tty=ssh ruser= rhost=68.183.119.215  user=root
2024-07-19T22:34:17.729022+00:00 serverenterprise sshd[3644]: pam_unix(sshd:auth): authentication failure; logname= uid=0 euid=0 tty=ssh ruser= rhost=223.240.105.90  user=root
2024-07-19T22:34:18.416138+00:00 serverenterprise sshd[3648]: pam_unix(sshd:auth): authentication failure; logname= uid=0 euid=0 tty=ssh ruser= rhost=91.103.253.62  user=root
2024-07-19T22:34:18.873618+00:00 serverenterprise sshd[3646]: Failed password for root from 68.183.119.215 port 51940 ssh2
2024-07-19T22:34:19.003502+00:00 serverenterprise sshd[3646]: Received disconnect from 68.183.119.215 port 51940:11: Bye Bye [preauth]
2024-07-19T22:34:19.003704+00:00 serverenterprise sshd[3646]: Disconnected from authenticating user root 68.183.119.215 port 51940 [preauth]
2024-07-19T22:34:19.321398+00:00 serverenterprise sshd[3644]: Failed password for root from 223.240.105.90 port 60301 ssh2
2024-07-19T22:34:19.656573+00:00 serverenterprise sshd[3644]: Received disconnect from 223.240.105.90 port 60301:11: Bye Bye [preauth]
2024-07-19T22:34:19.656796+00:00 serverenterprise sshd[3644]: Disconnected from authenticating user root 223.240.105.90 port 60301 [preauth]
2024-07-19T22:34:20.480056+00:00 serverenterprise sshd[3648]: Failed password for root from 91.103.253.62 port 43476 ssh2
2024-07-19T22:34:20.650848+00:00 serverenterprise sshd[3650]: pam_unix(sshd:auth): authentication failure; logname= uid=0 euid=0 tty=ssh ruser= rhost=164.138.103.24  user=root
2024-07-19T22:34:21.953780+00:00 serverenterprise sshd[3648]: Received disconnect from 91.103.253.62 port 43476:11: Bye Bye [preauth]
2024-07-19T22:34:21.953920+00:00 serverenterprise sshd[3648]: Disconnected from authenticating user root 91.103.253.62 port 43476 [preauth]
2024-07-19T22:34:22.990342+00:00 serverenterprise sshd[3650]: Failed password for root from 164.138.103.24 port 33736 ssh2
2024-07-19T22:34:23.642734+00:00 serverenterprise sshd[3652]: pam_unix(sshd:auth): authentication failure; logname= uid=0 euid=0 tty=ssh ruser= rhost=120.48.53.82  user=root
2024-07-19T22:34:23.995723+00:00 serverenterprise sshd[3654]: Invalid user ftpuser from 43.133.154.235 port 16876
2024-07-19T22:34:23.998997+00:00 serverenterprise sshd[3654]: pam_unix(sshd:auth): check pass; user unknown
2024-07-19T22:34:23.999187+00:00 serverenterprise sshd[3654]: pam_unix(sshd:auth): authentication failure; logname= uid=0 euid=0 tty=ssh ruser= rhost=43.133.154.235 
2024-07-19T22:34:24.220773+00:00 serverenterprise sshd[3650]: Received disconnect from 164.138.103.24 port 33736:11: Bye Bye [preauth]
2024-07-19T22:34:24.220935+00:00 serverenterprise sshd[3650]: Disconnected from authenticating user root 164.138.103.24 port 33736 [preauth]
2024-07-19T22:34:25.726483+00:00 serverenterprise sshd[3652]: Failed password for root from 120.48.53.82 port 51490 ssh2
2024-07-19T22:34:25.820617+00:00 serverenterprise sshd[3658]: pam_unix(sshd:auth): authentication failure; logname= uid=0 euid=0 tty=ssh ruser= rhost=43.129.158.215  user=root
2024-07-19T22:34:25.882371+00:00 serverenterprise sshd[3656]: pam_unix(sshd:auth): authentication failure; logname= uid=0 euid=0 tty=ssh ruser= rhost=36.103.234.60  user=root
2024-07-19T22:34:26.083238+00:00 serverenterprise sshd[3654]: Failed password for invalid user ftpuser from 43.133.154.235 port 16876 ssh2
2024-07-19T22:34:26.839511+00:00 serverenterprise sshd[3654]: Received disconnect from 43.133.154.235 port 16876:11: Bye Bye [preauth]
2024-07-19T22:34:26.839786+00:00 serverenterprise sshd[3654]: Disconnected from invalid user ftpuser 43.133.154.235 port 16876 [preauth]
2024-07-19T22:34:27.331768+00:00 serverenterprise sshd[3652]: Received disconnect from 120.48.53.82 port 51490:11: Bye Bye [preauth]
2024-07-19T22:34:27.331919+00:00 serverenterprise sshd[3652]: Disconnected from authenticating user root 120.48.53.82 port 51490 [preauth]
2024-07-19T22:34:28.180337+00:00 serverenterprise sshd[3658]: Failed password for root from 43.129.158.215 port 44174 ssh2
2024-07-19T22:34:28.241995+00:00 serverenterprise sshd[3656]: Failed password for root from 36.103.234.60 port 42276 ssh2
2024-07-19T22:34:29.481768+00:00 serverenterprise sshd[3658]: Received disconnect from 43.129.158.215 port 44174:11: Bye Bye [preauth]
2024-07-19T22:34:29.481927+00:00 serverenterprise sshd[3658]: Disconnected from authenticating user root 43.129.158.215 port 44174 [preauth]
2024-07-19T22:34:29.585170+00:00 serverenterprise sshd[3656]: Received disconnect from 36.103.234.60 port 42276:11: Bye Bye [preauth]
2024-07-19T22:34:29.586341+00:00 serverenterprise sshd[3656]: Disconnected from authenticating user root 36.103.234.60 port 42276 [preauth]
2024-07-19T22:34:33.435983+00:00 serverenterprise sshd[3660]: pam_unix(sshd:auth): authentication failure; logname= uid=0 euid=0 tty=ssh ruser= rhost=139.59.68.182  user=root
2024-07-19T22:34:35.560320+00:00 serverenterprise sshd[3660]: Failed password for root from 139.59.68.182 port 46598 ssh2
2024-07-19T22:34:37.141465+00:00 serverenterprise sshd[3660]: Received disconnect from 139.59.68.182 port 46598:11: Bye Bye [preauth]
2024-07-19T22:34:37.141585+00:00 serverenterprise sshd[3660]: Disconnected from authenticating user root 139.59.68.182 port 46598 [preauth]
2024-07-19T22:34:44.447814+00:00 serverenterprise sshd[3662]: pam_unix(sshd:auth): authentication failure; logname= uid=0 euid=0 tty=ssh ruser= rhost=103.144.245.170  user=root
2024-07-19T22:34:45.451601+00:00 serverenterprise sshd[3664]: pam_unix(sshd:auth): authentication failure; logname= uid=0 euid=0 tty=ssh ruser= rhost=14.63.217.28  user=root
2024-07-19T22:34:47.083293+00:00 serverenterprise sshd[3662]: Failed password for root from 103.144.245.170 port 59930 ssh2
2024-07-19T22:34:47.555502+00:00 serverenterprise sshd[3664]: Failed password for root from 14.63.217.28 port 60860 ssh2
2024-07-19T22:34:47.968399+00:00 serverenterprise sshd[3662]: Received disconnect from 103.144.245.170 port 59930:11: Bye Bye [preauth]
2024-07-19T22:34:47.968551+00:00 serverenterprise sshd[3662]: Disconnected from authenticating user root 103.144.245.170 port 59930 [preauth]
2024-07-19T22:34:49.094806+00:00 serverenterprise sshd[3664]: Received disconnect from 14.63.217.28 port 60860:11: Bye Bye [preauth]
2024-07-19T22:34:49.095090+00:00 serverenterprise sshd[3664]: Disconnected from authenticating user root 14.63.217.28 port 60860 [preauth]
2024-07-19T22:34:49.333361+00:00 serverenterprise sshd[3666]: pam_unix(sshd:auth): authentication failure; logname= uid=0 euid=0 tty=ssh ruser= rhost=43.154.151.93  user=root
2024-07-19T22:34:51.653187+00:00 serverenterprise sshd[3666]: Failed password for root from 43.154.151.93 port 58582 ssh2
2024-07-19T22:34:52.988729+00:00 serverenterprise sshd[3666]: Received disconnect from 43.154.151.93 port 58582:11: Bye Bye [preauth]
2024-07-19T22:34:52.988875+00:00 serverenterprise sshd[3666]: Disconnected from authenticating user root 43.154.151.93 port 58582 [preauth]
2024-07-19T22:34:54.976982+00:00 serverenterprise sshd[3668]: Invalid user user01 from 223.240.105.90 port 35516
2024-07-19T22:34:54.982350+00:00 serverenterprise sshd[3668]: pam_unix(sshd:auth): check pass; user unknown
2024-07-19T22:34:54.982652+00:00 serverenterprise sshd[3668]: pam_unix(sshd:auth): authentication failure; logname= uid=0 euid=0 tty=ssh ruser= rhost=223.240.105.90 
2024-07-19T22:34:56.437124+00:00 serverenterprise sshd[3670]: pam_unix(sshd:auth): authentication failure; logname= uid=0 euid=0 tty=ssh ruser= rhost=103.163.118.84  user=root
2024-07-19T22:34:57.139035+00:00 serverenterprise sshd[3672]: pam_unix(sshd:auth): authentication failure; logname= uid=0 euid=0 tty=ssh ruser= rhost=43.155.135.5  user=root
2024-07-19T22:34:57.322448+00:00 serverenterprise sshd[3668]: Failed password for invalid user user01 from 223.240.105.90 port 35516 ssh2
2024-07-19T22:34:58.999277+00:00 serverenterprise sshd[3674]: pam_unix(sshd:auth): authentication failure; logname= uid=0 euid=0 tty=ssh ruser= rhost=220.80.223.144  user=root
2024-07-19T22:34:59.052797+00:00 serverenterprise sshd[3670]: Failed password for root from 103.163.118.84 port 50188 ssh2
2024-07-19T22:34:59.223150+00:00 serverenterprise sshd[3672]: Failed password for root from 43.155.135.5 port 36382 ssh2
2024-07-19T22:34:59.621761+00:00 serverenterprise sshd[3668]: Received disconnect from 223.240.105.90 port 35516:11: Bye Bye [preauth]
2024-07-19T22:34:59.621874+00:00 serverenterprise sshd[3668]: Disconnected from invalid user user01 223.240.105.90 port 35516 [preauth]
2024-07-19T22:35:00.074197+00:00 serverenterprise sshd[3677]: pam_unix(sshd:auth): authentication failure; logname= uid=0 euid=0 tty=ssh ruser= rhost=91.103.253.62  user=root
2024-07-19T22:35:00.193807+00:00 serverenterprise sshd[3670]: Received disconnect from 103.163.118.84 port 50188:11: Bye Bye [preauth]
2024-07-19T22:35:00.193924+00:00 serverenterprise sshd[3670]: Disconnected from authenticating user root 103.163.118.84 port 50188 [preauth]
2024-07-19T22:35:00.790866+00:00 serverenterprise sshd[3672]: Received disconnect from 43.155.135.5 port 36382:11: Bye Bye [preauth]
2024-07-19T22:35:00.791011+00:00 serverenterprise sshd[3672]: Disconnected from authenticating user root 43.155.135.5 port 36382 [preauth]
2024-07-19T22:35:00.887400+00:00 serverenterprise sshd[3674]: Failed password for root from 220.80.223.144 port 48508 ssh2
2024-07-19T22:35:01.308927+00:00 serverenterprise CRON[3679]: pam_unix(cron:session): session opened for user root(uid=0) by root(uid=0)
2024-07-19T22:35:01.315528+00:00 serverenterprise CRON[3679]: pam_unix(cron:session): session closed for user root
2024-07-19T22:35:02.238290+00:00 serverenterprise sshd[3677]: Failed password for root from 91.103.253.62 port 50010 ssh2
2024-07-19T22:35:02.645094+00:00 serverenterprise sshd[3674]: Received disconnect from 220.80.223.144 port 48508:11: Bye Bye [preauth]
2024-07-19T22:35:02.645302+00:00 serverenterprise sshd[3674]: Disconnected from authenticating user root 220.80.223.144 port 48508 [preauth]
2024-07-19T22:35:03.611798+00:00 serverenterprise sshd[3677]: Received disconnect from 91.103.253.62 port 50010:11: Bye Bye [preauth]
2024-07-19T22:35:03.611927+00:00 serverenterprise sshd[3677]: Disconnected from authenticating user root 91.103.253.62 port 50010 [preauth]
2024-07-19T22:35:04.495976+00:00 serverenterprise sshd[3682]: pam_unix(sshd:auth): authentication failure; logname= uid=0 euid=0 tty=ssh ruser= rhost=120.48.53.82  user=root
2024-07-19T22:35:06.208273+00:00 serverenterprise sshd[3682]: Failed password for root from 120.48.53.82 port 33350 ssh2
2024-07-19T22:35:06.466594+00:00 serverenterprise sshd[3682]: Received disconnect from 120.48.53.82 port 33350:11: Bye Bye [preauth]
2024-07-19T22:35:06.466705+00:00 serverenterprise sshd[3682]: Disconnected from authenticating user root 120.48.53.82 port 33350 [preauth]
2024-07-19T22:35:06.714103+00:00 serverenterprise sshd[3684]: pam_unix(sshd:auth): authentication failure; logname= uid=0 euid=0 tty=ssh ruser= rhost=164.138.103.24  user=root
2024-07-19T22:35:08.703519+00:00 serverenterprise sshd[3684]: Failed password for root from 164.138.103.24 port 35976 ssh2
2024-07-19T22:35:10.285772+00:00 serverenterprise sshd[3684]: Received disconnect from 164.138.103.24 port 35976:11: Bye Bye [preauth]
2024-07-19T22:35:10.285915+00:00 serverenterprise sshd[3684]: Disconnected from authenticating user root 164.138.103.24 port 35976 [preauth]
2024-07-19T22:35:13.317724+00:00 serverenterprise sshd[3688]: Invalid user user from 68.183.119.215 port 38030
2024-07-19T22:35:13.321866+00:00 serverenterprise sshd[3688]: pam_unix(sshd:auth): check pass; user unknown
2024-07-19T22:35:13.322025+00:00 serverenterprise sshd[3688]: pam_unix(sshd:auth): authentication failure; logname= uid=0 euid=0 tty=ssh ruser= rhost=68.183.119.215 
2024-07-19T22:35:14.325972+00:00 serverenterprise sshd[3686]: pam_unix(sshd:auth): authentication failure; logname= uid=0 euid=0 tty=ssh ruser= rhost=43.129.158.215  user=root
2024-07-19T22:35:15.340135+00:00 serverenterprise sshd[3692]: pam_unix(sshd:auth): authentication failure; logname= uid=0 euid=0 tty=ssh ruser= rhost=178.185.206.179  user=root
2024-07-19T22:35:15.601986+00:00 serverenterprise sshd[3688]: Failed password for invalid user user from 68.183.119.215 port 38030 ssh2
2024-07-19T22:35:15.809053+00:00 serverenterprise sshd[3690]: pam_unix(sshd:auth): authentication failure; logname= uid=0 euid=0 tty=ssh ruser= rhost=43.133.154.235  user=root
2024-07-19T22:35:15.894234+00:00 serverenterprise sshd[3688]: Received disconnect from 68.183.119.215 port 38030:11: Bye Bye [preauth]
2024-07-19T22:35:15.894348+00:00 serverenterprise sshd[3688]: Disconnected from invalid user user 68.183.119.215 port 38030 [preauth]
2024-07-19T22:35:16.410260+00:00 serverenterprise sshd[3686]: Failed password for root from 43.129.158.215 port 58548 ssh2
2024-07-19T22:35:17.564345+00:00 serverenterprise sshd[3692]: Failed password for root from 178.185.206.179 port 49602 ssh2
2024-07-19T22:35:17.984797+00:00 serverenterprise sshd[3686]: Received disconnect from 43.129.158.215 port 58548:11: Bye Bye [preauth]
2024-07-19T22:35:17.984900+00:00 serverenterprise sshd[3686]: Disconnected from authenticating user root 43.129.158.215 port 58548 [preauth]
2024-07-19T22:35:18.033084+00:00 serverenterprise sshd[3690]: Failed password for root from 43.133.154.235 port 3032 ssh2
2024-07-19T22:35:18.922327+00:00 serverenterprise sshd[3692]: Received disconnect from 178.185.206.179 port 49602:11: Bye Bye [preauth]
2024-07-19T22:35:18.922473+00:00 serverenterprise sshd[3692]: Disconnected from authenticating user root 178.185.206.179 port 49602 [preauth]
2024-07-19T22:35:19.518876+00:00 serverenterprise sshd[3690]: Received disconnect from 43.133.154.235 port 3032:11: Bye Bye [preauth]
2024-07-19T22:35:19.519123+00:00 serverenterprise sshd[3690]: Disconnected from authenticating user root 43.133.154.235 port 3032 [preauth]
2024-07-19T22:35:20.457304+00:00 serverenterprise sshd[3694]: Invalid user ubuntu from 139.59.68.182 port 45744
2024-07-19T22:35:20.462510+00:00 serverenterprise sshd[3694]: pam_unix(sshd:auth): check pass; user unknown
2024-07-19T22:35:20.462740+00:00 serverenterprise sshd[3694]: pam_unix(sshd:auth): authentication failure; logname= uid=0 euid=0 tty=ssh ruser= rhost=139.59.68.182 
2024-07-19T22:35:23.038306+00:00 serverenterprise sshd[3694]: Failed password for invalid user ubuntu from 139.59.68.182 port 45744 ssh2
2024-07-19T22:35:25.327081+00:00 serverenterprise sshd[3694]: Received disconnect from 139.59.68.182 port 45744:11: Bye Bye [preauth]
2024-07-19T22:35:25.327240+00:00 serverenterprise sshd[3694]: Disconnected from invalid user ubuntu 139.59.68.182 port 45744 [preauth]
2024-07-19T22:35:26.472849+00:00 serverenterprise sshd[3696]: pam_unix(sshd:auth): authentication failure; logname= uid=0 euid=0 tty=ssh ruser= rhost=223.240.105.90  user=root
2024-07-19T22:35:27.482656+00:00 serverenterprise sshd[3698]: pam_unix(sshd:auth): authentication failure; logname= uid=0 euid=0 tty=ssh ruser= rhost=103.144.245.170  user=root
2024-07-19T22:35:28.872900+00:00 serverenterprise sshd[3696]: Failed password for root from 223.240.105.90 port 38963 ssh2
2024-07-19T22:35:29.686851+00:00 serverenterprise sshd[3698]: Failed password for root from 103.144.245.170 port 46250 ssh2
2024-07-19T22:35:30.117760+00:00 serverenterprise sshd[3696]: Received disconnect from 223.240.105.90 port 38963:11: Bye Bye [preauth]
2024-07-19T22:35:30.117885+00:00 serverenterprise sshd[3696]: Disconnected from authenticating user root 223.240.105.90 port 38963 [preauth]
2024-07-19T22:35:30.995689+00:00 serverenterprise sshd[3698]: Received disconnect from 103.144.245.170 port 46250:11: Bye Bye [preauth]
2024-07-19T22:35:30.995836+00:00 serverenterprise sshd[3698]: Disconnected from authenticating user root 103.144.245.170 port 46250 [preauth]
2024-07-19T22:35:34.639536+00:00 serverenterprise sshd[3700]: pam_unix(sshd:auth): authentication failure; logname= uid=0 euid=0 tty=ssh ruser= rhost=14.63.217.28  user=root
2024-07-19T22:35:36.136275+00:00 serverenterprise sshd[3700]: Failed password for root from 14.63.217.28 port 47248 ssh2
2024-07-19T22:35:36.562242+00:00 serverenterprise sshd[3700]: Received disconnect from 14.63.217.28 port 47248:11: Bye Bye [preauth]
2024-07-19T22:35:36.562367+00:00 serverenterprise sshd[3700]: Disconnected from authenticating user root 14.63.217.28 port 47248 [preauth]
2024-07-19T22:35:38.561009+00:00 serverenterprise sshd[3702]: pam_unix(sshd:auth): authentication failure; logname= uid=0 euid=0 tty=ssh ruser= rhost=43.154.151.93  user=root
2024-07-19T22:35:41.276951+00:00 serverenterprise sshd[3702]: Failed password for root from 43.154.151.93 port 44918 ssh2
2024-07-19T22:35:41.446771+00:00 serverenterprise sshd[3704]: pam_unix(sshd:auth): authentication failure; logname= uid=0 euid=0 tty=ssh ruser= rhost=120.48.53.82  user=root
2024-07-19T22:35:42.212497+00:00 serverenterprise sshd[3702]: Received disconnect from 43.154.151.93 port 44918:11: Bye Bye [preauth]
2024-07-19T22:35:42.212622+00:00 serverenterprise sshd[3702]: Disconnected from authenticating user root 43.154.151.93 port 44918 [preauth]
2024-07-19T22:35:42.350129+00:00 serverenterprise sshd[3706]: Invalid user sftpuser from 91.103.253.62 port 37530
2024-07-19T22:35:42.354112+00:00 serverenterprise sshd[3706]: pam_unix(sshd:auth): check pass; user unknown
2024-07-19T22:35:42.354529+00:00 serverenterprise sshd[3706]: pam_unix(sshd:auth): authentication failure; logname= uid=0 euid=0 tty=ssh ruser= rhost=91.103.253.62 
2024-07-19T22:35:43.239233+00:00 serverenterprise sshd[3704]: Failed password for root from 120.48.53.82 port 43442 ssh2
2024-07-19T22:35:44.283095+00:00 serverenterprise sshd[3706]: Failed password for invalid user sftpuser from 91.103.253.62 port 37530 ssh2
2024-07-19T22:35:44.478507+00:00 serverenterprise sshd[3706]: Received disconnect from 91.103.253.62 port 37530:11: Bye Bye [preauth]
2024-07-19T22:35:44.478639+00:00 serverenterprise sshd[3706]: Disconnected from invalid user sftpuser 91.103.253.62 port 37530 [preauth]
2024-07-19T22:35:45.122783+00:00 serverenterprise sshd[3704]: Received disconnect from 120.48.53.82 port 43442:11: Bye Bye [preauth]
2024-07-19T22:35:45.122942+00:00 serverenterprise sshd[3704]: Disconnected from authenticating user root 120.48.53.82 port 43442 [preauth]
2024-07-19T22:35:48.938773+00:00 serverenterprise sshd[3708]: pam_unix(sshd:auth): authentication failure; logname= uid=0 euid=0 tty=ssh ruser= rhost=220.80.223.144  user=root
2024-07-19T22:35:50.628012+00:00 serverenterprise sshd[3710]: pam_unix(sshd:auth): authentication failure; logname= uid=0 euid=0 tty=ssh ruser= rhost=164.138.103.24  user=root
2024-07-19T22:35:51.358623+00:00 serverenterprise sshd[3708]: Failed password for root from 220.80.223.144 port 41152 ssh2
2024-07-19T22:35:52.584960+00:00 serverenterprise sshd[3708]: Received disconnect from 220.80.223.144 port 41152:11: Bye Bye [preauth]
2024-07-19T22:35:52.585100+00:00 serverenterprise sshd[3708]: Disconnected from authenticating user root 220.80.223.144 port 41152 [preauth]
2024-07-19T22:35:53.323525+00:00 serverenterprise sshd[3710]: Failed password for root from 164.138.103.24 port 54076 ssh2
2024-07-19T22:35:54.195516+00:00 serverenterprise sshd[3710]: Received disconnect from 164.138.103.24 port 54076:11: Bye Bye [preauth]
2024-07-19T22:35:54.195757+00:00 serverenterprise sshd[3710]: Disconnected from authenticating user root 164.138.103.24 port 54076 [preauth]
2024-07-19T22:35:54.648811+00:00 serverenterprise sshd[3712]: Invalid user testuser from 103.163.118.84 port 55004
2024-07-19T22:35:54.654311+00:00 serverenterprise sshd[3712]: pam_unix(sshd:auth): check pass; user unknown
2024-07-19T22:35:54.654650+00:00 serverenterprise sshd[3712]: pam_unix(sshd:auth): authentication failure; logname= uid=0 euid=0 tty=ssh ruser= rhost=103.163.118.84 
2024-07-19T22:35:56.563141+00:00 serverenterprise sshd[3712]: Failed password for invalid user testuser from 103.163.118.84 port 55004 ssh2
2024-07-19T22:35:57.314746+00:00 serverenterprise sshd[3712]: Received disconnect from 103.163.118.84 port 55004:11: Bye Bye [preauth]
2024-07-19T22:35:57.314903+00:00 serverenterprise sshd[3712]: Disconnected from invalid user testuser 103.163.118.84 port 55004 [preauth]
2024-07-19T22:36:00.522206+00:00 serverenterprise sshd[3715]: pam_unix(sshd:auth): authentication failure; logname= uid=0 euid=0 tty=ssh ruser= rhost=223.240.105.90  user=root
2024-07-19T22:36:01.116123+00:00 serverenterprise sshd[3717]: pam_unix(sshd:auth): authentication failure; logname= uid=0 euid=0 tty=ssh ruser= rhost=68.183.119.215  user=root
2024-07-19T22:36:02.590877+00:00 serverenterprise sshd[3715]: Failed password for root from 223.240.105.90 port 42413 ssh2
2024-07-19T22:36:02.690724+00:00 serverenterprise sshd[3714]: error: kex_exchange_identification: read: Connection reset by peer
2024-07-19T22:36:02.690894+00:00 serverenterprise sshd[3714]: Connection reset by 65.254.92.214 port 57238
2024-07-19T22:36:03.018825+00:00 serverenterprise sshd[3719]: pam_unix(sshd:auth): authentication failure; logname= uid=0 euid=0 tty=ssh ruser= rhost=43.155.135.5  user=root
2024-07-19T22:36:03.320542+00:00 serverenterprise sshd[3717]: Failed password for root from 68.183.119.215 port 52354 ssh2
2024-07-19T22:36:04.030124+00:00 serverenterprise sshd[3721]: pam_unix(sshd:auth): authentication failure; logname= uid=0 euid=0 tty=ssh ruser= rhost=43.129.158.215  user=root
2024-07-19T22:36:04.172986+00:00 serverenterprise sshd[3715]: Received disconnect from 223.240.105.90 port 42413:11: Bye Bye [preauth]
2024-07-19T22:36:04.173207+00:00 serverenterprise sshd[3715]: Disconnected from authenticating user root 223.240.105.90 port 42413 [preauth]
2024-07-19T22:36:04.561813+00:00 serverenterprise sshd[3717]: Received disconnect from 68.183.119.215 port 52354:11: Bye Bye [preauth]
2024-07-19T22:36:04.561965+00:00 serverenterprise sshd[3717]: Disconnected from authenticating user root 68.183.119.215 port 52354 [preauth]
2024-07-19T22:36:04.831510+00:00 serverenterprise sshd[3719]: Failed password for root from 43.155.135.5 port 50876 ssh2
2024-07-19T22:36:05.978608+00:00 serverenterprise sshd[3721]: Failed password for root from 43.129.158.215 port 44688 ssh2
2024-07-19T22:36:06.665001+00:00 serverenterprise sshd[3719]: Received disconnect from 43.155.135.5 port 50876:11: Bye Bye [preauth]
2024-07-19T22:36:06.665134+00:00 serverenterprise sshd[3719]: Disconnected from authenticating user root 43.155.135.5 port 50876 [preauth]
2024-07-19T22:36:07.679906+00:00 serverenterprise sshd[3721]: Received disconnect from 43.129.158.215 port 44688:11: Bye Bye [preauth]
2024-07-19T22:36:07.680053+00:00 serverenterprise sshd[3721]: Disconnected from authenticating user root 43.129.158.215 port 44688 [preauth]
2024-07-19T22:36:08.887146+00:00 serverenterprise sshd[3723]: pam_unix(sshd:auth): authentication failure; logname= uid=0 euid=0 tty=ssh ruser= rhost=43.133.154.235  user=root
2024-07-19T22:36:10.857379+00:00 serverenterprise sshd[3725]: Invalid user user from 139.59.68.182 port 33710
2024-07-19T22:36:10.862067+00:00 serverenterprise sshd[3725]: pam_unix(sshd:auth): check pass; user unknown
2024-07-19T22:36:10.862228+00:00 serverenterprise sshd[3725]: pam_unix(sshd:auth): authentication failure; logname= uid=0 euid=0 tty=ssh ruser= rhost=139.59.68.182 
2024-07-19T22:36:11.051321+00:00 serverenterprise sshd[3723]: Failed password for root from 43.133.154.235 port 40315 ssh2
2024-07-19T22:36:11.427888+00:00 serverenterprise sshd[3727]: pam_unix(sshd:auth): authentication failure; logname= uid=0 euid=0 tty=ssh ruser= rhost=103.144.245.170  user=root
2024-07-19T22:36:12.594825+00:00 serverenterprise sshd[3723]: Received disconnect from 43.133.154.235 port 40315:11: Bye Bye [preauth]
2024-07-19T22:36:12.595241+00:00 serverenterprise sshd[3723]: Disconnected from authenticating user root 43.133.154.235 port 40315 [preauth]
2024-07-19T22:36:13.302469+00:00 serverenterprise sshd[3725]: Failed password for invalid user user from 139.59.68.182 port 33710 ssh2
2024-07-19T22:36:13.633562+00:00 serverenterprise sshd[3725]: Received disconnect from 139.59.68.182 port 33710:11: Bye Bye [preauth]
2024-07-19T22:36:13.633688+00:00 serverenterprise sshd[3725]: Disconnected from invalid user user 139.59.68.182 port 33710 [preauth]
2024-07-19T22:36:13.672174+00:00 serverenterprise sshd[3727]: Failed password for root from 103.144.245.170 port 60802 ssh2
2024-07-19T22:36:14.940726+00:00 serverenterprise sshd[3727]: Received disconnect from 103.144.245.170 port 60802:11: Bye Bye [preauth]
2024-07-19T22:36:14.940843+00:00 serverenterprise sshd[3727]: Disconnected from authenticating user root 103.144.245.170 port 60802 [preauth]
2024-07-19T22:36:23.344211+00:00 serverenterprise sshd[3729]: Invalid user testuser from 120.48.53.82 port 53536
2024-07-19T22:36:23.348129+00:00 serverenterprise sshd[3729]: pam_unix(sshd:auth): check pass; user unknown
2024-07-19T22:36:23.348329+00:00 serverenterprise sshd[3729]: pam_unix(sshd:auth): authentication failure; logname= uid=0 euid=0 tty=ssh ruser= rhost=120.48.53.82 
2024-07-19T22:36:25.022988+00:00 serverenterprise sshd[3731]: pam_unix(sshd:auth): authentication failure; logname= uid=0 euid=0 tty=ssh ruser= rhost=91.103.253.62  user=root
2024-07-19T22:36:25.572770+00:00 serverenterprise sshd[3729]: Failed password for invalid user testuser from 120.48.53.82 port 53536 ssh2
2024-07-19T22:36:25.896441+00:00 serverenterprise sshd[3729]: Received disconnect from 120.48.53.82 port 53536:11: Bye Bye [preauth]
2024-07-19T22:36:25.896553+00:00 serverenterprise sshd[3729]: Disconnected from invalid user testuser 120.48.53.82 port 53536 [preauth]
2024-07-19T22:36:27.104961+00:00 serverenterprise sshd[3733]: pam_unix(sshd:auth): authentication failure; logname= uid=0 euid=0 tty=ssh ruser= rhost=14.63.217.28  user=root
2024-07-19T22:36:27.523875+00:00 serverenterprise sshd[3731]: Failed password for root from 91.103.253.62 port 40728 ssh2
2024-07-19T22:36:28.557733+00:00 serverenterprise sshd[3731]: Received disconnect from 91.103.253.62 port 40728:11: Bye Bye [preauth]
2024-07-19T22:36:28.557918+00:00 serverenterprise sshd[3731]: Disconnected from authenticating user root 91.103.253.62 port 40728 [preauth]
2024-07-19T22:36:28.877773+00:00 serverenterprise sshd[3733]: Failed password for root from 14.63.217.28 port 33640 ssh2
2024-07-19T22:36:30.746955+00:00 serverenterprise sshd[3733]: Received disconnect from 14.63.217.28 port 33640:11: Bye Bye [preauth]
2024-07-19T22:36:30.747140+00:00 serverenterprise sshd[3733]: Disconnected from authenticating user root 14.63.217.28 port 33640 [preauth]
2024-07-19T22:36:31.664698+00:00 serverenterprise sshd[3735]: pam_unix(sshd:auth): authentication failure; logname= uid=0 euid=0 tty=ssh ruser= rhost=43.154.151.93  user=root
2024-07-19T22:36:32.416617+00:00 serverenterprise sshd[3737]: pam_unix(sshd:auth): authentication failure; logname= uid=0 euid=0 tty=ssh ruser= rhost=178.185.206.179  user=root
2024-07-19T22:36:33.603383+00:00 serverenterprise sshd[3739]: Invalid user sftpuser from 164.138.103.24 port 45614
2024-07-19T22:36:33.607381+00:00 serverenterprise sshd[3739]: pam_unix(sshd:auth): check pass; user unknown
2024-07-19T22:36:33.607613+00:00 serverenterprise sshd[3739]: pam_unix(sshd:auth): authentication failure; logname= uid=0 euid=0 tty=ssh ruser= rhost=164.138.103.24 
2024-07-19T22:36:33.653286+00:00 serverenterprise sshd[3735]: Failed password for root from 43.154.151.93 port 59498 ssh2
2024-07-19T22:36:35.212506+00:00 serverenterprise sshd[3737]: Failed password for root from 178.185.206.179 port 55258 ssh2
2024-07-19T22:36:35.319899+00:00 serverenterprise sshd[3735]: Received disconnect from 43.154.151.93 port 59498:11: Bye Bye [preauth]
2024-07-19T22:36:35.320011+00:00 serverenterprise sshd[3735]: Disconnected from authenticating user root 43.154.151.93 port 59498 [preauth]
2024-07-19T22:36:35.872283+00:00 serverenterprise sshd[3739]: Failed password for invalid user sftpuser from 164.138.103.24 port 45614 ssh2
2024-07-19T22:36:35.986525+00:00 serverenterprise sshd[3737]: Received disconnect from 178.185.206.179 port 55258:11: Bye Bye [preauth]
2024-07-19T22:36:35.986755+00:00 serverenterprise sshd[3737]: Disconnected from authenticating user root 178.185.206.179 port 55258 [preauth]
2024-07-19T22:36:37.519815+00:00 serverenterprise sshd[3741]: pam_unix(sshd:auth): authentication failure; logname= uid=0 euid=0 tty=ssh ruser= rhost=223.240.105.90  user=root
2024-07-19T22:36:37.798347+00:00 serverenterprise sshd[3739]: Received disconnect from 164.138.103.24 port 45614:11: Bye Bye [preauth]
2024-07-19T22:36:37.798528+00:00 serverenterprise sshd[3739]: Disconnected from invalid user sftpuser 164.138.103.24 port 45614 [preauth]
2024-07-19T22:36:37.953399+00:00 serverenterprise sshd[3743]: pam_unix(sshd:auth): authentication failure; logname= uid=0 euid=0 tty=ssh ruser= rhost=220.80.223.144  user=root
2024-07-19T22:36:39.689867+00:00 serverenterprise sshd[3745]: pam_unix(sshd:auth): authentication failure; logname= uid=0 euid=0 tty=ssh ruser= rhost=182.151.51.95  user=root
2024-07-19T22:36:40.000135+00:00 serverenterprise sshd[3741]: Failed password for root from 223.240.105.90 port 45862 ssh2
2024-07-19T22:36:40.433762+00:00 serverenterprise sshd[3743]: Failed password for root from 220.80.223.144 port 33842 ssh2
2024-07-19T22:36:41.173048+00:00 serverenterprise sshd[3741]: Received disconnect from 223.240.105.90 port 45862:11: Bye Bye [preauth]
2024-07-19T22:36:41.173208+00:00 serverenterprise sshd[3741]: Disconnected from authenticating user root 223.240.105.90 port 45862 [preauth]
2024-07-19T22:36:41.442692+00:00 serverenterprise sshd[3745]: Failed password for root from 182.151.51.95 port 35508 ssh2
2024-07-19T22:36:41.596940+00:00 serverenterprise sshd[3743]: Received disconnect from 220.80.223.144 port 33842:11: Bye Bye [preauth]
