2024-07-19T22:21:27.392533+00:00 serverenterprise sshd[3062]: Received disconnect from 68.183.119.215 port 48296:11: Bye Bye [preauth]
2024-07-19T22:21:27.392681+00:00 serverenterprise sshd[3062]: Disconnected from authenticating user root 68.183.119.215 port 48296 [preauth]
2024-07-19T22:21:32.991929+00:00 serverenterprise sshd[3064]: pam_unix(sshd:auth): authentication failure; logname= uid=0 euid=0 tty=ssh ruser= rhost=178.185.206.179  user=root
2024-07-19T22:21:33.088847+00:00 serverenterprise sshd[3066]: Invalid user deploy from 170.83.79.31 port 50578
2024-07-19T22:21:33.093886+00:00 serverenterprise sshd[3066]: pam_unix(sshd:auth): check pass; user unknown
2024-07-19T22:21:33.094130+00:00 serverenterprise sshd[3066]: pam_unix(sshd:auth): authentication failure; logname= uid=0 euid=0 tty=ssh ruser= rhost=170.83.79.31 
2024-07-19T22:21:34.895625+00:00 serverenterprise sshd[3064]: Failed password for root from 178.185.206.179 port 47140 ssh2
2024-07-19T22:21:35.469340+00:00 serverenterprise sshd[3066]: Failed password for invalid user deploy from 170.83.79.31 port 50578 ssh2
2024-07-19T22:21:36.573833+00:00 serverenterprise sshd[3064]: Received disconnect from 178.185.206.179 port 47140:11: Bye Bye [preauth]
2024-07-19T22:21:36.573976+00:00 serverenterprise sshd[3064]: Disconnected from authenticating user root 178.185.206.179 port 47140 [preauth]
2024-07-19T22:21:37.236751+00:00 serverenterprise sshd[3066]: Received disconnect from 170.83.79.31 port 50578:11: Bye Bye [preauth]
2024-07-19T22:21:37.236891+00:00 serverenterprise sshd[3066]: Disconnected from invalid user deploy 170.83.79.31 port 50578 [preauth]
2024-07-19T22:21:39.554534+00:00 serverenterprise sshd[3070]: Invalid user testing from 43.155.135.5 port 45630
2024-07-19T22:21:39.559583+00:00 serverenterprise sshd[3070]: pam_unix(sshd:auth): check pass; user unknown
2024-07-19T22:21:39.559708+00:00 serverenterprise sshd[3070]: pam_unix(sshd:auth): authentication failure; logname= uid=0 euid=0 tty=ssh ruser= rhost=43.155.135.5 
2024-07-19T22:21:39.564398+00:00 serverenterprise sshd[3068]: pam_unix(sshd:auth): authentication failure; logname= uid=0 euid=0 tty=ssh ruser= rhost=27.150.26.228  user=root
2024-07-19T22:21:40.002151+00:00 serverenterprise sshd[3072]: pam_unix(sshd:auth): authentication failure; logname= uid=0 euid=0 tty=ssh ruser= rhost=139.59.68.182  user=root
2024-07-19T22:21:41.758658+00:00 serverenterprise sshd[3070]: Failed password for invalid user testing from 43.155.135.5 port 45630 ssh2
2024-07-19T22:21:41.763835+00:00 serverenterprise sshd[3068]: Failed password for root from 27.150.26.228 port 35028 ssh2
2024-07-19T22:21:42.674144+00:00 serverenterprise sshd[3072]: Failed password for root from 139.59.68.182 port 40072 ssh2
2024-07-19T22:21:43.031443+00:00 serverenterprise sshd[3070]: Received disconnect from 43.155.135.5 port 45630:11: Bye Bye [preauth]
2024-07-19T22:21:43.031601+00:00 serverenterprise sshd[3070]: Disconnected from invalid user testing 43.155.135.5 port 45630 [preauth]
2024-07-19T22:21:43.232254+00:00 serverenterprise sshd[3068]: Received disconnect from 27.150.26.228 port 35028:11: Bye Bye [preauth]
2024-07-19T22:21:43.233456+00:00 serverenterprise sshd[3068]: Disconnected from authenticating user root 27.150.26.228 port 35028 [preauth]
2024-07-19T22:21:43.698472+00:00 serverenterprise sshd[3072]: Received disconnect from 139.59.68.182 port 40072:11: Bye Bye [preauth]
2024-07-19T22:21:43.698595+00:00 serverenterprise sshd[3072]: Disconnected from authenticating user root 139.59.68.182 port 40072 [preauth]
2024-07-19T22:21:46.250996+00:00 serverenterprise sshd[3074]: Invalid user erp from 43.154.151.93 port 51400
2024-07-19T22:21:46.256865+00:00 serverenterprise sshd[3074]: pam_unix(sshd:auth): check pass; user unknown
2024-07-19T22:21:46.257139+00:00 serverenterprise sshd[3074]: pam_unix(sshd:auth): authentication failure; logname= uid=0 euid=0 tty=ssh ruser= rhost=43.154.151.93 
2024-07-19T22:21:48.416873+00:00 serverenterprise sshd[3074]: Failed password for invalid user erp from 43.154.151.93 port 51400 ssh2
2024-07-19T22:21:49.640843+00:00 serverenterprise sshd[3074]: Received disconnect from 43.154.151.93 port 51400:11: Bye Bye [preauth]
2024-07-19T22:21:49.640998+00:00 serverenterprise sshd[3074]: Disconnected from invalid user erp 43.154.151.93 port 51400 [preauth]
2024-07-19T22:22:07.225349+00:00 serverenterprise sshd[3076]: pam_unix(sshd:auth): authentication failure; logname= uid=0 euid=0 tty=ssh ruser= rhost=170.83.79.31  user=root
2024-07-19T22:22:07.885187+00:00 serverenterprise sshd[3080]: pam_unix(sshd:auth): authentication failure; logname= uid=0 euid=0 tty=ssh ruser= rhost=68.183.119.215  user=root
2024-07-19T22:22:08.187765+00:00 serverenterprise sshd[3078]: pam_unix(sshd:auth): authentication failure; logname= uid=0 euid=0 tty=ssh ruser= rhost=27.150.26.228  user=root
2024-07-19T22:22:08.933493+00:00 serverenterprise sshd[3076]: Failed password for root from 170.83.79.31 port 56086 ssh2
2024-07-19T22:22:08.993526+00:00 serverenterprise sshd[3076]: Received disconnect from 170.83.79.31 port 56086:11: Bye Bye [preauth]
2024-07-19T22:22:08.993664+00:00 serverenterprise sshd[3076]: Disconnected from authenticating user root 170.83.79.31 port 56086 [preauth]
2024-07-19T22:22:09.593548+00:00 serverenterprise sshd[3080]: Failed password for root from 68.183.119.215 port 34382 ssh2
2024-07-19T22:22:09.607533+00:00 serverenterprise sshd[3080]: Received disconnect from 68.183.119.215 port 34382:11: Bye Bye [preauth]
2024-07-19T22:22:09.607668+00:00 serverenterprise sshd[3080]: Disconnected from authenticating user root 68.183.119.215 port 34382 [preauth]
2024-07-19T22:22:10.367243+00:00 serverenterprise sshd[3078]: Failed password for root from 27.150.26.228 port 42340 ssh2
2024-07-19T22:22:11.856015+00:00 serverenterprise sshd[3078]: Received disconnect from 27.150.26.228 port 42340:11: Bye Bye [preauth]
2024-07-19T22:22:11.857573+00:00 serverenterprise sshd[3078]: Disconnected from authenticating user root 27.150.26.228 port 42340 [preauth]
2024-07-19T22:22:12.865192+00:00 serverenterprise sshd[3082]: Invalid user deployer from 43.133.154.235 port 33958
2024-07-19T22:22:12.869955+00:00 serverenterprise sshd[3082]: pam_unix(sshd:auth): check pass; user unknown
2024-07-19T22:22:12.870253+00:00 serverenterprise sshd[3082]: pam_unix(sshd:auth): authentication failure; logname= uid=0 euid=0 tty=ssh ruser= rhost=43.133.154.235 
2024-07-19T22:22:14.934798+00:00 serverenterprise sshd[3082]: Failed password for invalid user deployer from 43.133.154.235 port 33958 ssh2
2024-07-19T22:22:15.739380+00:00 serverenterprise sshd[3082]: Received disconnect from 43.133.154.235 port 33958:11: Bye Bye [preauth]
2024-07-19T22:22:15.739608+00:00 serverenterprise sshd[3082]: Disconnected from invalid user deployer 43.133.154.235 port 33958 [preauth]
2024-07-19T22:22:18.070630+00:00 serverenterprise sshd[3084]: pam_unix(sshd:auth): authentication failure; logname= uid=0 euid=0 tty=ssh ruser= rhost=103.144.245.170  user=root
2024-07-19T22:22:19.622750+00:00 serverenterprise sshd[3084]: Failed password for root from 103.144.245.170 port 40982 ssh2
2024-07-19T22:22:19.858329+00:00 serverenterprise sshd[3084]: Received disconnect from 103.144.245.170 port 40982:11: Bye Bye [preauth]
2024-07-19T22:22:19.858468+00:00 serverenterprise sshd[3084]: Disconnected from authenticating user root 103.144.245.170 port 40982 [preauth]
2024-07-19T22:22:26.020152+00:00 serverenterprise sshd[3086]: Invalid user elastic from 139.59.68.182 port 37026
2024-07-19T22:22:26.024328+00:00 serverenterprise sshd[3086]: pam_unix(sshd:auth): check pass; user unknown
2024-07-19T22:22:26.024750+00:00 serverenterprise sshd[3086]: pam_unix(sshd:auth): authentication failure; logname= uid=0 euid=0 tty=ssh ruser= rhost=139.59.68.182 
2024-07-19T22:22:28.008537+00:00 serverenterprise sshd[3086]: Failed password for invalid user elastic from 139.59.68.182 port 37026 ssh2
2024-07-19T22:22:29.794720+00:00 serverenterprise sshd[3086]: Received disconnect from 139.59.68.182 port 37026:11: Bye Bye [preauth]
2024-07-19T22:22:29.794860+00:00 serverenterprise sshd[3086]: Disconnected from invalid user elastic 139.59.68.182 port 37026 [preauth]
2024-07-19T22:22:32.901861+00:00 serverenterprise sshd[3088]: Invalid user elastic from 43.154.151.93 port 37722
2024-07-19T22:22:32.906774+00:00 serverenterprise sshd[3088]: pam_unix(sshd:auth): check pass; user unknown
2024-07-19T22:22:32.907015+00:00 serverenterprise sshd[3088]: pam_unix(sshd:auth): authentication failure; logname= uid=0 euid=0 tty=ssh ruser= rhost=43.154.151.93 
2024-07-19T22:22:35.046821+00:00 serverenterprise sshd[3088]: Failed password for invalid user elastic from 43.154.151.93 port 37722 ssh2
2024-07-19T22:22:36.623235+00:00 serverenterprise sshd[3088]: Received disconnect from 43.154.151.93 port 37722:11: Bye Bye [preauth]
2024-07-19T22:22:36.623384+00:00 serverenterprise sshd[3088]: Disconnected from invalid user elastic 43.154.151.93 port 37722 [preauth]
2024-07-19T22:22:39.125380+00:00 serverenterprise sshd[3090]: Invalid user user21 from 27.150.26.228 port 49652
2024-07-19T22:22:39.130277+00:00 serverenterprise sshd[3090]: pam_unix(sshd:auth): check pass; user unknown
2024-07-19T22:22:39.130512+00:00 serverenterprise sshd[3090]: pam_unix(sshd:auth): authentication failure; logname= uid=0 euid=0 tty=ssh ruser= rhost=27.150.26.228 
2024-07-19T22:22:40.640353+00:00 serverenterprise sshd[3092]: pam_unix(sshd:auth): authentication failure; logname= uid=0 euid=0 tty=ssh ruser= rhost=170.83.79.31  user=root
2024-07-19T22:22:41.565952+00:00 serverenterprise sshd[3090]: Failed password for invalid user user21 from 27.150.26.228 port 49652 ssh2
2024-07-19T22:22:42.274815+00:00 serverenterprise sshd[3094]: Invalid user deployer from 43.155.135.5 port 60122
2024-07-19T22:22:42.278677+00:00 serverenterprise sshd[3094]: pam_unix(sshd:auth): check pass; user unknown
2024-07-19T22:22:42.278882+00:00 serverenterprise sshd[3094]: pam_unix(sshd:auth): authentication failure; logname= uid=0 euid=0 tty=ssh ruser= rhost=43.155.135.5 
2024-07-19T22:22:42.693755+00:00 serverenterprise sshd[3090]: Received disconnect from 27.150.26.228 port 49652:11: Bye Bye [preauth]
2024-07-19T22:22:42.693855+00:00 serverenterprise sshd[3090]: Disconnected from invalid user user21 27.150.26.228 port 49652 [preauth]
2024-07-19T22:22:42.879905+00:00 serverenterprise sshd[3092]: Failed password for root from 170.83.79.31 port 46580 ssh2
2024-07-19T22:22:43.791391+00:00 serverenterprise sshd[3094]: Failed password for invalid user deployer from 43.155.135.5 port 60122 ssh2
2024-07-19T22:22:44.131825+00:00 serverenterprise sshd[3092]: Received disconnect from 170.83.79.31 port 46580:11: Bye Bye [preauth]
2024-07-19T22:22:44.131988+00:00 serverenterprise sshd[3092]: Disconnected from authenticating user root 170.83.79.31 port 46580 [preauth]
2024-07-19T22:22:45.091784+00:00 serverenterprise sshd[3094]: Received disconnect from 43.155.135.5 port 60122:11: Bye Bye [preauth]
2024-07-19T22:22:45.092143+00:00 serverenterprise sshd[3094]: Disconnected from invalid user deployer 43.155.135.5 port 60122 [preauth]
2024-07-19T22:22:47.209622+00:00 serverenterprise sshd[3096]: Invalid user ansible from 223.240.105.90 port 48867
2024-07-19T22:22:47.214019+00:00 serverenterprise sshd[3096]: pam_unix(sshd:auth): check pass; user unknown
2024-07-19T22:22:47.214275+00:00 serverenterprise sshd[3096]: pam_unix(sshd:auth): authentication failure; logname= uid=0 euid=0 tty=ssh ruser= rhost=223.240.105.90 
2024-07-19T22:22:47.896796+00:00 serverenterprise sshd[3100]: Invalid user testing from 68.183.119.215 port 48700
2024-07-19T22:22:47.900746+00:00 serverenterprise sshd[3100]: pam_unix(sshd:auth): check pass; user unknown
2024-07-19T22:22:47.900919+00:00 serverenterprise sshd[3100]: pam_unix(sshd:auth): authentication failure; logname= uid=0 euid=0 tty=ssh ruser= rhost=68.183.119.215 
2024-07-19T22:22:48.179916+00:00 serverenterprise sshd[3098]: pam_unix(sshd:auth): authentication failure; logname= uid=0 euid=0 tty=ssh ruser= rhost=178.185.206.179  user=root
2024-07-19T22:22:49.083105+00:00 serverenterprise sshd[3096]: Failed password for invalid user ansible from 223.240.105.90 port 48867 ssh2
2024-07-19T22:22:49.650365+00:00 serverenterprise sshd[3096]: Received disconnect from 223.240.105.90 port 48867:11: Bye Bye [preauth]
2024-07-19T22:22:49.650526+00:00 serverenterprise sshd[3096]: Disconnected from invalid user ansible 223.240.105.90 port 48867 [preauth]
2024-07-19T22:22:49.769647+00:00 serverenterprise sshd[3100]: Failed password for invalid user testing from 68.183.119.215 port 48700 ssh2
2024-07-19T22:22:50.184807+00:00 serverenterprise sshd[3098]: Failed password for root from 178.185.206.179 port 58528 ssh2
2024-07-19T22:22:51.168715+00:00 serverenterprise sshd[3100]: Received disconnect from 68.183.119.215 port 48700:11: Bye Bye [preauth]
2024-07-19T22:22:51.168832+00:00 serverenterprise sshd[3100]: Disconnected from invalid user testing 68.183.119.215 port 48700 [preauth]
2024-07-19T22:22:51.753762+00:00 serverenterprise sshd[3098]: Received disconnect from 178.185.206.179 port 58528:11: Bye Bye [preauth]
2024-07-19T22:22:51.753890+00:00 serverenterprise sshd[3098]: Disconnected from authenticating user root 178.185.206.179 port 58528 [preauth]
2024-07-19T22:22:54.904903+00:00 serverenterprise sshd[3102]: pam_unix(sshd:auth): authentication failure; logname= uid=0 euid=0 tty=ssh ruser= rhost=164.138.103.24  user=root
2024-07-19T22:22:56.286855+00:00 serverenterprise CRON[2958]: pam_unix(cron:session): session closed for user root
2024-07-19T22:22:56.397220+00:00 serverenterprise sshd[3102]: Failed password for root from 164.138.103.24 port 49674 ssh2
2024-07-19T22:22:56.747738+00:00 serverenterprise sshd[3102]: Received disconnect from 164.138.103.24 port 49674:11: Bye Bye [preauth]
2024-07-19T22:22:56.747871+00:00 serverenterprise sshd[3102]: Disconnected from authenticating user root 164.138.103.24 port 49674 [preauth]
2024-07-19T22:23:01.065400+00:00 serverenterprise sshd[3152]: pam_unix(sshd:auth): authentication failure; logname= uid=0 euid=0 tty=ssh ruser= rhost=43.133.154.235  user=root
2024-07-19T22:23:02.853547+00:00 serverenterprise sshd[3152]: Failed password for root from 43.133.154.235 port 57768 ssh2
2024-07-19T22:23:04.771879+00:00 serverenterprise sshd[3152]: Received disconnect from 43.133.154.235 port 57768:11: Bye Bye [preauth]
2024-07-19T22:23:04.772167+00:00 serverenterprise sshd[3152]: Disconnected from authenticating user root 43.133.154.235 port 57768 [preauth]
2024-07-19T22:23:08.599791+00:00 serverenterprise sshd[3154]: Invalid user dev from 27.150.26.228 port 56966
2024-07-19T22:23:08.604190+00:00 serverenterprise sshd[3154]: pam_unix(sshd:auth): check pass; user unknown
2024-07-19T22:23:08.604359+00:00 serverenterprise sshd[3154]: pam_unix(sshd:auth): authentication failure; logname= uid=0 euid=0 tty=ssh ruser= rhost=27.150.26.228 
2024-07-19T22:23:09.064046+00:00 serverenterprise sshd[3156]: pam_unix(sshd:auth): authentication failure; logname= uid=0 euid=0 tty=ssh ruser= rhost=91.103.253.62  user=root
2024-07-19T22:23:10.688790+00:00 serverenterprise sshd[3154]: Failed password for invalid user dev from 27.150.26.228 port 56966 ssh2
2024-07-19T22:23:11.038337+00:00 serverenterprise sshd[3154]: Received disconnect from 27.150.26.228 port 56966:11: Bye Bye [preauth]
2024-07-19T22:23:11.038502+00:00 serverenterprise sshd[3154]: Disconnected from invalid user dev 27.150.26.228 port 56966 [preauth]
2024-07-19T22:23:11.617178+00:00 serverenterprise sshd[3156]: Failed password for root from 91.103.253.62 port 39988 ssh2
2024-07-19T22:23:12.598529+00:00 serverenterprise sshd[3156]: Received disconnect from 91.103.253.62 port 39988:11: Bye Bye [preauth]
2024-07-19T22:23:12.598659+00:00 serverenterprise sshd[3156]: Disconnected from authenticating user root 91.103.253.62 port 39988 [preauth]
2024-07-19T22:23:13.999853+00:00 serverenterprise sshd[3161]: pam_unix(sshd:auth): authentication failure; logname= uid=0 euid=0 tty=ssh ruser= rhost=170.83.79.31  user=root
2024-07-19T22:23:14.634765+00:00 serverenterprise sshd[3159]: pam_unix(sshd:auth): authentication failure; logname= uid=0 euid=0 tty=ssh ruser= rhost=139.59.68.182  user=root
2024-07-19T22:23:15.768395+00:00 serverenterprise sshd[3161]: Failed password for root from 170.83.79.31 port 35968 ssh2
2024-07-19T22:23:16.875375+00:00 serverenterprise sshd[3159]: Failed password for root from 139.59.68.182 port 56852 ssh2
2024-07-19T22:23:17.492850+00:00 serverenterprise sshd[3161]: Received disconnect from 170.83.79.31 port 35968:11: Bye Bye [preauth]
2024-07-19T22:23:17.493007+00:00 serverenterprise sshd[3161]: Disconnected from authenticating user root 170.83.79.31 port 35968 [preauth]
2024-07-19T22:23:18.330833+00:00 serverenterprise sshd[3159]: Received disconnect from 139.59.68.182 port 56852:11: Bye Bye [preauth]
2024-07-19T22:23:18.330997+00:00 serverenterprise sshd[3159]: Disconnected from authenticating user root 139.59.68.182 port 56852 [preauth]
2024-07-19T22:23:19.587788+00:00 serverenterprise sshd[3163]: Invalid user testftp from 43.154.151.93 port 52288
2024-07-19T22:23:19.592163+00:00 serverenterprise sshd[3163]: pam_unix(sshd:auth): check pass; user unknown
2024-07-19T22:23:19.592327+00:00 serverenterprise sshd[3163]: pam_unix(sshd:auth): authentication failure; logname= uid=0 euid=0 tty=ssh ruser= rhost=43.154.151.93 
2024-07-19T22:23:21.520923+00:00 serverenterprise sshd[3163]: Failed password for invalid user testftp from 43.154.151.93 port 52288 ssh2
2024-07-19T22:23:21.926353+00:00 serverenterprise sshd[3163]: Received disconnect from 43.154.151.93 port 52288:11: Bye Bye [preauth]
2024-07-19T22:23:21.926524+00:00 serverenterprise sshd[3163]: Disconnected from invalid user testftp 43.154.151.93 port 52288 [preauth]
2024-07-19T22:23:28.776989+00:00 serverenterprise sshd[3165]: pam_unix(sshd:auth): authentication failure; logname= uid=0 euid=0 tty=ssh ruser= rhost=68.183.119.215  user=root
2024-07-19T22:23:31.272757+00:00 serverenterprise sshd[3165]: Failed password for root from 68.183.119.215 port 34784 ssh2
2024-07-19T22:23:32.222062+00:00 serverenterprise sshd[3165]: Received disconnect from 68.183.119.215 port 34784:11: Bye Bye [preauth]
2024-07-19T22:23:32.222283+00:00 serverenterprise sshd[3165]: Disconnected from authenticating user root 68.183.119.215 port 34784 [preauth]
2024-07-19T22:23:38.778598+00:00 serverenterprise sshd[3169]: Invalid user user from 103.163.118.84 port 36214
2024-07-19T22:23:38.782513+00:00 serverenterprise sshd[3169]: pam_unix(sshd:auth): check pass; user unknown
2024-07-19T22:23:38.782774+00:00 serverenterprise sshd[3169]: pam_unix(sshd:auth): authentication failure; logname= uid=0 euid=0 tty=ssh ruser= rhost=103.163.118.84 
2024-07-19T22:23:39.750881+00:00 serverenterprise sshd[3167]: pam_unix(sshd:auth): authentication failure; logname= uid=0 euid=0 tty=ssh ruser= rhost=27.150.26.228  user=root
2024-07-19T22:23:40.651107+00:00 serverenterprise sshd[3169]: Failed password for invalid user user from 103.163.118.84 port 36214 ssh2
2024-07-19T22:23:41.660513+00:00 serverenterprise sshd[3169]: Received disconnect from 103.163.118.84 port 36214:11: Bye Bye [preauth]
2024-07-19T22:23:41.660681+00:00 serverenterprise sshd[3169]: Disconnected from invalid user user 103.163.118.84 port 36214 [preauth]
2024-07-19T22:23:41.754708+00:00 serverenterprise sshd[3167]: Failed password for root from 27.150.26.228 port 36044 ssh2
2024-07-19T22:23:43.405768+00:00 serverenterprise sshd[3167]: Received disconnect from 27.150.26.228 port 36044:11: Bye Bye [preauth]
2024-07-19T22:23:43.405916+00:00 serverenterprise sshd[3167]: Disconnected from authenticating user root 27.150.26.228 port 36044 [preauth]
2024-07-19T22:23:44.394624+00:00 serverenterprise sshd[3171]: pam_unix(sshd:auth): authentication failure; logname= uid=0 euid=0 tty=ssh ruser= rhost=43.155.135.5  user=root
2024-07-19T22:23:46.188597+00:00 serverenterprise sshd[3173]: pam_unix(sshd:auth): authentication failure; logname= uid=0 euid=0 tty=ssh ruser= rhost=170.83.79.28  user=root
2024-07-19T22:23:46.753226+00:00 serverenterprise sshd[3171]: Failed password for root from 43.155.135.5 port 46378 ssh2
2024-07-19T22:23:48.044616+00:00 serverenterprise sshd[3171]: Received disconnect from 43.155.135.5 port 46378:11: Bye Bye [preauth]
2024-07-19T22:23:48.044810+00:00 serverenterprise sshd[3171]: Disconnected from authenticating user root 43.155.135.5 port 46378 [preauth]
2024-07-19T22:23:48.488492+00:00 serverenterprise sshd[3173]: Failed password for root from 170.83.79.28 port 56632 ssh2
2024-07-19T22:23:49.679437+00:00 serverenterprise sshd[3173]: Received disconnect from 170.83.79.28 port 56632:11: Bye Bye [preauth]
2024-07-19T22:23:49.679569+00:00 serverenterprise sshd[3173]: Disconnected from authenticating user root 170.83.79.28 port 56632 [preauth]
2024-07-19T22:23:52.006864+00:00 serverenterprise sshd[3175]: pam_unix(sshd:auth): authentication failure; logname= uid=0 euid=0 tty=ssh ruser= rhost=43.133.154.235  user=root
2024-07-19T22:23:54.798632+00:00 serverenterprise sshd[3175]: Failed password for root from 43.133.154.235 port 61905 ssh2
2024-07-19T22:23:55.707933+00:00 serverenterprise sshd[3175]: Received disconnect from 43.133.154.235 port 61905:11: Bye Bye [preauth]
2024-07-19T22:23:55.708148+00:00 serverenterprise sshd[3175]: Disconnected from authenticating user root 43.133.154.235 port 61905 [preauth]
2024-07-19T22:24:02.026440+00:00 serverenterprise sshd[3177]: Invalid user testftp from 178.185.206.179 port 44978
2024-07-19T22:24:02.031671+00:00 serverenterprise sshd[3177]: pam_unix(sshd:auth): check pass; user unknown
2024-07-19T22:24:02.031991+00:00 serverenterprise sshd[3177]: pam_unix(sshd:auth): authentication failure; logname= uid=0 euid=0 tty=ssh ruser= rhost=178.185.206.179 
2024-07-19T22:24:03.529035+00:00 serverenterprise sshd[3177]: Failed password for invalid user testftp from 178.185.206.179 port 44978 ssh2
2024-07-19T22:24:04.288543+00:00 serverenterprise sshd[3177]: Received disconnect from 178.185.206.179 port 44978:11: Bye Bye [preauth]
2024-07-19T22:24:04.288680+00:00 serverenterprise sshd[3177]: Disconnected from invalid user testftp 178.185.206.179 port 44978 [preauth]
2024-07-19T22:24:05.727317+00:00 serverenterprise sshd[3179]: Invalid user postgres from 139.59.68.182 port 41358
2024-07-19T22:24:05.731274+00:00 serverenterprise sshd[3179]: pam_unix(sshd:auth): check pass; user unknown
2024-07-19T22:24:05.731698+00:00 serverenterprise sshd[3179]: pam_unix(sshd:auth): authentication failure; logname= uid=0 euid=0 tty=ssh ruser= rhost=139.59.68.182 
2024-07-19T22:24:07.640660+00:00 serverenterprise sshd[3179]: Failed password for invalid user postgres from 139.59.68.182 port 41358 ssh2
2024-07-19T22:24:09.740707+00:00 serverenterprise sshd[3179]: Received disconnect from 139.59.68.182 port 41358:11: Bye Bye [preauth]
2024-07-19T22:24:09.740919+00:00 serverenterprise sshd[3179]: Disconnected from invalid user postgres 139.59.68.182 port 41358 [preauth]
2024-07-19T22:24:10.712297+00:00 serverenterprise sshd[3181]: Invalid user db from 43.154.151.93 port 38616
2024-07-19T22:24:10.715860+00:00 serverenterprise sshd[3181]: pam_unix(sshd:auth): check pass; user unknown
2024-07-19T22:24:10.716075+00:00 serverenterprise sshd[3181]: pam_unix(sshd:auth): authentication failure; logname= uid=0 euid=0 tty=ssh ruser= rhost=43.154.151.93 
2024-07-19T22:24:10.843668+00:00 serverenterprise sshd[3185]: Invalid user user from 68.183.119.215 port 49096
2024-07-19T22:24:10.848690+00:00 serverenterprise sshd[3185]: pam_unix(sshd:auth): check pass; user unknown
2024-07-19T22:24:10.848918+00:00 serverenterprise sshd[3185]: pam_unix(sshd:auth): authentication failure; logname= uid=0 euid=0 tty=ssh ruser= rhost=68.183.119.215 
2024-07-19T22:24:11.263251+00:00 serverenterprise sshd[3183]: Invalid user elastic from 27.150.26.228 port 43360
2024-07-19T22:24:11.267211+00:00 serverenterprise sshd[3183]: pam_unix(sshd:auth): check pass; user unknown
2024-07-19T22:24:11.267378+00:00 serverenterprise sshd[3183]: pam_unix(sshd:auth): authentication failure; logname= uid=0 euid=0 tty=ssh ruser= rhost=27.150.26.228 
2024-07-19T22:24:12.976658+00:00 serverenterprise sshd[3181]: Failed password for invalid user db from 43.154.151.93 port 38616 ssh2
2024-07-19T22:24:13.108931+00:00 serverenterprise sshd[3185]: Failed password for invalid user user from 68.183.119.215 port 49096 ssh2
2024-07-19T22:24:13.331833+00:00 serverenterprise sshd[3183]: Failed password for invalid user elastic from 27.150.26.228 port 43360 ssh2
2024-07-19T22:24:13.409509+00:00 serverenterprise sshd[3185]: Received disconnect from 68.183.119.215 port 49096:11: Bye Bye [preauth]
2024-07-19T22:24:13.409642+00:00 serverenterprise sshd[3185]: Disconnected from invalid user user 68.183.119.215 port 49096 [preauth]
2024-07-19T22:24:14.838757+00:00 serverenterprise sshd[3181]: Received disconnect from 43.154.151.93 port 38616:11: Bye Bye [preauth]
2024-07-19T22:24:14.838897+00:00 serverenterprise sshd[3181]: Disconnected from invalid user db 43.154.151.93 port 38616 [preauth]
2024-07-19T22:24:15.006797+00:00 serverenterprise sshd[3183]: Received disconnect from 27.150.26.228 port 43360:11: Bye Bye [preauth]
2024-07-19T22:24:15.007555+00:00 serverenterprise sshd[3183]: Disconnected from invalid user elastic 27.150.26.228 port 43360 [preauth]
2024-07-19T22:24:24.462802+00:00 serverenterprise sshd[3187]: Invalid user erp from 170.83.79.29 port 54472
2024-07-19T22:24:24.467364+00:00 serverenterprise sshd[3187]: pam_unix(sshd:auth): check pass; user unknown
2024-07-19T22:24:24.467722+00:00 serverenterprise sshd[3187]: pam_unix(sshd:auth): authentication failure; logname= uid=0 euid=0 tty=ssh ruser= rhost=170.83.79.29 
2024-07-19T22:24:25.984810+00:00 serverenterprise sshd[3187]: Failed password for invalid user erp from 170.83.79.29 port 54472 ssh2
2024-07-19T22:24:26.096527+00:00 serverenterprise sshd[3187]: Received disconnect from 170.83.79.29 port 54472:11: Bye Bye [preauth]
2024-07-19T22:24:26.096667+00:00 serverenterprise sshd[3187]: Disconnected from invalid user erp 170.83.79.29 port 54472 [preauth]
2024-07-19T22:24:41.166693+00:00 serverenterprise sshd[3189]: Invalid user erp from 27.150.26.228 port 50672
2024-07-19T22:24:41.172452+00:00 serverenterprise sshd[3189]: pam_unix(sshd:auth): check pass; user unknown
2024-07-19T22:24:41.172664+00:00 serverenterprise sshd[3189]: pam_unix(sshd:auth): authentication failure; logname= uid=0 euid=0 tty=ssh ruser= rhost=27.150.26.228 
2024-07-19T22:24:42.532299+00:00 serverenterprise sshd[3191]: pam_unix(sshd:auth): authentication failure; logname= uid=0 euid=0 tty=ssh ruser= rhost=43.133.154.235  user=root
2024-07-19T22:24:43.357245+00:00 serverenterprise sshd[3189]: Failed password for invalid user erp from 27.150.26.228 port 50672 ssh2
2024-07-19T22:24:44.548860+00:00 serverenterprise sshd[3189]: Received disconnect from 27.150.26.228 port 50672:11: Bye Bye [preauth]
2024-07-19T22:24:44.548982+00:00 serverenterprise sshd[3189]: Disconnected from invalid user erp 27.150.26.228 port 50672 [preauth]
2024-07-19T22:24:44.852510+00:00 serverenterprise sshd[3191]: Failed password for root from 43.133.154.235 port 28824 ssh2
2024-07-19T22:24:46.204657+00:00 serverenterprise sshd[3193]: pam_unix(sshd:auth): authentication failure; logname= uid=0 euid=0 tty=ssh ruser= rhost=43.155.135.5  user=root
2024-07-19T22:24:46.229324+00:00 serverenterprise sshd[3191]: Received disconnect from 43.133.154.235 port 28824:11: Bye Bye [preauth]
2024-07-19T22:24:46.230046+00:00 serverenterprise sshd[3191]: Disconnected from authenticating user root 43.133.154.235 port 28824 [preauth]
2024-07-19T22:24:48.740645+00:00 serverenterprise sshd[3193]: Failed password for root from 43.155.135.5 port 60874 ssh2
2024-07-19T22:24:49.849207+00:00 serverenterprise sshd[3193]: Received disconnect from 43.155.135.5 port 60874:11: Bye Bye [preauth]
2024-07-19T22:24:49.849381+00:00 serverenterprise sshd[3193]: Disconnected from authenticating user root 43.155.135.5 port 60874 [preauth]
2024-07-19T22:24:54.254063+00:00 serverenterprise sshd[3195]: pam_unix(sshd:auth): authentication failure; logname= uid=0 euid=0 tty=ssh ruser= rhost=139.59.68.182  user=root
2024-07-19T22:24:54.639975+00:00 serverenterprise sshd[3197]: pam_unix(sshd:auth): authentication failure; logname= uid=0 euid=0 tty=ssh ruser= rhost=68.183.119.215  user=root
2024-07-19T22:24:56.222930+00:00 serverenterprise sshd[3195]: Failed password for root from 139.59.68.182 port 40234 ssh2
2024-07-19T22:24:56.346536+00:00 serverenterprise sshd[3199]: pam_unix(sshd:auth): authentication failure; logname= uid=0 euid=0 tty=ssh ruser= rhost=164.138.103.24  user=root
2024-07-19T22:24:56.608779+00:00 serverenterprise sshd[3197]: Failed password for root from 68.183.119.215 port 35190 ssh2
2024-07-19T22:24:57.062243+00:00 serverenterprise sshd[3201]: Invalid user admin from 170.83.79.31 port 49128
2024-07-19T22:24:57.065904+00:00 serverenterprise sshd[3201]: pam_unix(sshd:auth): check pass; user unknown
2024-07-19T22:24:57.066057+00:00 serverenterprise sshd[3201]: pam_unix(sshd:auth): authentication failure; logname= uid=0 euid=0 tty=ssh ruser= rhost=170.83.79.31 
2024-07-19T22:24:57.933724+00:00 serverenterprise sshd[3195]: Received disconnect from 139.59.68.182 port 40234:11: Bye Bye [preauth]
2024-07-19T22:24:57.933864+00:00 serverenterprise sshd[3195]: Disconnected from authenticating user root 139.59.68.182 port 40234 [preauth]
2024-07-19T22:24:58.084530+00:00 serverenterprise sshd[3197]: Received disconnect from 68.183.119.215 port 35190:11: Bye Bye [preauth]
2024-07-19T22:24:58.085463+00:00 serverenterprise sshd[3197]: Disconnected from authenticating user root 68.183.119.215 port 35190 [preauth]
2024-07-19T22:24:58.254233+00:00 serverenterprise sshd[3199]: Failed password for root from 164.138.103.24 port 52886 ssh2
2024-07-19T22:24:59.304893+00:00 serverenterprise sshd[3203]: pam_unix(sshd:auth): authentication failure; logname= uid=0 euid=0 tty=ssh ruser= rhost=43.154.151.93  user=root
2024-07-19T22:24:59.446379+00:00 serverenterprise sshd[3201]: Failed password for invalid user admin from 170.83.79.31 port 49128 ssh2
2024-07-19T22:24:59.782473+00:00 serverenterprise sshd[3201]: Received disconnect from 170.83.79.31 port 49128:11: Bye Bye [preauth]
2024-07-19T22:24:59.782598+00:00 serverenterprise sshd[3201]: Disconnected from invalid user admin 170.83.79.31 port 49128 [preauth]
2024-07-19T22:24:59.914322+00:00 serverenterprise sshd[3199]: Received disconnect from 164.138.103.24 port 52886:11: Bye Bye [preauth]
2024-07-19T22:24:59.914587+00:00 serverenterprise sshd[3199]: Disconnected from authenticating user root 164.138.103.24 port 52886 [preauth]
2024-07-19T22:25:00.627074+00:00 serverenterprise sshd[3203]: Failed password for root from 43.154.151.93 port 53178 ssh2
2024-07-19T22:25:01.231508+00:00 serverenterprise sshd[3203]: Received disconnect from 43.154.151.93 port 53178:11: Bye Bye [preauth]
2024-07-19T22:25:01.231645+00:00 serverenterprise sshd[3203]: Disconnected from authenticating user root 43.154.151.93 port 53178 [preauth]
2024-07-19T22:25:01.292324+00:00 serverenterprise CRON[3206]: pam_unix(cron:session): session opened for user root(uid=0) by root(uid=0)
2024-07-19T22:25:01.298310+00:00 serverenterprise CRON[3206]: pam_unix(cron:session): session closed for user root
2024-07-19T22:25:02.292274+00:00 serverenterprise sshd[3209]: Invalid user cro from 91.92.245.92 port 47038
2024-07-19T22:25:02.371690+00:00 serverenterprise sshd[3209]: pam_unix(sshd:auth): check pass; user unknown
2024-07-19T22:25:02.372061+00:00 serverenterprise sshd[3209]: pam_unix(sshd:auth): authentication failure; logname= uid=0 euid=0 tty=ssh ruser= rhost=91.92.245.92 
2024-07-19T22:25:04.772439+00:00 serverenterprise sshd[3209]: Failed password for invalid user cro from 91.92.245.92 port 47038 ssh2
2024-07-19T22:25:05.666956+00:00 serverenterprise sshd[3209]: Connection closed by invalid user cro 91.92.245.92 port 47038 [preauth]
2024-07-19T22:25:12.083114+00:00 serverenterprise sshd[3211]: pam_unix(sshd:auth): authentication failure; logname= uid=0 euid=0 tty=ssh ruser= rhost=103.144.245.170  user=root
2024-07-19T22:25:12.967646+00:00 serverenterprise sshd[3213]: pam_unix(sshd:auth): authentication failure; logname= uid=0 euid=0 tty=ssh ruser= rhost=27.150.26.228  user=root
2024-07-19T22:25:13.856336+00:00 serverenterprise sshd[3211]: Failed password for root from 103.144.245.170 port 40122 ssh2
2024-07-19T22:25:14.740638+00:00 serverenterprise sshd[3213]: Failed password for root from 27.150.26.228 port 57986 ssh2
2024-07-19T22:25:15.604169+00:00 serverenterprise sshd[3211]: Received disconnect from 103.144.245.170 port 40122:11: Bye Bye [preauth]
2024-07-19T22:25:15.604347+00:00 serverenterprise sshd[3211]: Disconnected from authenticating user root 103.144.245.170 port 40122 [preauth]
2024-07-19T22:25:16.634735+00:00 serverenterprise sshd[3213]: Received disconnect from 27.150.26.228 port 57986:11: Bye Bye [preauth]
2024-07-19T22:25:16.634866+00:00 serverenterprise sshd[3213]: Disconnected from authenticating user root 27.150.26.228 port 57986 [preauth]
2024-07-19T22:25:17.091055+00:00 serverenterprise sshd[3215]: pam_unix(sshd:auth): authentication failure; logname= uid=0 euid=0 tty=ssh ruser= rhost=178.185.206.179  user=root
2024-07-19T22:25:18.278708+00:00 serverenterprise sshd[3217]: pam_unix(sshd:auth): authentication failure; logname= uid=0 euid=0 tty=ssh ruser= rhost=91.103.253.62  user=root
2024-07-19T22:25:19.215741+00:00 serverenterprise sshd[3215]: Failed password for root from 178.185.206.179 port 59500 ssh2
2024-07-19T22:25:20.207339+00:00 serverenterprise sshd[3217]: Failed password for root from 91.103.253.62 port 50258 ssh2
2024-07-19T22:25:20.667559+00:00 serverenterprise sshd[3215]: Received disconnect from 178.185.206.179 port 59500:11: Bye Bye [preauth]
2024-07-19T22:25:20.667676+00:00 serverenterprise sshd[3215]: Disconnected from authenticating user root 178.185.206.179 port 59500 [preauth]
2024-07-19T22:25:21.815741+00:00 serverenterprise sshd[3217]: Received disconnect from 91.103.253.62 port 50258:11: Bye Bye [preauth]
2024-07-19T22:25:21.815877+00:00 serverenterprise sshd[3217]: Disconnected from authenticating user root 91.103.253.62 port 50258 [preauth]
2024-07-19T22:25:30.982858+00:00 serverenterprise sshd[3219]: Invalid user user from 170.83.79.31 port 49882
2024-07-19T22:25:30.987692+00:00 serverenterprise sshd[3219]: pam_unix(sshd:auth): check pass; user unknown
2024-07-19T22:25:30.987922+00:00 serverenterprise sshd[3219]: pam_unix(sshd:auth): authentication failure; logname= uid=0 euid=0 tty=ssh ruser= rhost=170.83.79.31 
2024-07-19T22:25:31.967152+00:00 serverenterprise sshd[3221]: Invalid user postgres from 14.63.217.28 port 41178
2024-07-19T22:25:31.972299+00:00 serverenterprise sshd[3221]: pam_unix(sshd:auth): check pass; user unknown
2024-07-19T22:25:31.972737+00:00 serverenterprise sshd[3221]: pam_unix(sshd:auth): authentication failure; logname= uid=0 euid=0 tty=ssh ruser= rhost=14.63.217.28 
2024-07-19T22:25:32.896926+00:00 serverenterprise sshd[3219]: Failed password for invalid user user from 170.83.79.31 port 49882 ssh2
2024-07-19T22:25:33.595525+00:00 serverenterprise sshd[3219]: Received disconnect from 170.83.79.31 port 49882:11: Bye Bye [preauth]
2024-07-19T22:25:33.595686+00:00 serverenterprise sshd[3219]: Disconnected from invalid user user 170.83.79.31 port 49882 [preauth]
2024-07-19T22:25:33.928944+00:00 serverenterprise sshd[3223]: pam_unix(sshd:auth): authentication failure; logname= uid=0 euid=0 tty=ssh ruser= rhost=43.133.154.235  user=root
2024-07-19T22:25:34.021170+00:00 serverenterprise sshd[3221]: Failed password for invalid user postgres from 14.63.217.28 port 41178 ssh2
2024-07-19T22:25:34.600525+00:00 serverenterprise sshd[3225]: Invalid user test01 from 68.183.119.215 port 49500
2024-07-19T22:25:34.604518+00:00 serverenterprise sshd[3225]: pam_unix(sshd:auth): check pass; user unknown
2024-07-19T22:25:34.604715+00:00 serverenterprise sshd[3225]: pam_unix(sshd:auth): authentication failure; logname= uid=0 euid=0 tty=ssh ruser= rhost=68.183.119.215 
2024-07-19T22:25:35.918777+00:00 serverenterprise sshd[3223]: Failed password for root from 43.133.154.235 port 28825 ssh2
2024-07-19T22:25:35.955752+00:00 serverenterprise sshd[3221]: Received disconnect from 14.63.217.28 port 41178:11: Bye Bye [preauth]
2024-07-19T22:25:35.955874+00:00 serverenterprise sshd[3221]: Disconnected from invalid user postgres 14.63.217.28 port 41178 [preauth]
2024-07-19T22:25:36.398259+00:00 serverenterprise sshd[3225]: Failed password for invalid user test01 from 68.183.119.215 port 49500 ssh2
2024-07-19T22:25:37.631946+00:00 serverenterprise sshd[3223]: Received disconnect from 43.133.154.235 port 28825:11: Bye Bye [preauth]
2024-07-19T22:25:37.632102+00:00 serverenterprise sshd[3223]: Disconnected from authenticating user root 43.133.154.235 port 28825 [preauth]
2024-07-19T22:25:38.173026+00:00 serverenterprise sshd[3225]: Received disconnect from 68.183.119.215 port 49500:11: Bye Bye [preauth]
2024-07-19T22:25:38.173181+00:00 serverenterprise sshd[3225]: Disconnected from invalid user test01 68.183.119.215 port 49500 [preauth]
2024-07-19T22:25:40.921508+00:00 serverenterprise sshd[3227]: Invalid user erp from 139.59.68.182 port 54506
2024-07-19T22:25:40.925467+00:00 serverenterprise sshd[3227]: pam_unix(sshd:auth): check pass; user unknown
2024-07-19T22:25:40.925712+00:00 serverenterprise sshd[3227]: pam_unix(sshd:auth): authentication failure; logname= uid=0 euid=0 tty=ssh ruser= rhost=139.59.68.182 
2024-07-19T22:25:41.872134+00:00 serverenterprise sshd[3229]: pam_unix(sshd:auth): authentication failure; logname= uid=0 euid=0 tty=ssh ruser= rhost=43.129.158.215  user=root
2024-07-19T22:25:43.031312+00:00 serverenterprise sshd[3232]: pam_unix(sshd:auth): authentication failure; logname= uid=0 euid=0 tty=ssh ruser= rhost=164.138.103.24  user=root
2024-07-19T22:25:43.541956+00:00 serverenterprise sshd[3227]: Failed password for invalid user erp from 139.59.68.182 port 54506 ssh2
2024-07-19T22:25:43.625190+00:00 serverenterprise sshd[3229]: Failed password for root from 43.129.158.215 port 55482 ssh2
2024-07-19T22:25:44.035369+00:00 serverenterprise sshd[3231]: Invalid user test from 27.150.26.228 port 37068
2024-07-19T22:25:44.039234+00:00 serverenterprise sshd[3231]: pam_unix(sshd:auth): check pass; user unknown
2024-07-19T22:25:44.039467+00:00 serverenterprise sshd[3231]: pam_unix(sshd:auth): authentication failure; logname= uid=0 euid=0 tty=ssh ruser= rhost=27.150.26.228 
2024-07-19T22:25:44.348350+00:00 serverenterprise sshd[3227]: Received disconnect from 139.59.68.182 port 54506:11: Bye Bye [preauth]
2024-07-19T22:25:44.348498+00:00 serverenterprise sshd[3227]: Disconnected from invalid user erp 139.59.68.182 port 54506 [preauth]
2024-07-19T22:25:45.060602+00:00 serverenterprise sshd[3232]: Failed password for root from 164.138.103.24 port 50432 ssh2
2024-07-19T22:25:45.522552+00:00 serverenterprise sshd[3229]: Received disconnect from 43.129.158.215 port 55482:11: Bye Bye [preauth]
2024-07-19T22:25:45.522675+00:00 serverenterprise sshd[3229]: Disconnected from authenticating user root 43.129.158.215 port 55482 [preauth]
2024-07-19T22:25:45.872888+00:00 serverenterprise sshd[3231]: Failed password for invalid user test from 27.150.26.228 port 37068 ssh2
2024-07-19T22:25:46.296287+00:00 serverenterprise sshd[3231]: Received disconnect from 27.150.26.228 port 37068:11: Bye Bye [preauth]
2024-07-19T22:25:46.296446+00:00 serverenterprise sshd[3231]: Disconnected from invalid user test 27.150.26.228 port 37068 [preauth]
2024-07-19T22:25:46.601663+00:00 serverenterprise sshd[3232]: Received disconnect from 164.138.103.24 port 50432:11: Bye Bye [preauth]
2024-07-19T22:25:46.601969+00:00 serverenterprise sshd[3232]: Disconnected from authenticating user root 164.138.103.24 port 50432 [preauth]
2024-07-19T22:25:49.115721+00:00 serverenterprise sshd[3235]: Invalid user ftpuser from 43.155.135.5 port 47138
2024-07-19T22:25:49.119307+00:00 serverenterprise sshd[3235]: pam_unix(sshd:auth): check pass; user unknown
2024-07-19T22:25:49.119514+00:00 serverenterprise sshd[3235]: pam_unix(sshd:auth): authentication failure; logname= uid=0 euid=0 tty=ssh ruser= rhost=43.155.135.5 
2024-07-19T22:25:51.066604+00:00 serverenterprise sshd[3237]: pam_unix(sshd:auth): authentication failure; logname= uid=0 euid=0 tty=ssh ruser= rhost=43.154.151.93  user=root
2024-07-19T22:25:51.304316+00:00 serverenterprise sshd[3235]: Failed password for invalid user ftpuser from 43.155.135.5 port 47138 ssh2
2024-07-19T22:25:51.902507+00:00 serverenterprise sshd[3235]: Received disconnect from 43.155.135.5 port 47138:11: Bye Bye [preauth]
2024-07-19T22:25:51.902643+00:00 serverenterprise sshd[3235]: Disconnected from invalid user ftpuser 43.155.135.5 port 47138 [preauth]
2024-07-19T22:25:52.870605+00:00 serverenterprise sshd[3239]: Invalid user postgres from 220.80.223.144 port 46542
2024-07-19T22:25:52.874483+00:00 serverenterprise sshd[3239]: pam_unix(sshd:auth): check pass; user unknown
2024-07-19T22:25:52.874617+00:00 serverenterprise sshd[3239]: pam_unix(sshd:auth): authentication failure; logname= uid=0 euid=0 tty=ssh ruser= rhost=220.80.223.144 
2024-07-19T22:25:53.527005+00:00 serverenterprise sshd[3237]: Failed password for root from 43.154.151.93 port 39520 ssh2
2024-07-19T22:25:54.720642+00:00 serverenterprise sshd[3237]: Received disconnect from 43.154.151.93 port 39520:11: Bye Bye [preauth]
2024-07-19T22:25:54.720759+00:00 serverenterprise sshd[3237]: Disconnected from authenticating user root 43.154.151.93 port 39520 [preauth]
2024-07-19T22:25:55.471213+00:00 serverenterprise sshd[3239]: Failed password for invalid user postgres from 220.80.223.144 port 46542 ssh2
2024-07-19T22:25:56.853100+00:00 serverenterprise sshd[3239]: Received disconnect from 220.80.223.144 port 46542:11: Bye Bye [preauth]
2024-07-19T22:25:56.853279+00:00 serverenterprise sshd[3239]: Disconnected from invalid user postgres 220.80.223.144 port 46542 [preauth]
2024-07-19T22:25:57.841741+00:00 serverenterprise sshd[3241]: pam_unix(sshd:auth): authentication failure; logname= uid=0 euid=0 tty=ssh ruser= rhost=103.144.245.170  user=root
2024-07-19T22:25:59.459071+00:00 serverenterprise sshd[3241]: Failed password for root from 103.144.245.170 port 54674 ssh2
2024-07-19T22:25:59.629229+00:00 serverenterprise sshd[3241]: Received disconnect from 103.144.245.170 port 54674:11: Bye Bye [preauth]
2024-07-19T22:25:59.629376+00:00 serverenterprise sshd[3241]: Disconnected from authenticating user root 103.144.245.170 port 54674 [preauth]
2024-07-19T22:26:00.070026+00:00 serverenterprise sshd[3243]: pam_unix(sshd:auth): authentication failure; logname= uid=0 euid=0 tty=ssh ruser= rhost=91.103.253.62  user=root
2024-07-19T22:26:02.099201+00:00 serverenterprise sshd[3243]: Failed password for root from 91.103.253.62 port 41068 ssh2
2024-07-19T22:26:02.666197+00:00 serverenterprise sshd[3245]: pam_unix(sshd:auth): authentication failure; logname= uid=0 euid=0 tty=ssh ruser= rhost=170.83.79.31  user=root
2024-07-19T22:26:03.620770+00:00 serverenterprise sshd[3243]: Received disconnect from 91.103.253.62 port 41068:11: Bye Bye [preauth]
2024-07-19T22:26:03.620938+00:00 serverenterprise sshd[3243]: Disconnected from authenticating user root 91.103.253.62 port 41068 [preauth]
2024-07-19T22:26:05.302459+00:00 serverenterprise sshd[3245]: Failed password for root from 170.83.79.31 port 41154 ssh2
2024-07-19T22:26:06.157512+00:00 serverenterprise sshd[3245]: Received disconnect from 170.83.79.31 port 41154:11: Bye Bye [preauth]
2024-07-19T22:26:06.157640+00:00 serverenterprise sshd[3245]: Disconnected from authenticating user root 170.83.79.31 port 41154 [preauth]
2024-07-19T22:26:13.202993+00:00 serverenterprise sshd[3247]: pam_unix(sshd:auth): authentication failure; logname= uid=0 euid=0 tty=ssh ruser= rhost=27.150.26.228  user=root
2024-07-19T22:26:14.469394+00:00 serverenterprise sshd[3249]: pam_unix(sshd:auth): authentication failure; logname= uid=0 euid=0 tty=ssh ruser= rhost=103.163.118.84  user=root
2024-07-19T22:26:15.683739+00:00 serverenterprise sshd[3247]: Failed password for root from 27.150.26.228 port 44380 ssh2
2024-07-19T22:26:15.981048+00:00 serverenterprise sshd[3251]: pam_unix(sshd:auth): authentication failure; logname= uid=0 euid=0 tty=ssh ruser= rhost=68.183.119.215  user=root
2024-07-19T22:26:16.876003+00:00 serverenterprise sshd[3247]: Received disconnect from 27.150.26.228 port 44380:11: Bye Bye [preauth]
2024-07-19T22:26:16.876145+00:00 serverenterprise sshd[3247]: Disconnected from authenticating user root 27.150.26.228 port 44380 [preauth]
2024-07-19T22:26:17.085734+00:00 serverenterprise sshd[3249]: Failed password for root from 103.163.118.84 port 60686 ssh2
2024-07-19T22:26:18.070162+00:00 serverenterprise sshd[3251]: Failed password for root from 68.183.119.215 port 35586 ssh2
2024-07-19T22:26:18.223707+00:00 serverenterprise sshd[3249]: Received disconnect from 103.163.118.84 port 60686:11: Bye Bye [preauth]
2024-07-19T22:26:18.225275+00:00 serverenterprise sshd[3249]: Disconnected from authenticating user root 103.163.118.84 port 60686 [preauth]
2024-07-19T22:26:19.427828+00:00 serverenterprise sshd[3251]: Received disconnect from 68.183.119.215 port 35586:11: Bye Bye [preauth]
2024-07-19T22:26:19.428153+00:00 serverenterprise sshd[3251]: Disconnected from authenticating user root 68.183.119.215 port 35586 [preauth]
2024-07-19T22:26:22.417324+00:00 serverenterprise sshd[3253]: pam_unix(sshd:auth): authentication failure; logname= uid=0 euid=0 tty=ssh ruser= rhost=14.63.217.28  user=root
2024-07-19T22:26:24.269100+00:00 serverenterprise sshd[3255]: pam_unix(sshd:auth): authentication failure; logname= uid=0 euid=0 tty=ssh ruser= rhost=43.133.154.235  user=root
2024-07-19T22:26:24.466471+00:00 serverenterprise sshd[3253]: Failed password for root from 14.63.217.28 port 55800 ssh2
2024-07-19T22:26:25.709556+00:00 serverenterprise sshd[3257]: pam_unix(sshd:auth): authentication failure; logname= uid=0 euid=0 tty=ssh ruser= rhost=164.138.103.24  user=root
2024-07-19T22:26:26.060917+00:00 serverenterprise sshd[3253]: Received disconnect from 14.63.217.28 port 55800:11: Bye Bye [preauth]
2024-07-19T22:26:26.061048+00:00 serverenterprise sshd[3253]: Disconnected from authenticating user root 14.63.217.28 port 55800 [preauth]
2024-07-19T22:26:26.258163+00:00 serverenterprise sshd[3255]: Failed password for root from 43.133.154.235 port 17089 ssh2
2024-07-19T22:26:27.965049+00:00 serverenterprise sshd[3255]: Received disconnect from 43.133.154.235 port 17089:11: Bye Bye [preauth]
2024-07-19T22:26:27.966569+00:00 serverenterprise sshd[3255]: Disconnected from authenticating user root 43.133.154.235 port 17089 [preauth]
2024-07-19T22:26:28.168879+00:00 serverenterprise sshd[3257]: Failed password for root from 164.138.103.24 port 40666 ssh2
2024-07-19T22:26:29.277449+00:00 serverenterprise sshd[3257]: Received disconnect from 164.138.103.24 port 40666:11: Bye Bye [preauth]
2024-07-19T22:26:29.277589+00:00 serverenterprise sshd[3257]: Disconnected from authenticating user root 164.138.103.24 port 40666 [preauth]
2024-07-19T22:26:29.293482+00:00 serverenterprise sshd[3259]: pam_unix(sshd:auth): authentication failure; logname= uid=0 euid=0 tty=ssh ruser= rhost=223.240.105.90  user=root
2024-07-19T22:26:30.509206+00:00 serverenterprise sshd[3261]: pam_unix(sshd:auth): authentication failure; logname= uid=0 euid=0 tty=ssh ruser= rhost=43.129.158.215  user=root
2024-07-19T22:26:30.972016+00:00 serverenterprise sshd[3259]: Failed password for root from 223.240.105.90 port 33395 ssh2
2024-07-19T22:26:31.064698+00:00 serverenterprise sshd[3263]: Invalid user test from 139.59.68.182 port 41142
2024-07-19T22:26:31.067558+00:00 serverenterprise sshd[3263]: pam_unix(sshd:auth): check pass; user unknown
2024-07-19T22:26:31.068117+00:00 serverenterprise sshd[3263]: pam_unix(sshd:auth): authentication failure; logname= uid=0 euid=0 tty=ssh ruser= rhost=139.59.68.182 
2024-07-19T22:26:31.119253+00:00 serverenterprise sshd[3265]: Invalid user erp from 178.185.206.179 port 48536
2024-07-19T22:26:31.123393+00:00 serverenterprise sshd[3265]: pam_unix(sshd:auth): check pass; user unknown
2024-07-19T22:26:31.123638+00:00 serverenterprise sshd[3265]: pam_unix(sshd:auth): authentication failure; logname= uid=0 euid=0 tty=ssh ruser= rhost=178.185.206.179 
2024-07-19T22:26:31.221684+00:00 serverenterprise sshd[3259]: Received disconnect from 223.240.105.90 port 33395:11: Bye Bye [preauth]
2024-07-19T22:26:31.221815+00:00 serverenterprise sshd[3259]: Disconnected from authenticating user root 223.240.105.90 port 33395 [preauth]
2024-07-19T22:26:32.322731+00:00 serverenterprise sshd[3261]: Failed password for root from 43.129.158.215 port 41622 ssh2
2024-07-19T22:26:32.685976+00:00 serverenterprise sshd[3263]: Failed password for invalid user test from 139.59.68.182 port 41142 ssh2
2024-07-19T22:26:32.741198+00:00 serverenterprise sshd[3265]: Failed password for invalid user erp from 178.185.206.179 port 48536 ssh2
2024-07-19T22:26:33.343701+00:00 serverenterprise sshd[3263]: Received disconnect from 139.59.68.182 port 41142:11: Bye Bye [preauth]
2024-07-19T22:26:33.343967+00:00 serverenterprise sshd[3263]: Disconnected from invalid user test 139.59.68.182 port 41142 [preauth]
2024-07-19T22:26:34.171734+00:00 serverenterprise sshd[3261]: Received disconnect from 43.129.158.215 port 41622:11: Bye Bye [preauth]
2024-07-19T22:26:34.171947+00:00 serverenterprise sshd[3261]: Disconnected from authenticating user root 43.129.158.215 port 41622 [preauth]
