2024-07-19T20:28:48.323108+00:00 serverenterprise sshd[2249]: Connection closed by invalid user noc 95.214.27.253 port 42808 [preauth]
2024-07-19T20:28:48.765764+00:00 serverenterprise sshd[2251]: Connection closed by invalid user student 95.214.27.253 port 42828 [preauth]
2024-07-19T20:28:48.859527+00:00 serverenterprise sshd[2257]: Connection closed by invalid user pi 95.214.27.253 port 42836 [preauth]
2024-07-19T20:28:49.436497+00:00 serverenterprise sshd[2259]: Connection closed by invalid user ubnt 95.214.27.253 port 34362 [preauth]
2024-07-19T20:28:50.069774+00:00 serverenterprise sshd[2262]: Invalid user ftpuser from 95.214.27.253 port 34378
2024-07-19T20:28:50.210926+00:00 serverenterprise sshd[2263]: Invalid user ftpuser from 95.214.27.253 port 34392
2024-07-19T20:28:50.578664+00:00 serverenterprise sshd[2264]: Invalid user admin from 95.214.27.253 port 34394
2024-07-19T20:28:50.869184+00:00 serverenterprise sshd[2261]: pam_unix(sshd:auth): authentication failure; logname= uid=0 euid=0 tty=ssh ruser= rhost=95.214.27.253  user=root
2024-07-19T20:28:50.921176+00:00 serverenterprise sshd[2262]: pam_unix(sshd:auth): check pass; user unknown
2024-07-19T20:28:50.921325+00:00 serverenterprise sshd[2262]: pam_unix(sshd:auth): authentication failure; logname= uid=0 euid=0 tty=ssh ruser= rhost=95.214.27.253 
2024-07-19T20:28:51.018859+00:00 serverenterprise sshd[2263]: pam_unix(sshd:auth): check pass; user unknown
2024-07-19T20:28:51.018969+00:00 serverenterprise sshd[2263]: pam_unix(sshd:auth): authentication failure; logname= uid=0 euid=0 tty=ssh ruser= rhost=95.214.27.253 
2024-07-19T20:28:51.392922+00:00 serverenterprise sshd[2264]: pam_unix(sshd:auth): check pass; user unknown
2024-07-19T20:28:51.393040+00:00 serverenterprise sshd[2264]: pam_unix(sshd:auth): authentication failure; logname= uid=0 euid=0 tty=ssh ruser= rhost=95.214.27.253 
2024-07-19T20:28:51.688751+00:00 serverenterprise sshd[2269]: Invalid user noc from 95.214.27.253 port 34400
2024-07-19T20:28:52.107379+00:00 serverenterprise sshd[2270]: Invalid user student from 95.214.27.253 port 34416
2024-07-19T20:28:52.239002+00:00 serverenterprise sshd[2271]: Invalid user pi from 95.214.27.253 port 34422
2024-07-19T20:28:52.493574+00:00 serverenterprise sshd[2269]: pam_unix(sshd:auth): check pass; user unknown
2024-07-19T20:28:52.493888+00:00 serverenterprise sshd[2269]: pam_unix(sshd:auth): authentication failure; logname= uid=0 euid=0 tty=ssh ruser= rhost=95.214.27.253 
2024-07-19T20:28:52.754754+00:00 serverenterprise sshd[2273]: Invalid user ubnt from 95.214.27.253 port 34432
2024-07-19T20:28:52.757032+00:00 serverenterprise sshd[2263]: Failed password for invalid user ftpuser from 95.214.27.253 port 34392 ssh2
2024-07-19T20:28:52.803208+00:00 serverenterprise sshd[2261]: Failed password for root from 95.214.27.253 port 34368 ssh2
2024-07-19T20:28:52.855655+00:00 serverenterprise sshd[2262]: Failed password for invalid user ftpuser from 95.214.27.253 port 34378 ssh2
2024-07-19T20:28:52.916299+00:00 serverenterprise sshd[2270]: pam_unix(sshd:auth): check pass; user unknown
2024-07-19T20:28:52.916497+00:00 serverenterprise sshd[2270]: pam_unix(sshd:auth): authentication failure; logname= uid=0 euid=0 tty=ssh ruser= rhost=95.214.27.253 
2024-07-19T20:28:53.058754+00:00 serverenterprise sshd[2271]: pam_unix(sshd:auth): check pass; user unknown
2024-07-19T20:28:53.058855+00:00 serverenterprise sshd[2271]: pam_unix(sshd:auth): authentication failure; logname= uid=0 euid=0 tty=ssh ruser= rhost=95.214.27.253 
2024-07-19T20:28:53.131619+00:00 serverenterprise sshd[2264]: Failed password for invalid user admin from 95.214.27.253 port 34394 ssh2
2024-07-19T20:28:53.527526+00:00 serverenterprise sshd[2273]: pam_unix(sshd:auth): check pass; user unknown
2024-07-19T20:28:53.527630+00:00 serverenterprise sshd[2273]: pam_unix(sshd:auth): authentication failure; logname= uid=0 euid=0 tty=ssh ruser= rhost=95.214.27.253 
2024-07-19T20:28:54.328945+00:00 serverenterprise sshd[2262]: Connection closed by invalid user ftpuser 95.214.27.253 port 34378 [preauth]
2024-07-19T20:28:54.371684+00:00 serverenterprise sshd[2263]: Connection closed by invalid user ftpuser 95.214.27.253 port 34392 [preauth]
2024-07-19T20:28:54.703301+00:00 serverenterprise sshd[2269]: Failed password for invalid user noc from 95.214.27.253 port 34400 ssh2
2024-07-19T20:28:54.865683+00:00 serverenterprise sshd[2264]: Connection closed by invalid user admin 95.214.27.253 port 34394 [preauth]
2024-07-19T20:28:55.126706+00:00 serverenterprise sshd[2270]: Failed password for invalid user student from 95.214.27.253 port 34416 ssh2
2024-07-19T20:28:55.135525+00:00 serverenterprise sshd[2261]: Connection closed by authenticating user root 95.214.27.253 port 34368 [preauth]
2024-07-19T20:28:55.404831+00:00 serverenterprise sshd[2271]: Failed password for invalid user pi from 95.214.27.253 port 34422 ssh2
2024-07-19T20:28:55.873294+00:00 serverenterprise sshd[2273]: Failed password for invalid user ubnt from 95.214.27.253 port 34432 ssh2
2024-07-19T20:28:56.882586+00:00 serverenterprise sshd[2271]: Connection closed by invalid user pi 95.214.27.253 port 34422 [preauth]
2024-07-19T20:28:57.279029+00:00 serverenterprise sshd[2269]: Connection closed by invalid user noc 95.214.27.253 port 34400 [preauth]
2024-07-19T20:28:57.489577+00:00 serverenterprise sshd[2277]: Invalid user ftpuser from 95.214.27.253 port 58628
2024-07-19T20:28:57.498186+00:00 serverenterprise sshd[2278]: Invalid user ftpuser from 95.214.27.253 port 58642
2024-07-19T20:28:57.770870+00:00 serverenterprise sshd[2270]: Connection closed by invalid user student 95.214.27.253 port 34416 [preauth]
2024-07-19T20:28:57.978756+00:00 serverenterprise sshd[2279]: Invalid user admin from 95.214.27.253 port 58650
2024-07-19T20:28:58.245345+00:00 serverenterprise sshd[2278]: pam_unix(sshd:auth): check pass; user unknown
2024-07-19T20:28:58.245570+00:00 serverenterprise sshd[2278]: pam_unix(sshd:auth): authentication failure; logname= uid=0 euid=0 tty=ssh ruser= rhost=95.214.27.253 
2024-07-19T20:28:58.273467+00:00 serverenterprise sshd[2277]: pam_unix(sshd:auth): check pass; user unknown
2024-07-19T20:28:58.273569+00:00 serverenterprise sshd[2277]: pam_unix(sshd:auth): authentication failure; logname= uid=0 euid=0 tty=ssh ruser= rhost=95.214.27.253 
2024-07-19T20:28:58.513833+00:00 serverenterprise sshd[2273]: Connection closed by invalid user ubnt 95.214.27.253 port 34432 [preauth]
2024-07-19T20:28:58.781866+00:00 serverenterprise sshd[2279]: pam_unix(sshd:auth): check pass; user unknown
2024-07-19T20:28:58.782143+00:00 serverenterprise sshd[2279]: pam_unix(sshd:auth): authentication failure; logname= uid=0 euid=0 tty=ssh ruser= rhost=95.214.27.253 
2024-07-19T20:28:59.088084+00:00 serverenterprise sshd[2282]: pam_unix(sshd:auth): authentication failure; logname= uid=0 euid=0 tty=ssh ruser= rhost=95.214.27.253  user=root
2024-07-19T20:28:59.944045+00:00 serverenterprise sshd[2278]: Failed password for invalid user ftpuser from 95.214.27.253 port 58642 ssh2
2024-07-19T20:28:59.972165+00:00 serverenterprise sshd[2277]: Failed password for invalid user ftpuser from 95.214.27.253 port 58628 ssh2
2024-07-19T20:29:00.041047+00:00 serverenterprise sshd[2285]: Invalid user pi from 95.214.27.253 port 58666
2024-07-19T20:29:00.481279+00:00 serverenterprise sshd[2279]: Failed password for invalid user admin from 95.214.27.253 port 58650 ssh2
2024-07-19T20:29:00.536571+00:00 serverenterprise sshd[2286]: Invalid user noc from 95.214.27.253 port 58680
2024-07-19T20:29:00.857177+00:00 serverenterprise sshd[2285]: pam_unix(sshd:auth): check pass; user unknown
2024-07-19T20:29:00.857494+00:00 serverenterprise sshd[2285]: pam_unix(sshd:auth): authentication failure; logname= uid=0 euid=0 tty=ssh ruser= rhost=95.214.27.253 
2024-07-19T20:29:00.922252+00:00 serverenterprise sshd[2282]: Failed password for root from 95.214.27.253 port 58654 ssh2
2024-07-19T20:29:01.019253+00:00 serverenterprise sshd[2290]: Invalid user student from 95.214.27.253 port 58684
2024-07-19T20:29:01.382767+00:00 serverenterprise sshd[2286]: pam_unix(sshd:auth): check pass; user unknown
2024-07-19T20:29:01.383058+00:00 serverenterprise sshd[2286]: pam_unix(sshd:auth): authentication failure; logname= uid=0 euid=0 tty=ssh ruser= rhost=95.214.27.253 
2024-07-19T20:29:01.691070+00:00 serverenterprise sshd[2277]: Connection closed by invalid user ftpuser 95.214.27.253 port 58628 [preauth]
2024-07-19T20:29:01.695978+00:00 serverenterprise sshd[2278]: Connection closed by invalid user ftpuser 95.214.27.253 port 58642 [preauth]
2024-07-19T20:29:01.795157+00:00 serverenterprise sshd[2294]: Invalid user ubnt from 95.214.27.253 port 58696
2024-07-19T20:29:01.866350+00:00 serverenterprise sshd[2290]: pam_unix(sshd:auth): check pass; user unknown
2024-07-19T20:29:01.866673+00:00 serverenterprise sshd[2290]: pam_unix(sshd:auth): authentication failure; logname= uid=0 euid=0 tty=ssh ruser= rhost=95.214.27.253 
2024-07-19T20:29:02.291315+00:00 serverenterprise sshd[2279]: Connection closed by invalid user admin 95.214.27.253 port 58650 [preauth]
2024-07-19T20:29:02.647377+00:00 serverenterprise sshd[2294]: pam_unix(sshd:auth): check pass; user unknown
2024-07-19T20:29:02.647690+00:00 serverenterprise sshd[2294]: pam_unix(sshd:auth): authentication failure; logname= uid=0 euid=0 tty=ssh ruser= rhost=95.214.27.253 
2024-07-19T20:29:03.161305+00:00 serverenterprise sshd[2285]: Failed password for invalid user pi from 95.214.27.253 port 58666 ssh2
2024-07-19T20:29:03.413723+00:00 serverenterprise sshd[2282]: Connection closed by authenticating user root 95.214.27.253 port 58654 [preauth]
2024-07-19T20:29:03.829594+00:00 serverenterprise sshd[2286]: Failed password for invalid user noc from 95.214.27.253 port 58680 ssh2
2024-07-19T20:29:04.312567+00:00 serverenterprise sshd[2290]: Failed password for invalid user student from 95.214.27.253 port 58684 ssh2
2024-07-19T20:29:04.561871+00:00 serverenterprise sshd[2294]: Failed password for invalid user ubnt from 95.214.27.253 port 58696 ssh2
2024-07-19T20:29:04.663856+00:00 serverenterprise sshd[2285]: Connection closed by invalid user pi 95.214.27.253 port 58666 [preauth]
2024-07-19T20:29:04.903092+00:00 serverenterprise sshd[2296]: Invalid user ftpuser from 95.214.27.253 port 58700
2024-07-19T20:29:05.057336+00:00 serverenterprise sshd[2297]: Invalid user ftpuser from 95.214.27.253 port 58702
2024-07-19T20:29:05.444219+00:00 serverenterprise sshd[2298]: Invalid user admin from 95.214.27.253 port 34528
2024-07-19T20:29:05.514764+00:00 serverenterprise sshd[2294]: Connection closed by invalid user ubnt 95.214.27.253 port 58696 [preauth]
2024-07-19T20:29:05.666953+00:00 serverenterprise sshd[2296]: pam_unix(sshd:auth): check pass; user unknown
2024-07-19T20:29:05.667304+00:00 serverenterprise sshd[2296]: pam_unix(sshd:auth): authentication failure; logname= uid=0 euid=0 tty=ssh ruser= rhost=95.214.27.253 
2024-07-19T20:29:05.825168+00:00 serverenterprise sshd[2297]: pam_unix(sshd:auth): check pass; user unknown
2024-07-19T20:29:05.825336+00:00 serverenterprise sshd[2297]: pam_unix(sshd:auth): authentication failure; logname= uid=0 euid=0 tty=ssh ruser= rhost=95.214.27.253 
2024-07-19T20:29:06.174129+00:00 serverenterprise sshd[2286]: Connection closed by invalid user noc 95.214.27.253 port 58680 [preauth]
2024-07-19T20:29:06.211646+00:00 serverenterprise sshd[2298]: pam_unix(sshd:auth): check pass; user unknown
2024-07-19T20:29:06.211869+00:00 serverenterprise sshd[2298]: pam_unix(sshd:auth): authentication failure; logname= uid=0 euid=0 tty=ssh ruser= rhost=95.214.27.253 
2024-07-19T20:29:06.732825+00:00 serverenterprise sshd[2290]: Connection closed by invalid user student 95.214.27.253 port 58684 [preauth]
2024-07-19T20:29:07.382744+00:00 serverenterprise sshd[2302]: pam_unix(sshd:auth): authentication failure; logname= uid=0 euid=0 tty=ssh ruser= rhost=95.214.27.253  user=root
2024-07-19T20:29:07.661997+00:00 serverenterprise sshd[2296]: Failed password for invalid user ftpuser from 95.214.27.253 port 58700 ssh2
2024-07-19T20:29:07.819764+00:00 serverenterprise sshd[2297]: Failed password for invalid user ftpuser from 95.214.27.253 port 58702 ssh2
2024-07-19T20:29:07.914302+00:00 serverenterprise sshd[2304]: Invalid user pi from 95.214.27.253 port 34538
2024-07-19T20:29:08.342068+00:00 serverenterprise sshd[2298]: Failed password for invalid user admin from 95.214.27.253 port 34528 ssh2
2024-07-19T20:29:08.730028+00:00 serverenterprise sshd[2304]: pam_unix(sshd:auth): check pass; user unknown
2024-07-19T20:29:08.730225+00:00 serverenterprise sshd[2304]: pam_unix(sshd:auth): authentication failure; logname= uid=0 euid=0 tty=ssh ruser= rhost=95.214.27.253 
2024-07-19T20:29:08.733783+00:00 serverenterprise sshd[2306]: Invalid user ubnt from 95.214.27.253 port 34544
2024-07-19T20:29:09.058903+00:00 serverenterprise sshd[2296]: Connection closed by invalid user ftpuser 95.214.27.253 port 58700 [preauth]
2024-07-19T20:29:09.212095+00:00 serverenterprise sshd[2297]: Connection closed by invalid user ftpuser 95.214.27.253 port 58702 [preauth]
2024-07-19T20:29:09.541688+00:00 serverenterprise sshd[2307]: Invalid user noc from 95.214.27.253 port 34546
2024-07-19T20:29:09.568385+00:00 serverenterprise sshd[2306]: pam_unix(sshd:auth): check pass; user unknown
2024-07-19T20:29:09.568734+00:00 serverenterprise sshd[2306]: pam_unix(sshd:auth): authentication failure; logname= uid=0 euid=0 tty=ssh ruser= rhost=95.214.27.253 
2024-07-19T20:29:09.745645+00:00 serverenterprise sshd[2298]: Connection closed by invalid user admin 95.214.27.253 port 34528 [preauth]
2024-07-19T20:29:09.984106+00:00 serverenterprise sshd[2302]: Failed password for root from 95.214.27.253 port 34530 ssh2
2024-07-19T20:29:10.051870+00:00 serverenterprise sshd[2309]: Invalid user student from 95.214.27.253 port 34560
2024-07-19T20:29:10.350718+00:00 serverenterprise sshd[2307]: pam_unix(sshd:auth): check pass; user unknown
2024-07-19T20:29:10.350937+00:00 serverenterprise sshd[2307]: pam_unix(sshd:auth): authentication failure; logname= uid=0 euid=0 tty=ssh ruser= rhost=95.214.27.253 
2024-07-19T20:29:10.468924+00:00 serverenterprise sshd[2304]: Failed password for invalid user pi from 95.214.27.253 port 34538 ssh2
2024-07-19T20:29:10.884866+00:00 serverenterprise sshd[2309]: pam_unix(sshd:auth): check pass; user unknown
2024-07-19T20:29:10.885063+00:00 serverenterprise sshd[2309]: pam_unix(sshd:auth): authentication failure; logname= uid=0 euid=0 tty=ssh ruser= rhost=95.214.27.253 
2024-07-19T20:29:11.443748+00:00 serverenterprise sshd[2306]: Failed password for invalid user ubnt from 95.214.27.253 port 34544 ssh2
2024-07-19T20:29:11.622850+00:00 serverenterprise sshd[2302]: Connection closed by authenticating user root 95.214.27.253 port 34530 [preauth]
2024-07-19T20:29:12.029333+00:00 serverenterprise sshd[2307]: Failed password for invalid user noc from 95.214.27.253 port 34546 ssh2
2024-07-19T20:29:12.331963+00:00 serverenterprise sshd[2312]: Invalid user ftpuser from 95.214.27.253 port 34562
2024-07-19T20:29:12.496689+00:00 serverenterprise sshd[2306]: Connection closed by invalid user ubnt 95.214.27.253 port 34544 [preauth]
2024-07-19T20:29:12.563696+00:00 serverenterprise sshd[2309]: Failed password for invalid user student from 95.214.27.253 port 34560 ssh2
2024-07-19T20:29:12.586899+00:00 serverenterprise sshd[2304]: Connection closed by invalid user pi 95.214.27.253 port 34538 [preauth]
2024-07-19T20:29:12.612803+00:00 serverenterprise sshd[2313]: Invalid user ftpuser from 95.214.27.253 port 34578
2024-07-19T20:29:12.976169+00:00 serverenterprise sshd[2314]: Invalid user admin from 95.214.27.253 port 34582
2024-07-19T20:29:13.161050+00:00 serverenterprise sshd[2312]: pam_unix(sshd:auth): check pass; user unknown
2024-07-19T20:29:13.161290+00:00 serverenterprise sshd[2312]: pam_unix(sshd:auth): authentication failure; logname= uid=0 euid=0 tty=ssh ruser= rhost=95.214.27.253 
2024-07-19T20:29:13.176983+00:00 serverenterprise sshd[2307]: Connection closed by invalid user noc 95.214.27.253 port 34546 [preauth]
2024-07-19T20:29:13.415138+00:00 serverenterprise sshd[2313]: pam_unix(sshd:auth): check pass; user unknown
2024-07-19T20:29:13.415458+00:00 serverenterprise sshd[2313]: pam_unix(sshd:auth): authentication failure; logname= uid=0 euid=0 tty=ssh ruser= rhost=95.214.27.253 
2024-07-19T20:29:13.769884+00:00 serverenterprise sshd[2309]: Connection closed by invalid user student 95.214.27.253 port 34560 [preauth]
2024-07-19T20:29:13.786232+00:00 serverenterprise sshd[2314]: pam_unix(sshd:auth): check pass; user unknown
2024-07-19T20:29:13.786541+00:00 serverenterprise sshd[2314]: pam_unix(sshd:auth): authentication failure; logname= uid=0 euid=0 tty=ssh ruser= rhost=95.214.27.253 
2024-07-19T20:29:15.587532+00:00 serverenterprise sshd[2312]: Failed password for invalid user ftpuser from 95.214.27.253 port 34562 ssh2
2024-07-19T20:29:15.725235+00:00 serverenterprise sshd[2318]: pam_unix(sshd:auth): authentication failure; logname= uid=0 euid=0 tty=ssh ruser= rhost=95.214.27.253  user=root
2024-07-19T20:29:15.754245+00:00 serverenterprise sshd[2320]: Invalid user ubnt from 95.214.27.253 port 51626
2024-07-19T20:29:15.821850+00:00 serverenterprise sshd[2321]: Invalid user pi from 95.214.27.253 port 51642
2024-07-19T20:29:15.841234+00:00 serverenterprise sshd[2313]: Failed password for invalid user ftpuser from 95.214.27.253 port 34578 ssh2
2024-07-19T20:29:16.212575+00:00 serverenterprise sshd[2314]: Failed password for invalid user admin from 95.214.27.253 port 34582 ssh2
2024-07-19T20:29:16.352399+00:00 serverenterprise sshd[2322]: Invalid user noc from 95.214.27.253 port 51650
2024-07-19T20:29:16.529662+00:00 serverenterprise sshd[2312]: Connection closed by invalid user ftpuser 95.214.27.253 port 34562 [preauth]
2024-07-19T20:29:16.535303+00:00 serverenterprise sshd[2320]: pam_unix(sshd:auth): check pass; user unknown
2024-07-19T20:29:16.535532+00:00 serverenterprise sshd[2320]: pam_unix(sshd:auth): authentication failure; logname= uid=0 euid=0 tty=ssh ruser= rhost=95.214.27.253 
2024-07-19T20:29:16.574157+00:00 serverenterprise sshd[2321]: pam_unix(sshd:auth): check pass; user unknown
2024-07-19T20:29:16.574297+00:00 serverenterprise sshd[2321]: pam_unix(sshd:auth): authentication failure; logname= uid=0 euid=0 tty=ssh ruser= rhost=95.214.27.253 
2024-07-19T20:29:16.740087+00:00 serverenterprise sshd[2313]: Connection closed by invalid user ftpuser 95.214.27.253 port 34578 [preauth]
2024-07-19T20:29:16.967699+00:00 serverenterprise sshd[2325]: Invalid user student from 95.214.27.253 port 51666
2024-07-19T20:29:17.109050+00:00 serverenterprise sshd[2322]: pam_unix(sshd:auth): check pass; user unknown
2024-07-19T20:29:17.109281+00:00 serverenterprise sshd[2322]: pam_unix(sshd:auth): authentication failure; logname= uid=0 euid=0 tty=ssh ruser= rhost=95.214.27.253 
2024-07-19T20:29:17.213743+00:00 serverenterprise sshd[2314]: Connection closed by invalid user admin 95.214.27.253 port 34582 [preauth]
2024-07-19T20:29:17.714809+00:00 serverenterprise sshd[2325]: pam_unix(sshd:auth): check pass; user unknown
2024-07-19T20:29:17.715021+00:00 serverenterprise sshd[2325]: pam_unix(sshd:auth): authentication failure; logname= uid=0 euid=0 tty=ssh ruser= rhost=95.214.27.253 
2024-07-19T20:29:18.091197+00:00 serverenterprise sshd[2318]: Failed password for root from 95.214.27.253 port 34594 ssh2
2024-07-19T20:29:18.705695+00:00 serverenterprise sshd[2320]: Failed password for invalid user ubnt from 95.214.27.253 port 51626 ssh2
2024-07-19T20:29:18.744588+00:00 serverenterprise sshd[2321]: Failed password for invalid user pi from 95.214.27.253 port 51642 ssh2
2024-07-19T20:29:19.083639+00:00 serverenterprise sshd[2322]: Failed password for invalid user noc from 95.214.27.253 port 51650 ssh2
2024-07-19T20:29:19.689387+00:00 serverenterprise sshd[2325]: Failed password for invalid user student from 95.214.27.253 port 51666 ssh2
2024-07-19T20:29:19.905526+00:00 serverenterprise sshd[2322]: Connection closed by invalid user noc 95.214.27.253 port 51650 [preauth]
2024-07-19T20:29:20.006959+00:00 serverenterprise sshd[2318]: Connection closed by authenticating user root 95.214.27.253 port 34594 [preauth]
2024-07-19T20:29:20.433123+00:00 serverenterprise sshd[2321]: Connection closed by invalid user pi 95.214.27.253 port 51642 [preauth]
2024-07-19T20:29:20.605514+00:00 serverenterprise sshd[2325]: Connection closed by invalid user student 95.214.27.253 port 51666 [preauth]
2024-07-19T20:29:21.616760+00:00 serverenterprise sshd[2320]: Connection closed by invalid user ubnt 95.214.27.253 port 51626 [preauth]
2024-07-19T20:30:14.183805+00:00 serverenterprise sshd[2337]: Invalid user ubuntu from 192.3.7.103 port 55420
2024-07-19T20:30:14.195525+00:00 serverenterprise sshd[2337]: pam_unix(sshd:auth): check pass; user unknown
2024-07-19T20:30:14.196679+00:00 serverenterprise sshd[2337]: pam_unix(sshd:auth): authentication failure; logname= uid=0 euid=0 tty=ssh ruser= rhost=192.3.7.103 
2024-07-19T20:30:15.995910+00:00 serverenterprise sshd[2337]: Failed password for invalid user ubuntu from 192.3.7.103 port 55420 ssh2
2024-07-19T20:30:16.507686+00:00 serverenterprise sshd[2337]: Received disconnect from 192.3.7.103 port 55420:11: Bye Bye [preauth]
2024-07-19T20:30:16.507811+00:00 serverenterprise sshd[2337]: Disconnected from invalid user ubuntu 192.3.7.103 port 55420 [preauth]
2024-07-19T20:33:11.453643+00:00 serverenterprise sshd[2350]: pam_unix(sshd:auth): authentication failure; logname= uid=0 euid=0 tty=ssh ruser= rhost=192.3.7.103  user=root
2024-07-19T20:33:13.217297+00:00 serverenterprise sshd[2350]: Failed password for root from 192.3.7.103 port 55234 ssh2
2024-07-19T20:33:14.907010+00:00 serverenterprise sshd[2350]: Received disconnect from 192.3.7.103 port 55234:11: Bye Bye [preauth]
2024-07-19T20:33:14.907155+00:00 serverenterprise sshd[2350]: Disconnected from authenticating user root 192.3.7.103 port 55234 [preauth]
2024-07-19T20:33:54.244175+00:00 serverenterprise sshd[2352]: Invalid user ftpuser from 192.3.7.103 port 41546
2024-07-19T20:33:54.248774+00:00 serverenterprise sshd[2352]: pam_unix(sshd:auth): check pass; user unknown
2024-07-19T20:33:54.248976+00:00 serverenterprise sshd[2352]: pam_unix(sshd:auth): authentication failure; logname= uid=0 euid=0 tty=ssh ruser= rhost=192.3.7.103 
2024-07-19T20:33:56.248813+00:00 serverenterprise sshd[2352]: Failed password for invalid user ftpuser from 192.3.7.103 port 41546 ssh2
2024-07-19T20:33:56.840782+00:00 serverenterprise sshd[2352]: Received disconnect from 192.3.7.103 port 41546:11: Bye Bye [preauth]
2024-07-19T20:33:56.840945+00:00 serverenterprise sshd[2352]: Disconnected from invalid user ftpuser 192.3.7.103 port 41546 [preauth]
2024-07-19T20:34:05.278764+00:00 serverenterprise sshd[2357]: Invalid user near from 91.92.245.92 port 33526
2024-07-19T20:34:05.355713+00:00 serverenterprise sshd[2357]: pam_unix(sshd:auth): check pass; user unknown
2024-07-19T20:34:05.355973+00:00 serverenterprise sshd[2357]: pam_unix(sshd:auth): authentication failure; logname= uid=0 euid=0 tty=ssh ruser= rhost=91.92.245.92 
2024-07-19T20:34:07.200127+00:00 serverenterprise sshd[2357]: Failed password for invalid user near from 91.92.245.92 port 33526 ssh2
2024-07-19T20:34:07.577658+00:00 serverenterprise sshd[2359]: pam_unix(sshd:auth): authentication failure; logname= uid=0 euid=0 tty=ssh ruser= rhost=49.158.80.130  user=root
2024-07-19T20:34:08.605726+00:00 serverenterprise sshd[2357]: Connection closed by invalid user near 91.92.245.92 port 33526 [preauth]
2024-07-19T20:34:10.029027+00:00 serverenterprise sshd[2359]: Failed password for root from 49.158.80.130 port 33510 ssh2
2024-07-19T20:34:11.226848+00:00 serverenterprise sshd[2359]: Received disconnect from 49.158.80.130 port 33510:11: Bye Bye [preauth]
2024-07-19T20:34:11.226996+00:00 serverenterprise sshd[2359]: Disconnected from authenticating user root 49.158.80.130 port 33510 [preauth]
2024-07-19T20:34:36.849745+00:00 serverenterprise sshd[2364]: pam_unix(sshd:auth): authentication failure; logname= uid=0 euid=0 tty=ssh ruser= rhost=192.3.7.103  user=root
2024-07-19T20:34:38.949685+00:00 serverenterprise sshd[2364]: Failed password for root from 192.3.7.103 port 56090 ssh2
2024-07-19T20:34:40.304807+00:00 serverenterprise sshd[2364]: Received disconnect from 192.3.7.103 port 56090:11: Bye Bye [preauth]
2024-07-19T20:34:40.304952+00:00 serverenterprise sshd[2364]: Disconnected from authenticating user root 192.3.7.103 port 56090 [preauth]
2024-07-19T20:35:01.511100+00:00 serverenterprise CRON[2369]: pam_unix(cron:session): session opened for user root(uid=0) by root(uid=0)
2024-07-19T20:35:01.516666+00:00 serverenterprise CRON[2369]: pam_unix(cron:session): session closed for user root
2024-07-19T20:35:02.180209+00:00 serverenterprise sshd[2367]: pam_unix(sshd:auth): authentication failure; logname= uid=0 euid=0 tty=ssh ruser= rhost=49.158.80.130  user=root
2024-07-19T20:35:04.516061+00:00 serverenterprise sshd[2367]: Failed password for root from 49.158.80.130 port 48500 ssh2
2024-07-19T20:35:05.825783+00:00 serverenterprise sshd[2367]: Received disconnect from 49.158.80.130 port 48500:11: Bye Bye [preauth]
2024-07-19T20:35:05.826094+00:00 serverenterprise sshd[2367]: Disconnected from authenticating user root 49.158.80.130 port 48500 [preauth]
2024-07-19T20:35:21.500280+00:00 serverenterprise sshd[2372]: pam_unix(sshd:auth): authentication failure; logname= uid=0 euid=0 tty=ssh ruser= rhost=192.3.7.103  user=root
2024-07-19T20:35:23.444611+00:00 serverenterprise sshd[2372]: Failed password for root from 192.3.7.103 port 42410 ssh2
2024-07-19T20:35:24.956777+00:00 serverenterprise sshd[2372]: Received disconnect from 192.3.7.103 port 42410:11: Bye Bye [preauth]
2024-07-19T20:35:24.956921+00:00 serverenterprise sshd[2372]: Disconnected from authenticating user root 192.3.7.103 port 42410 [preauth]
2024-07-19T20:35:57.031704+00:00 serverenterprise sshd[2374]: pam_unix(sshd:auth): authentication failure; logname= uid=0 euid=0 tty=ssh ruser= rhost=49.158.80.130  user=root
2024-07-19T20:35:58.584516+00:00 serverenterprise sshd[2374]: Failed password for root from 49.158.80.130 port 34666 ssh2
2024-07-19T20:35:58.950742+00:00 serverenterprise sshd[2374]: Received disconnect from 49.158.80.130 port 34666:11: Bye Bye [preauth]
2024-07-19T20:35:58.950863+00:00 serverenterprise sshd[2374]: Disconnected from authenticating user root 49.158.80.130 port 34666 [preauth]
2024-07-19T20:36:04.656303+00:00 serverenterprise sshd[2376]: pam_unix(sshd:auth): authentication failure; logname= uid=0 euid=0 tty=ssh ruser= rhost=192.3.7.103  user=root
2024-07-19T20:36:06.836654+00:00 serverenterprise sshd[2376]: Failed password for root from 192.3.7.103 port 56956 ssh2
2024-07-19T20:36:08.121863+00:00 serverenterprise sshd[2376]: Received disconnect from 192.3.7.103 port 56956:11: Bye Bye [preauth]
2024-07-19T20:36:08.121999+00:00 serverenterprise sshd[2376]: Disconnected from authenticating user root 192.3.7.103 port 56956 [preauth]
2024-07-19T20:36:49.613350+00:00 serverenterprise sshd[2378]: pam_unix(sshd:auth): authentication failure; logname= uid=0 euid=0 tty=ssh ruser= rhost=192.3.7.103  user=root
2024-07-19T20:36:51.221902+00:00 serverenterprise sshd[2380]: pam_unix(sshd:auth): authentication failure; logname= uid=0 euid=0 tty=ssh ruser= rhost=49.158.80.130  user=root
2024-07-19T20:36:52.305365+00:00 serverenterprise sshd[2378]: Failed password for root from 192.3.7.103 port 43274 ssh2
2024-07-19T20:36:53.069487+00:00 serverenterprise sshd[2378]: Received disconnect from 192.3.7.103 port 43274:11: Bye Bye [preauth]
2024-07-19T20:36:53.069743+00:00 serverenterprise sshd[2378]: Disconnected from authenticating user root 192.3.7.103 port 43274 [preauth]
2024-07-19T20:36:53.522443+00:00 serverenterprise sshd[2380]: Failed password for root from 49.158.80.130 port 49282 ssh2
2024-07-19T20:36:54.869941+00:00 serverenterprise sshd[2380]: Received disconnect from 49.158.80.130 port 49282:11: Bye Bye [preauth]
2024-07-19T20:36:54.870114+00:00 serverenterprise sshd[2380]: Disconnected from authenticating user root 49.158.80.130 port 49282 [preauth]
2024-07-19T20:37:34.338007+00:00 serverenterprise sshd[2382]: pam_unix(sshd:auth): authentication failure; logname= uid=0 euid=0 tty=ssh ruser= rhost=192.3.7.103  user=root
2024-07-19T20:37:35.539559+00:00 serverenterprise sshd[2382]: Failed password for root from 192.3.7.103 port 57826 ssh2
2024-07-19T20:37:36.078677+00:00 serverenterprise sshd[2382]: Received disconnect from 192.3.7.103 port 57826:11: Bye Bye [preauth]
2024-07-19T20:37:36.078840+00:00 serverenterprise sshd[2382]: Disconnected from authenticating user root 192.3.7.103 port 57826 [preauth]
2024-07-19T20:37:44.314809+00:00 serverenterprise sshd[2384]: Invalid user testuser from 49.158.80.130 port 36448
2024-07-19T20:37:44.318991+00:00 serverenterprise sshd[2384]: pam_unix(sshd:auth): check pass; user unknown
2024-07-19T20:37:44.319208+00:00 serverenterprise sshd[2384]: pam_unix(sshd:auth): authentication failure; logname= uid=0 euid=0 tty=ssh ruser= rhost=49.158.80.130 
2024-07-19T20:37:46.228583+00:00 serverenterprise sshd[2384]: Failed password for invalid user testuser from 49.158.80.130 port 36448 ssh2
2024-07-19T20:37:46.832478+00:00 serverenterprise sshd[2384]: Received disconnect from 49.158.80.130 port 36448:11: Bye Bye [preauth]
2024-07-19T20:37:46.832618+00:00 serverenterprise sshd[2384]: Disconnected from invalid user testuser 49.158.80.130 port 36448 [preauth]
2024-07-19T20:38:15.324820+00:00 serverenterprise sshd[2387]: pam_unix(sshd:auth): authentication failure; logname= uid=0 euid=0 tty=ssh ruser= rhost=192.3.7.103  user=root
2024-07-19T20:38:16.822477+00:00 serverenterprise sshd[2387]: Failed password for root from 192.3.7.103 port 44140 ssh2
2024-07-19T20:38:17.053837+00:00 serverenterprise sshd[2387]: Received disconnect from 192.3.7.103 port 44140:11: Bye Bye [preauth]
2024-07-19T20:38:17.054091+00:00 serverenterprise sshd[2387]: Disconnected from authenticating user root 192.3.7.103 port 44140 [preauth]
2024-07-19T20:38:33.614690+00:00 serverenterprise sshd[2392]: pam_unix(sshd:auth): authentication failure; logname= uid=0 euid=0 tty=ssh ruser= rhost=49.158.80.130  user=root
2024-07-19T20:38:35.915215+00:00 serverenterprise sshd[2392]: Failed password for root from 49.158.80.130 port 50404 ssh2
2024-07-19T20:38:37.251861+00:00 serverenterprise sshd[2392]: Received disconnect from 49.158.80.130 port 50404:11: Bye Bye [preauth]
2024-07-19T20:38:37.251996+00:00 serverenterprise sshd[2392]: Disconnected from authenticating user root 49.158.80.130 port 50404 [preauth]
2024-07-19T20:38:55.871802+00:00 serverenterprise sshd[2394]: pam_unix(sshd:auth): authentication failure; logname= uid=0 euid=0 tty=ssh ruser= rhost=192.3.7.103  user=root
2024-07-19T20:38:57.861112+00:00 serverenterprise sshd[2394]: Failed password for root from 192.3.7.103 port 58686 ssh2
2024-07-19T20:38:59.327725+00:00 serverenterprise sshd[2394]: Received disconnect from 192.3.7.103 port 58686:11: Bye Bye [preauth]
2024-07-19T20:38:59.327846+00:00 serverenterprise sshd[2394]: Disconnected from authenticating user root 192.3.7.103 port 58686 [preauth]
2024-07-19T20:39:15.625269+00:00 serverenterprise sshd[2397]: pam_unix(sshd:auth): authentication failure; logname= uid=0 euid=0 tty=ssh ruser= rhost=47.107.91.42  user=root
2024-07-19T20:39:17.359076+00:00 serverenterprise sshd[2397]: Failed password for root from 47.107.91.42 port 55508 ssh2
2024-07-19T20:39:19.305918+00:00 serverenterprise sshd[2397]: Received disconnect from 47.107.91.42 port 55508:11: Bye Bye [preauth]
2024-07-19T20:39:19.306053+00:00 serverenterprise sshd[2397]: Disconnected from authenticating user root 47.107.91.42 port 55508 [preauth]
2024-07-19T20:39:22.288132+00:00 serverenterprise sshd[2399]: Invalid user admin from 49.158.80.130 port 36946
2024-07-19T20:39:22.292043+00:00 serverenterprise sshd[2399]: pam_unix(sshd:auth): check pass; user unknown
2024-07-19T20:39:22.292204+00:00 serverenterprise sshd[2399]: pam_unix(sshd:auth): authentication failure; logname= uid=0 euid=0 tty=ssh ruser= rhost=49.158.80.130 
2024-07-19T20:39:24.322116+00:00 serverenterprise sshd[2399]: Failed password for invalid user admin from 49.158.80.130 port 36946 ssh2
2024-07-19T20:39:25.162456+00:00 serverenterprise sshd[2399]: Received disconnect from 49.158.80.130 port 36946:11: Bye Bye [preauth]
2024-07-19T20:39:25.162617+00:00 serverenterprise sshd[2399]: Disconnected from invalid user admin 49.158.80.130 port 36946 [preauth]
2024-07-19T20:39:36.913805+00:00 serverenterprise sshd[2401]: pam_unix(sshd:auth): authentication failure; logname= uid=0 euid=0 tty=ssh ruser= rhost=192.3.7.103  user=root
2024-07-19T20:39:38.531844+00:00 serverenterprise sshd[2401]: Failed password for root from 192.3.7.103 port 45002 ssh2
2024-07-19T20:39:38.646524+00:00 serverenterprise sshd[2401]: Received disconnect from 192.3.7.103 port 45002:11: Bye Bye [preauth]
2024-07-19T20:39:38.646685+00:00 serverenterprise sshd[2401]: Disconnected from authenticating user root 192.3.7.103 port 45002 [preauth]
2024-07-19T20:39:55.076259+00:00 serverenterprise sshd[2403]: Invalid user matic from 91.92.245.92 port 35722
2024-07-19T20:39:55.159805+00:00 serverenterprise sshd[2403]: pam_unix(sshd:auth): check pass; user unknown
2024-07-19T20:39:55.160099+00:00 serverenterprise sshd[2403]: pam_unix(sshd:auth): authentication failure; logname= uid=0 euid=0 tty=ssh ruser= rhost=91.92.245.92 
2024-07-19T20:39:57.054487+00:00 serverenterprise sshd[2403]: Failed password for invalid user matic from 91.92.245.92 port 35722 ssh2
2024-07-19T20:39:58.885938+00:00 serverenterprise sshd[2403]: Connection closed by invalid user matic 91.92.245.92 port 35722 [preauth]
2024-07-19T20:40:07.709755+00:00 serverenterprise sshd[2405]: pam_unix(sshd:auth): authentication failure; logname= uid=0 euid=0 tty=ssh ruser= rhost=47.107.91.42  user=root
2024-07-19T20:40:09.583515+00:00 serverenterprise sshd[2405]: Failed password for root from 47.107.91.42 port 40676 ssh2
2024-07-19T20:40:10.839388+00:00 serverenterprise sshd[2410]: pam_unix(sshd:auth): authentication failure; logname= uid=0 euid=0 tty=ssh ruser= rhost=49.158.80.130  user=root
2024-07-19T20:40:11.388104+00:00 serverenterprise sshd[2405]: Received disconnect from 47.107.91.42 port 40676:11: Bye Bye [preauth]
2024-07-19T20:40:11.388243+00:00 serverenterprise sshd[2405]: Disconnected from authenticating user root 47.107.91.42 port 40676 [preauth]
2024-07-19T20:40:12.457997+00:00 serverenterprise sshd[2410]: Failed password for root from 49.158.80.130 port 51394 ssh2
2024-07-19T20:40:12.759519+00:00 serverenterprise sshd[2410]: Received disconnect from 49.158.80.130 port 51394:11: Bye Bye [preauth]
2024-07-19T20:40:12.759644+00:00 serverenterprise sshd[2410]: Disconnected from authenticating user root 49.158.80.130 port 51394 [preauth]
2024-07-19T20:40:19.672336+00:00 serverenterprise sshd[2412]: pam_unix(sshd:auth): authentication failure; logname= uid=0 euid=0 tty=ssh ruser= rhost=192.3.7.103  user=root
2024-07-19T20:40:21.526571+00:00 serverenterprise sshd[2412]: Failed password for root from 192.3.7.103 port 59546 ssh2
2024-07-19T20:40:23.126789+00:00 serverenterprise sshd[2412]: Received disconnect from 192.3.7.103 port 59546:11: Bye Bye [preauth]
2024-07-19T20:40:23.126935+00:00 serverenterprise sshd[2412]: Disconnected from authenticating user root 192.3.7.103 port 59546 [preauth]
2024-07-19T20:41:00.617047+00:00 serverenterprise sshd[2414]: pam_unix(sshd:auth): authentication failure; logname= uid=0 euid=0 tty=ssh ruser= rhost=47.107.91.42  user=root
2024-07-19T20:41:02.254916+00:00 serverenterprise sshd[2416]: pam_unix(sshd:auth): authentication failure; logname= uid=0 euid=0 tty=ssh ruser= rhost=49.158.80.130  user=root
2024-07-19T20:41:02.767304+00:00 serverenterprise sshd[2414]: Failed password for root from 47.107.91.42 port 54384 ssh2
2024-07-19T20:41:04.295025+00:00 serverenterprise sshd[2414]: Received disconnect from 47.107.91.42 port 54384:11: Bye Bye [preauth]
2024-07-19T20:41:04.295211+00:00 serverenterprise sshd[2414]: Disconnected from authenticating user root 47.107.91.42 port 54384 [preauth]
2024-07-19T20:41:04.344958+00:00 serverenterprise sshd[2416]: Failed password for root from 49.158.80.130 port 38202 ssh2
2024-07-19T20:41:05.192049+00:00 serverenterprise sshd[2418]: pam_unix(sshd:auth): authentication failure; logname= uid=0 euid=0 tty=ssh ruser= rhost=192.3.7.103  user=root
2024-07-19T20:41:05.897125+00:00 serverenterprise sshd[2416]: Received disconnect from 49.158.80.130 port 38202:11: Bye Bye [preauth]
2024-07-19T20:41:05.898527+00:00 serverenterprise sshd[2416]: Disconnected from authenticating user root 49.158.80.130 port 38202 [preauth]
2024-07-19T20:41:07.363146+00:00 serverenterprise sshd[2418]: Failed password for root from 192.3.7.103 port 45866 ssh2
2024-07-19T20:41:08.646104+00:00 serverenterprise sshd[2418]: Received disconnect from 192.3.7.103 port 45866:11: Bye Bye [preauth]
2024-07-19T20:41:08.647584+00:00 serverenterprise sshd[2418]: Disconnected from authenticating user root 192.3.7.103 port 45866 [preauth]
2024-07-19T20:41:47.973862+00:00 serverenterprise sshd[2423]: Invalid user postgres from 192.3.7.103 port 60408
2024-07-19T20:41:47.979033+00:00 serverenterprise sshd[2423]: pam_unix(sshd:auth): check pass; user unknown
2024-07-19T20:41:47.979271+00:00 serverenterprise sshd[2423]: pam_unix(sshd:auth): authentication failure; logname= uid=0 euid=0 tty=ssh ruser= rhost=192.3.7.103 
2024-07-19T20:41:49.914004+00:00 serverenterprise sshd[2423]: Failed password for invalid user postgres from 192.3.7.103 port 60408 ssh2
2024-07-19T20:41:51.763471+00:00 serverenterprise sshd[2423]: Received disconnect from 192.3.7.103 port 60408:11: Bye Bye [preauth]
2024-07-19T20:41:51.763600+00:00 serverenterprise sshd[2423]: Disconnected from invalid user postgres 192.3.7.103 port 60408 [preauth]
2024-07-19T20:41:52.900397+00:00 serverenterprise sshd[2425]: pam_unix(sshd:auth): authentication failure; logname= uid=0 euid=0 tty=ssh ruser= rhost=47.107.91.42  user=root
2024-07-19T20:41:52.978209+00:00 serverenterprise sshd[2427]: pam_unix(sshd:auth): authentication failure; logname= uid=0 euid=0 tty=ssh ruser= rhost=49.158.80.130  user=root
2024-07-19T20:41:54.854813+00:00 serverenterprise sshd[2425]: Failed password for root from 47.107.91.42 port 39346 ssh2
2024-07-19T20:41:54.932672+00:00 serverenterprise sshd[2427]: Failed password for root from 49.158.80.130 port 52794 ssh2
2024-07-19T20:41:56.579600+00:00 serverenterprise sshd[2425]: Received disconnect from 47.107.91.42 port 39346:11: Bye Bye [preauth]
2024-07-19T20:41:56.579737+00:00 serverenterprise sshd[2425]: Disconnected from authenticating user root 47.107.91.42 port 39346 [preauth]
2024-07-19T20:41:56.615628+00:00 serverenterprise sshd[2427]: Received disconnect from 49.158.80.130 port 52794:11: Bye Bye [preauth]
2024-07-19T20:41:56.616589+00:00 serverenterprise sshd[2427]: Disconnected from authenticating user root 49.158.80.130 port 52794 [preauth]
2024-07-19T20:42:31.581255+00:00 serverenterprise sshd[2430]: pam_unix(sshd:auth): authentication failure; logname= uid=0 euid=0 tty=ssh ruser= rhost=192.3.7.103  user=root
2024-07-19T20:42:34.223350+00:00 serverenterprise sshd[2430]: Failed password for root from 192.3.7.103 port 46724 ssh2
2024-07-19T20:42:35.036522+00:00 serverenterprise sshd[2430]: Received disconnect from 192.3.7.103 port 46724:11: Bye Bye [preauth]
2024-07-19T20:42:35.036688+00:00 serverenterprise sshd[2430]: Disconnected from authenticating user root 192.3.7.103 port 46724 [preauth]
2024-07-19T20:42:43.911109+00:00 serverenterprise sshd[2432]: pam_unix(sshd:auth): authentication failure; logname= uid=0 euid=0 tty=ssh ruser= rhost=49.158.80.130  user=root
2024-07-19T20:42:45.297884+00:00 serverenterprise sshd[2434]: pam_unix(sshd:auth): authentication failure; logname= uid=0 euid=0 tty=ssh ruser= rhost=47.107.91.42  user=root
2024-07-19T20:42:46.201570+00:00 serverenterprise sshd[2432]: Failed password for root from 49.158.80.130 port 38942 ssh2
2024-07-19T20:42:46.860813+00:00 serverenterprise sshd[2434]: Failed password for root from 47.107.91.42 port 52924 ssh2
2024-07-19T20:42:47.252494+00:00 serverenterprise sshd[2434]: Received disconnect from 47.107.91.42 port 52924:11: Bye Bye [preauth]
2024-07-19T20:42:47.252650+00:00 serverenterprise sshd[2434]: Disconnected from authenticating user root 47.107.91.42 port 52924 [preauth]
2024-07-19T20:42:47.555789+00:00 serverenterprise sshd[2432]: Received disconnect from 49.158.80.130 port 38942:11: Bye Bye [preauth]
2024-07-19T20:42:47.556681+00:00 serverenterprise sshd[2432]: Disconnected from authenticating user root 49.158.80.130 port 38942 [preauth]
2024-07-19T20:43:13.887833+00:00 serverenterprise sshd[2436]: pam_unix(sshd:auth): authentication failure; logname= uid=0 euid=0 tty=ssh ruser= rhost=192.3.7.103  user=root
2024-07-19T20:43:15.962620+00:00 serverenterprise sshd[2436]: Failed password for root from 192.3.7.103 port 33038 ssh2
2024-07-19T20:43:17.342792+00:00 serverenterprise sshd[2436]: Received disconnect from 192.3.7.103 port 33038:11: Bye Bye [preauth]
2024-07-19T20:43:17.342933+00:00 serverenterprise sshd[2436]: Disconnected from authenticating user root 192.3.7.103 port 33038 [preauth]
2024-07-19T20:43:34.140549+00:00 serverenterprise sshd[2440]: pam_unix(sshd:auth): authentication failure; logname= uid=0 euid=0 tty=ssh ruser= rhost=49.158.80.130  user=root
2024-07-19T20:43:35.432319+00:00 serverenterprise sshd[2440]: Failed password for root from 49.158.80.130 port 53934 ssh2
2024-07-19T20:43:36.068505+00:00 serverenterprise sshd[2440]: Received disconnect from 49.158.80.130 port 53934:11: Bye Bye [preauth]
2024-07-19T20:43:36.068636+00:00 serverenterprise sshd[2440]: Disconnected from authenticating user root 49.158.80.130 port 53934 [preauth]
2024-07-19T20:43:36.249033+00:00 serverenterprise sshd[2442]: pam_unix(sshd:auth): authentication failure; logname= uid=0 euid=0 tty=ssh ruser= rhost=47.107.91.42  user=root
2024-07-19T20:43:38.149371+00:00 serverenterprise sshd[2442]: Failed password for root from 47.107.91.42 port 38024 ssh2
2024-07-19T20:43:39.930963+00:00 serverenterprise sshd[2442]: Received disconnect from 47.107.91.42 port 38024:11: Bye Bye [preauth]
2024-07-19T20:43:39.931193+00:00 serverenterprise sshd[2442]: Disconnected from authenticating user root 47.107.91.42 port 38024 [preauth]
2024-07-19T20:43:59.449891+00:00 serverenterprise sshd[2444]: Invalid user ubuntu from 192.3.7.103 port 47584
2024-07-19T20:43:59.455524+00:00 serverenterprise sshd[2444]: pam_unix(sshd:auth): check pass; user unknown
2024-07-19T20:43:59.455677+00:00 serverenterprise sshd[2444]: pam_unix(sshd:auth): authentication failure; logname= uid=0 euid=0 tty=ssh ruser= rhost=192.3.7.103 
2024-07-19T20:44:01.179339+00:00 serverenterprise sshd[2444]: Failed password for invalid user ubuntu from 192.3.7.103 port 47584 ssh2
2024-07-19T20:44:01.781928+00:00 serverenterprise sshd[2444]: Received disconnect from 192.3.7.103 port 47584:11: Bye Bye [preauth]
2024-07-19T20:44:01.782112+00:00 serverenterprise sshd[2444]: Disconnected from invalid user ubuntu 192.3.7.103 port 47584 [preauth]
2024-07-19T20:44:26.757105+00:00 serverenterprise sshd[2446]: pam_unix(sshd:auth): authentication failure; logname= uid=0 euid=0 tty=ssh ruser= rhost=47.107.91.42  user=root
2024-07-19T20:44:26.998539+00:00 serverenterprise sshd[2448]: pam_unix(sshd:auth): authentication failure; logname= uid=0 euid=0 tty=ssh ruser= rhost=49.158.80.130  user=root
2024-07-19T20:44:29.519772+00:00 serverenterprise sshd[2446]: Failed password for root from 47.107.91.42 port 51554 ssh2
2024-07-19T20:44:29.761049+00:00 serverenterprise sshd[2448]: Failed password for root from 49.158.80.130 port 39952 ssh2
2024-07-19T20:44:30.434027+00:00 serverenterprise sshd[2446]: Received disconnect from 47.107.91.42 port 51554:11: Bye Bye [preauth]
2024-07-19T20:44:30.435121+00:00 serverenterprise sshd[2446]: Disconnected from authenticating user root 47.107.91.42 port 51554 [preauth]
2024-07-19T20:44:30.642274+00:00 serverenterprise sshd[2448]: Received disconnect from 49.158.80.130 port 39952:11: Bye Bye [preauth]
2024-07-19T20:44:30.643462+00:00 serverenterprise sshd[2448]: Disconnected from authenticating user root 49.158.80.130 port 39952 [preauth]
2024-07-19T20:44:38.179228+00:00 serverenterprise sshd[2450]: pam_unix(sshd:auth): authentication failure; logname= uid=0 euid=0 tty=ssh ruser= rhost=101.126.69.104  user=root
2024-07-19T20:44:40.590257+00:00 serverenterprise sshd[2450]: Failed password for root from 101.126.69.104 port 37114 ssh2
2024-07-19T20:44:42.362250+00:00 serverenterprise sshd[2452]: pam_unix(sshd:auth): authentication failure; logname= uid=0 euid=0 tty=ssh ruser= rhost=192.3.7.103  user=root
2024-07-19T20:44:44.322016+00:00 serverenterprise sshd[2452]: Failed password for root from 192.3.7.103 port 33898 ssh2
2024-07-19T20:44:45.816974+00:00 serverenterprise sshd[2452]: Received disconnect from 192.3.7.103 port 33898:11: Bye Bye [preauth]
2024-07-19T20:44:45.817121+00:00 serverenterprise sshd[2452]: Disconnected from authenticating user root 192.3.7.103 port 33898 [preauth]
2024-07-19T20:44:59.310271+00:00 serverenterprise sshd[2450]: Received disconnect from 101.126.69.104 port 37114:11: Bye Bye [preauth]
2024-07-19T20:44:59.311738+00:00 serverenterprise sshd[2450]: Disconnected from authenticating user root 101.126.69.104 port 37114 [preauth]
2024-07-19T20:45:01.526837+00:00 serverenterprise CRON[2455]: pam_unix(cron:session): session opened for user root(uid=0) by root(uid=0)
2024-07-19T20:45:01.532536+00:00 serverenterprise CRON[2455]: pam_unix(cron:session): session closed for user root
2024-07-19T20:45:10.051309+00:00 serverenterprise sshd[2439]: Connection closed by 101.126.69.104 port 38858 [preauth]
2024-07-19T20:45:15.276088+00:00 serverenterprise sshd[2459]: pam_unix(sshd:auth): authentication failure; logname= uid=0 euid=0 tty=ssh ruser= rhost=49.158.80.130  user=root
2024-07-19T20:45:16.408883+00:00 serverenterprise sshd[2461]: Invalid user test from 47.107.91.42 port 36902
2024-07-19T20:45:16.413353+00:00 serverenterprise sshd[2461]: pam_unix(sshd:auth): check pass; user unknown
2024-07-19T20:45:16.413667+00:00 serverenterprise sshd[2461]: pam_unix(sshd:auth): authentication failure; logname= uid=0 euid=0 tty=ssh ruser= rhost=47.107.91.42 
2024-07-19T20:45:17.099747+00:00 serverenterprise sshd[2459]: Failed password for root from 49.158.80.130 port 54646 ssh2
2024-07-19T20:45:18.373349+00:00 serverenterprise sshd[2461]: Failed password for invalid user test from 47.107.91.42 port 36902 ssh2
2024-07-19T20:45:18.685917+00:00 serverenterprise sshd[2461]: Received disconnect from 47.107.91.42 port 36902:11: Bye Bye [preauth]
2024-07-19T20:45:18.686045+00:00 serverenterprise sshd[2461]: Disconnected from invalid user test 47.107.91.42 port 36902 [preauth]
2024-07-19T20:45:18.923774+00:00 serverenterprise sshd[2459]: Received disconnect from 49.158.80.130 port 54646:11: Bye Bye [preauth]
2024-07-19T20:45:18.924566+00:00 serverenterprise sshd[2459]: Disconnected from authenticating user root 49.158.80.130 port 54646 [preauth]
2024-07-19T20:45:25.973098+00:00 serverenterprise sshd[2466]: pam_unix(sshd:auth): authentication failure; logname= uid=0 euid=0 tty=ssh ruser= rhost=192.3.7.103  user=root
2024-07-19T20:45:27.837089+00:00 serverenterprise sshd[2466]: Failed password for root from 192.3.7.103 port 48446 ssh2
2024-07-19T20:45:29.429655+00:00 serverenterprise sshd[2466]: Received disconnect from 192.3.7.103 port 48446:11: Bye Bye [preauth]
2024-07-19T20:45:29.429905+00:00 serverenterprise sshd[2466]: Disconnected from authenticating user root 192.3.7.103 port 48446 [preauth]
2024-07-19T20:45:44.351207+00:00 serverenterprise sshd[2475]: Invalid user dot from 91.92.245.92 port 37900
2024-07-19T20:45:44.427694+00:00 serverenterprise sshd[2475]: pam_unix(sshd:auth): check pass; user unknown
2024-07-19T20:45:44.427964+00:00 serverenterprise sshd[2475]: pam_unix(sshd:auth): authentication failure; logname= uid=0 euid=0 tty=ssh ruser= rhost=91.92.245.92 
2024-07-19T20:45:46.567706+00:00 serverenterprise sshd[2475]: Failed password for invalid user dot from 91.92.245.92 port 37900 ssh2
2024-07-19T20:45:46.739519+00:00 serverenterprise sshd[2475]: Connection closed by invalid user dot 91.92.245.92 port 37900 [preauth]
2024-07-19T20:45:48.153337+00:00 serverenterprise sshd[2477]: Connection closed by 101.126.69.104 port 36410 [preauth]
2024-07-19T20:46:04.242942+00:00 serverenterprise sshd[2482]: Invalid user test from 49.158.80.130 port 41096
2024-07-19T20:46:04.248455+00:00 serverenterprise sshd[2482]: pam_unix(sshd:auth): check pass; user unknown
2024-07-19T20:46:04.248770+00:00 serverenterprise sshd[2482]: pam_unix(sshd:auth): authentication failure; logname= uid=0 euid=0 tty=ssh ruser= rhost=49.158.80.130 
2024-07-19T20:46:05.424083+00:00 serverenterprise sshd[2484]: pam_unix(sshd:auth): authentication failure; logname= uid=0 euid=0 tty=ssh ruser= rhost=47.107.91.42  user=root
2024-07-19T20:46:05.797049+00:00 serverenterprise sshd[2482]: Failed password for invalid user test from 49.158.80.130 port 41096 ssh2
2024-07-19T20:46:06.487571+00:00 serverenterprise sshd[2482]: Received disconnect from 49.158.80.130 port 41096:11: Bye Bye [preauth]
2024-07-19T20:46:06.487733+00:00 serverenterprise sshd[2482]: Disconnected from invalid user test 49.158.80.130 port 41096 [preauth]
2024-07-19T20:46:06.776585+00:00 serverenterprise sshd[2484]: Failed password for root from 47.107.91.42 port 50336 ssh2
2024-07-19T20:46:07.382664+00:00 serverenterprise sshd[2484]: Received disconnect from 47.107.91.42 port 50336:11: Bye Bye [preauth]
